Archive member included because of file (symbol)

c:/isystem/winideaopen9/gcc/arm/bin/../lib/gcc/arm-none-eabi/4.9.3/../../../../arm-none-eabi/lib/cortex-m7\libc.a(lib_a-assert.o)
                              D:\ITESO_GIT_Cat\workspace\Debug\pmc.o (__assert_func)
c:/isystem/winideaopen9/gcc/arm/bin/../lib/gcc/arm-none-eabi/4.9.3/../../../../arm-none-eabi/lib/cortex-m7\libc.a(lib_a-fiprintf.o)
                              c:/isystem/winideaopen9/gcc/arm/bin/../lib/gcc/arm-none-eabi/4.9.3/../../../../arm-none-eabi/lib/cortex-m7\libc.a(lib_a-assert.o) (fiprintf)
c:/isystem/winideaopen9/gcc/arm/bin/../lib/gcc/arm-none-eabi/4.9.3/../../../../arm-none-eabi/lib/cortex-m7\libc.a(lib_a-impure.o)
                              D:\ITESO_GIT_Cat\workspace\Debug\dbg_console.o (_impure_ptr)
c:/isystem/winideaopen9/gcc/arm/bin/../lib/gcc/arm-none-eabi/4.9.3/../../../../arm-none-eabi/lib/cortex-m7\libc.a(lib_a-memcpy.o)
                              D:\ITESO_GIT_Cat\workspace\Debug\board_memories.o (memcpy)
c:/isystem/winideaopen9/gcc/arm/bin/../lib/gcc/arm-none-eabi/4.9.3/../../../../arm-none-eabi/lib/cortex-m7\libc.a(lib_a-printf.o)
                              D:\ITESO_GIT_Cat\workspace\Debug\dbg_console.o (printf)
c:/isystem/winideaopen9/gcc/arm/bin/../lib/gcc/arm-none-eabi/4.9.3/../../../../arm-none-eabi/lib/cortex-m7\libc.a(lib_a-putchar.o)
                              D:\ITESO_GIT_Cat\workspace\Debug\dbg_console.o (putchar)
c:/isystem/winideaopen9/gcc/arm/bin/../lib/gcc/arm-none-eabi/4.9.3/../../../../arm-none-eabi/lib/cortex-m7\libc.a(lib_a-setvbuf.o)
                              D:\ITESO_GIT_Cat\workspace\Debug\dbg_console.o (setvbuf)
c:/isystem/winideaopen9/gcc/arm/bin/../lib/gcc/arm-none-eabi/4.9.3/../../../../arm-none-eabi/lib/cortex-m7\libc.a(lib_a-vfiprintf.o)
                              c:/isystem/winideaopen9/gcc/arm/bin/../lib/gcc/arm-none-eabi/4.9.3/../../../../arm-none-eabi/lib/cortex-m7\libc.a(lib_a-fiprintf.o) (_vfiprintf_r)
c:/isystem/winideaopen9/gcc/arm/bin/../lib/gcc/arm-none-eabi/4.9.3/../../../../arm-none-eabi/lib/cortex-m7\libc.a(lib_a-vfprintf.o)
                              c:/isystem/winideaopen9/gcc/arm/bin/../lib/gcc/arm-none-eabi/4.9.3/../../../../arm-none-eabi/lib/cortex-m7\libc.a(lib_a-printf.o) (_vfprintf_r)
c:/isystem/winideaopen9/gcc/arm/bin/../lib/gcc/arm-none-eabi/4.9.3/../../../../arm-none-eabi/lib/cortex-m7\libc.a(lib_a-wsetup.o)
                              c:/isystem/winideaopen9/gcc/arm/bin/../lib/gcc/arm-none-eabi/4.9.3/../../../../arm-none-eabi/lib/cortex-m7\libc.a(lib_a-vfiprintf.o) (__swsetup_r)
c:/isystem/winideaopen9/gcc/arm/bin/../lib/gcc/arm-none-eabi/4.9.3/../../../../arm-none-eabi/lib/cortex-m7\libc.a(lib_a-abort.o)
                              c:/isystem/winideaopen9/gcc/arm/bin/../lib/gcc/arm-none-eabi/4.9.3/../../../../arm-none-eabi/lib/cortex-m7\libc.a(lib_a-assert.o) (abort)
c:/isystem/winideaopen9/gcc/arm/bin/../lib/gcc/arm-none-eabi/4.9.3/../../../../arm-none-eabi/lib/cortex-m7\libc.a(lib_a-dtoa.o)
                              c:/isystem/winideaopen9/gcc/arm/bin/../lib/gcc/arm-none-eabi/4.9.3/../../../../arm-none-eabi/lib/cortex-m7\libc.a(lib_a-vfprintf.o) (_dtoa_r)
c:/isystem/winideaopen9/gcc/arm/bin/../lib/gcc/arm-none-eabi/4.9.3/../../../../arm-none-eabi/lib/cortex-m7\libc.a(lib_a-fflush.o)
                              c:/isystem/winideaopen9/gcc/arm/bin/../lib/gcc/arm-none-eabi/4.9.3/../../../../arm-none-eabi/lib/cortex-m7\libc.a(lib_a-setvbuf.o) (_fflush_r)
c:/isystem/winideaopen9/gcc/arm/bin/../lib/gcc/arm-none-eabi/4.9.3/../../../../arm-none-eabi/lib/cortex-m7\libc.a(lib_a-findfp.o)
                              c:/isystem/winideaopen9/gcc/arm/bin/../lib/gcc/arm-none-eabi/4.9.3/../../../../arm-none-eabi/lib/cortex-m7\libc.a(lib_a-setvbuf.o) (_cleanup_r)
c:/isystem/winideaopen9/gcc/arm/bin/../lib/gcc/arm-none-eabi/4.9.3/../../../../arm-none-eabi/lib/cortex-m7\libc.a(lib_a-fputwc.o)
                              c:/isystem/winideaopen9/gcc/arm/bin/../lib/gcc/arm-none-eabi/4.9.3/../../../../arm-none-eabi/lib/cortex-m7\libc.a(lib_a-vfiprintf.o) (_fputwc_r)
c:/isystem/winideaopen9/gcc/arm/bin/../lib/gcc/arm-none-eabi/4.9.3/../../../../arm-none-eabi/lib/cortex-m7\libc.a(lib_a-freer.o)
                              c:/isystem/winideaopen9/gcc/arm/bin/../lib/gcc/arm-none-eabi/4.9.3/../../../../arm-none-eabi/lib/cortex-m7\libc.a(lib_a-setvbuf.o) (_free_r)
c:/isystem/winideaopen9/gcc/arm/bin/../lib/gcc/arm-none-eabi/4.9.3/../../../../arm-none-eabi/lib/cortex-m7\libc.a(lib_a-fvwrite.o)
                              c:/isystem/winideaopen9/gcc/arm/bin/../lib/gcc/arm-none-eabi/4.9.3/../../../../arm-none-eabi/lib/cortex-m7\libc.a(lib_a-vfiprintf.o) (__sfvwrite_r)
c:/isystem/winideaopen9/gcc/arm/bin/../lib/gcc/arm-none-eabi/4.9.3/../../../../arm-none-eabi/lib/cortex-m7\libc.a(lib_a-fwalk.o)
[...]
Memory Configuration

Name             Origin             Length             Attributes
rom              0x00400000         0x00200000         xr
ram              0x20400000         0x00050000         xrw
ram_heap         0x20450000         0x00010000         xrw
sdram            0x70000000         0x00200000         xrw
*default*        0x00000000         0xffffffff

Linker script and memory map

LOAD D:\ITESO_GIT_Cat\workspace\Debug\dbg_console.o
LOAD D:\ITESO_GIT_Cat\workspace\Debug\board_lowlevel.o
LOAD D:\ITESO_GIT_Cat\workspace\Debug\board_memories.o
LOAD D:\ITESO_GIT_Cat\workspace\Debug\MemAlloc.o
LOAD D:\ITESO_GIT_Cat\workspace\Debug\exceptions.o
LOAD D:\ITESO_GIT_Cat\workspace\Debug\pio.o
LOAD D:\ITESO_GIT_Cat\workspace\Debug\mpu.o
LOAD D:\ITESO_GIT_Cat\workspace\Debug\pmc.o
LOAD D:\ITESO_GIT_Cat\workspace\Debug\uart.o
LOAD D:\ITESO_GIT_Cat\workspace\Debug\wdt.o
LOAD D:\ITESO_GIT_Cat\workspace\Debug\pio_it.o
LOAD D:\ITESO_GIT_Cat\workspace\Debug\supc.o
LOAD D:\ITESO_GIT_Cat\workspace\Debug\tc.o
LOAD D:\ITESO_GIT_Cat\workspace\Debug\xdma_hardware_interface.o
LOAD D:\ITESO_GIT_Cat\workspace\Debug\xdmac.o
LOAD D:\ITESO_GIT_Cat\workspace\Debug\xdmad.o
LOAD D:\ITESO_GIT_Cat\workspace\Debug\fpu.o
LOAD D:\ITESO_GIT_Cat\workspace\Debug\twihs.o
LOAD D:\ITESO_GIT_Cat\workspace\Debug\mcan.o
LOAD D:\ITESO_GIT_Cat\workspace\Debug\syscalls.o
LOAD D:\ITESO_GIT_Cat\workspace\Debug\system_sam.o
LOAD D:\ITESO_GIT_Cat\workspace\Debug\timetick.o
LOAD D:\ITESO_GIT_Cat\workspace\Debug\app_scheduler.o
LOAD D:\ITESO_GIT_Cat\workspace\Debug\Tasks.o
LOAD D:\ITESO_GIT_Cat\workspace\Debug\sysclk.o
LOAD D:\ITESO_GIT_Cat\workspace\Debug\CanNm.o
LOAD D:\ITESO_GIT_Cat\workspace\Debug\led.o
LOAD D:\ITESO_GIT_Cat\workspace\Debug\SHT.o
LOAD D:\ITESO_GIT_Cat\workspace\Debug\CanIf.o
LOAD D:\ITESO_GIT_Cat\workspace\Debug\CanIf_Cfg.o
LOAD D:\ITESO_GIT_Cat\workspace\Debug\main.o
LOAD D:\ITESO_GIT_Cat\workspace\Debug\SensingEnvironment.o
LOAD D:\ITESO_GIT_Cat\workspace\Debug\startup_sam.o
                0x00002000                STACK_SIZE = DEFINED (STACK_SIZE)?STACK_SIZE:0x2000
                0x00001000                HEAP_SIZE = DEFINED (HEAP_SIZE)?HEAP_SIZE:0x1000
                0x00010000                MY_HEAP_SIZE = DEFINED (MY_HEAP_SIZE)?MY_HEAP_SIZE:0x10000

.text           0x00400000     0xb1c8
                0x00400000                . = ALIGN (0x4)
                0x00400000                _sfixed = .
 *(.vectors .vectors.*)
 .vectors       0x00400000      0x140 D:\ITESO_GIT_Cat\workspace\Debug\startup_sam.o
                0x00400000                exception_table
 *(.text .text.* .gnu.linkonce.t.*)
 .text          0x00400140      0x56c D:\ITESO_GIT_Cat\workspace\Debug\dbg_console.o
                0x00400140                DBG_Configure
                0x004001f0                DBG_PutChar
                0x00400244                DBG_GetChar
                0x00400288                DBG_IsRxReady
                0x004002c0                DBG_DumpFrame
                0x00400304                DBG_DumpMemory
                0x00400468                DBG_GetInteger
                0x00400538                DBG_GetIntegerMinMax
                0x00400598                DBG_GetHexa32
                0x00400640                puts
                0x0040066c                gets
 .text          0x004006ac      0x19c D:\ITESO_GIT_Cat\workspace\Debug\board_lowlevel.o
                0x004006ac                _SetupMemoryRegion
                0x00400838                LowLevelInit
 .text          0x00400848       0xac D:\ITESO_GIT_Cat\workspace\Debug\MemAlloc.o
                0x00400848                MemAllocInit
                0x00400888                MemAlloc
 .text          0x004008f4       0xe8 D:\ITESO_GIT_Cat\workspace\Debug\exceptions.o
                0x004008f4                NMI_Handler
                0x0040097c                HardFault_Handler
                0x00400990                MemManage_Handler
                0x004009a8                BusFault_Handler
                0x004009c4                UsageFault_Handler
 .text          0x004009dc      0x540 D:\ITESO_GIT_Cat\workspace\Debug\pio.o
                0x00400c4c                PIO_Configure
                0x00400db0                PIO_Set
                0x00400dcc                PIO_Clear
                0x00400de8                PIO_Get
                0x00400e30                PIO_GetOutputDataStatus
                0x00400e5c                PIO_SetDebounceFilter
                0x00400e98                PIO_EnableWriteProtect
                0x00400ebc                PIO_DisableWriteProtect
                0x00400ee0                PIO_GetWriteProtectViolationInfo
                0x00400f00                PIO_SetPinType
 .text          0x00400f1c       0xf0 D:\ITESO_GIT_Cat\workspace\Debug\mpu.o
                0x00400f1c                MPU_Enable
                0x00400f38                MPU_SetRegionNum
                0x00400f54                MPU_DisableRegion
                0x00400f70                MPU_SetRegion
                0x00400f94                MPU_CalMPURegionSize
                0x00400fd4                MPU_UpdateRegions
 .text          0x0040100c      0x76c D:\ITESO_GIT_Cat\workspace\Debug\pmc.o
                0x004010e0                PMC_EnablePeripheral
                0x00401170                PMC_DisablePeripheral
                0x00401200                PMC_EnableAllPeripherals
                0x00401240                PMC_DisableAllPeripherals
                0x0040127c                PMC_IsPeriphEnabled
                0x004012d8                PMC_EnableExtOsc
                0x00401354                PMC_DisableExtOsc
                0x00401390                PMC_SelectExtOsc
                0x004013fc                PMC_SelectExtBypassOsc
                0x00401468                PMC_EnableIntRC4_8_12MHz
                0x004014f4                PMC_DisableIntRC4_8_12MHz
                0x00401538                PMC_SetPllaClock
                0x00401590                PMC_SetMckSelection
                0x004015d4                PMC_DisableAllClocks
                0x00401624                PMC_ConfigureMckWithPlla
                0x0040165c                PMC_EnableXT32KFME
                0x00401688                PMC_ConfigurePCK0
                0x004016d8                PMC_ConfigurePCK1
                0x00401728                PMC_ConfigurePCK2
 .text          0x00401778       0xa8 D:\ITESO_GIT_Cat\workspace\Debug\wdt.o
                0x00401778                WDT_Enable
                0x00401794                WDT_Disable
                0x004017b0                WDT_Restart
                0x004017cc                WDT_GetStatus
                0x004017e8                WDT_GetPeriod
 .text          0x00401820      0x4ac D:\ITESO_GIT_Cat\workspace\Debug\pio_it.o
                0x0040190c                PioInterruptHandler
                0x004019bc                PIOA_Handler_0
                0x004019d0                PIOB_Handler
                0x004019e4                PIOC_Handler
                0x004019f8                PIOD_Handler
                0x00401a0c                PIOE_Handler
                0x00401a20                PIO_InitializeInterrupts
                0x00401b28                PIO_ConfigureIt
                0x00401c04                PIO_EnableIt
                0x00401c94                PIO_DisableIt
 .text          0x00401ccc       0xa0 D:\ITESO_GIT_Cat\workspace\Debug\fpu.o
                0x00401d3c                vfnFpu_enable
 .text          0x00401d6c      0xc0c D:\ITESO_GIT_Cat\workspace\Debug\mcan.o
                0x00401e68                MCAN_Init
                0x00402134                MCAN_InitFdEnable
                0x00402160                MCAN_InitFdBitRateSwitchEnable
                0x0040218c                MCAN_InitLoopback
                0x004021bc                MCAN_InitTxQueue
                0x004021e4                MCAN_Enable
                0x00402208                MCAN_RequestIso11898_1
                0x00402244                MCAN_RequestFd
                0x0040228c                MCAN_RequestFdBitRateSwitch
                0x004022d8                MCAN_LoopbackOn
                0x004022fc                MCAN_LoopbackOff
                0x00402320                MCAN_IEnableMessageStoredToRxDedBuffer
                0x00402388                MCAN_ConfigTxDedBuffer
                0x00402424                MCAN_SendTxDedBuffer
                0x0040245c                MCAN_AddToTxFifoQ
                0x0040254c                MCAN_IsBufferTxd
                0x00402580                MCAN_ConfigRxBufferFilter
                0x00402610                MCAN_ConfigRxClassicFilter
                0x004026ec                MCAN_IsNewDataInRxDedBuffer
                0x0040274c                MCAN_GetRxDedBuffer
                0x00402840                MCAN_GetRxFifoBuffer
 .text          0x00402978      0x164 D:\ITESO_GIT_Cat\workspace\Debug\syscalls.o
                0x00402978                _sbrk
                0x004029b8                link
                0x004029d4                _close
                0x004029ec                _fstat
                0x00402a0c                _isatty
                0x00402a24                _lseek
                0x00402a40                _read
                0x00402a5c                _write
                0x00402a98                _exit
                0x00402ab0                _kill
                0x00402ac8                _getpid
 .text          0x00402adc      0x378 D:\ITESO_GIT_Cat\workspace\Debug\system_sam.o
                0x00402adc                SystemInit
                0x00402be8                SystemCoreClockUpdate
                0x00402d50                system_init_flash
                0x00402de4                sysclk_enable_usb
                0x00402e20                sysclk_disable_usb
 .text          0x00402e54      0x33c D:\ITESO_GIT_Cat\workspace\Debug\timetick.o
                0x00402eec                SysTick_Handler
                0x00402f74                SetTimeEvent
                0x00402f90                TimeTick_Configure
                0x00403050                GetDelayInTicks
                0x0040309c                GetTicks
                0x004030d0                Wait
                0x00403130                Sleep
 .text          0x00403190      0x26c D:\ITESO_GIT_Cat\workspace\Debug\app_scheduler.o
                0x00403190                vfnScheduler_Callback
                0x004032bc                vfnScheduler_Init
                0x00403340                vfnScheduler_Start
                0x0040335c                vfnScheduler_Stop
                0x00403374                vfnTask_Scheduler
 .text          0x004033fc       0xb4 D:\ITESO_GIT_Cat\workspace\Debug\Tasks.o
                0x004033fc                vfnTsk_Init
                0x00403408                vfnTsk_1ms
                0x00403414                vfnTsk_2msA
                0x00403420                vfnTsk_2msB
                0x0040342c                vfnTsk_10ms
                0x00403458                vfnTsk_50ms
                0x00403464                vfnTsk_100ms
 .text          0x004034b0       0x28 D:\ITESO_GIT_Cat\workspace\Debug\CanNm.o
                0x004034b0                CanNm_Tx
 .text          0x004034d8      0x168 D:\ITESO_GIT_Cat\workspace\Debug\led.o
                0x004034d8                LED_Configure
                0x00403510                LED_Set
                0x00403574                LED_Clear
                0x004035d8                LED_Toggle
 .text          0x00403640      0x978 D:\ITESO_GIT_Cat\workspace\Debug\SHT.o
                0x0040372c                ComPins_Configure
                0x00403758                PIN_Set
                0x004037f0                PIN_Clear
                0x00403888                PIN_MakeInputSDA
                0x0040391c                PIN_MakeOutputSDA
                0x00403970                PIOA_Handler
                0x004039ec                SHT_Init
                0x00403a30                SHT_ObtainTemp
                0x00403a84                SHT_ObtainRH
                0x00403b7c                SHT_CalculateDP
                0x00403b8c                GetData
                0x00403ba8                SHT_ReadTemperatureRaw
                0x00403bec                SHT_ReadHumidityRaw
                0x00403c08                s_delay_2_us
                0x00403c18                TransmitStart
                0x00403c6c                ReadValueFn
                0x00403d94                SwapData
                0x00403e38                SendCommand
                0x00403e9c                ReadTemperature
                0x00403f00                ReadHumidity
                0x00403f7c                RST_Connection
 .text          0x00403fb8      0x11c D:\ITESO_GIT_Cat\workspace\Debug\CanIf.o
                0x00403fb8                CanIf_Init
                0x00404044                CanIf_Transmit
                0x004040a8                CanIf_Receive
 .text          0x004040d4       0xc4 D:\ITESO_GIT_Cat\workspace\Debug\main.o
                0x004040fc                main
 .text          0x00404198      0x16c D:\ITESO_GIT_Cat\workspace\Debug\SensingEnvironment.o
                0x00404198                SensEnv_Init
                0x004041ac                Process_Sensing_Env
                0x00404240                get_Temp
                0x00404264                get_RH
                0x00404288                Calculate_DP
                0x004042ac                Send_Results
 .text          0x00404304       0xe0 D:\ITESO_GIT_Cat\workspace\Debug\startup_sam.o
                0x00404344                Reset_Handler
                0x004043dc                DebugMon_Handler
                0x004043dc                UART3_Handler
                0x004043dc                UART2_Handler
                0x004043dc                TRNG_Handler
                0x004043dc                TC2_Handler
                0x004043dc                AFEC1_Handler
                0x004043dc                PendSV_Handler
                0x004043dc                TC7_Handler
                0x004043dc                QSPI_Handler
                0x004043dc                ISI_Handler
                0x004043dc                TC9_Handler
                0x004043dc                RSWDT_Handler
                0x004043dc                MCAN1_Handler
                0x004043dc                USART0_Handler
                0x004043dc                RTT_Handler
                0x004043dc                USBHS_Handler
                0x004043dc                CCF_Handler
                0x004043dc                RTC_Handler
                0x004043dc                TC6_Handler
                0x004043dc                WDT_Handler
                0x004043dc                TC4_Handler
                0x004043dc                TC1_Handler
                0x004043dc                HSMCI_Handler
                0x004043dc                UART1_Handler
                0x004043dc                DACC_Handler
                0x004043dc                TC3_Handler
                0x004043dc                Dummy_Handler
                0x004043dc                TWIHS1_Handler
                0x004043dc                XDMAC_Handler
                0x004043dc                UART4_Handler
                0x004043dc                PWM1_Handler
                0x004043dc                USART1_Handler
                0x004043dc                PWM0_Handler
                0x004043dc                AFEC0_Handler
                0x004043dc                CCW_Handler
                0x004043dc                TC11_Handler
                0x004043dc                SSC_Handler
                0x004043dc                ACC_Handler
                0x004043dc                PMC_Handler
                0x004043dc                GMAC_Handler
                0x004043dc                SUPC_Handler
                0x004043dc                SVC_Handler
                0x004043dc                TC8_Handler
                0x004043dc                GMACQ2_Handler
                0x004043dc                EFC_Handler
                0x004043dc                USART2_Handler
                0x004043dc                SDRAMC_Handler
                0x004043dc                SPI1_Handler
                0x004043dc                MCAN0_Handler
                0x004043dc                TC10_Handler
                0x004043dc                TWIHS2_Handler
                0x004043dc                MLB_Handler
                0x004043dc                UART0_Handler
                0x004043dc                GMACQ1_Handler
                0x004043dc                MCAN1_Line1_Handler
                0x004043dc                FPU_Handler
                0x004043dc                RSTC_Handler
                0x004043dc                TC0_Handler
                0x004043dc                MCAN0_Line1_Handler
                0x004043dc                TC5_Handler
                0x004043dc                AES_Handler
                0x004043dc                ICM_Handler
                0x004043dc                TWIHS0_Handler
                0x004043dc                SPI0_Handler
 .text.__assert_func
                0x004043e4       0x3c c:/isystem/winideaopen9/gcc/arm/bin/../lib/gcc/arm-none-eabi/4.9.3/../../../../arm-none-eabi/lib/cortex-m7\libc.a(lib_a-assert.o)
                0x004043e4                __assert_func
 .text.fiprintf
                0x00404420       0x28 c:/isystem/winideaopen9/gcc/arm/bin/../lib/gcc/arm-none-eabi/4.9.3/../../../../arm-none-eabi/lib/cortex-m7\libc.a(lib_a-fiprintf.o)
                0x00404420                fiprintf
 .text          0x00404448      0x134 c:/isystem/winideaopen9/gcc/arm/bin/../lib/gcc/arm-none-eabi/4.9.3/../../../../arm-none-eabi/lib/cortex-m7\libc.a(lib_a-memcpy.o)
                0x00404448                memcpy
 .text.printf   0x0040457c       0x28 c:/isystem/winideaopen9/gcc/arm/bin/../lib/gcc/arm-none-eabi/4.9.3/../../../../arm-none-eabi/lib/cortex-m7\libc.a(lib_a-printf.o)
                0x0040457c                printf
 .text.putchar  0x004045a4       0x10 c:/isystem/winideaopen9/gcc/arm/bin/../lib/gcc/arm-none-eabi/4.9.3/../../../../arm-none-eabi/lib/cortex-m7\libc.a(lib_a-putchar.o)
                0x004045a4                putchar
 .text.setvbuf  0x004045b4       0xfc c:/isystem/winideaopen9/gcc/arm/bin/../lib/gcc/arm-none-eabi/4.9.3/../../../../arm-none-eabi/lib/cortex-m7\libc.a(lib_a-setvbuf.o)
                0x004045b4                setvbuf
 .text.__sprint_r.part.0
                0x004046b0       0x78 c:/isystem/winideaopen9/gcc/arm/bin/../lib/gcc/arm-none-eabi/4.9.3/../../../../arm-none-eabi/lib/cortex-m7\libc.a(lib_a-vfiprintf.o)
 .text.__sprint_r
                0x00404728       0x18 c:/isystem/winideaopen9/gcc/arm/bin/../lib/gcc/arm-none-eabi/4.9.3/../../../../arm-none-eabi/lib/cortex-m7\libc.a(lib_a-vfiprintf.o)
                0x00404728                __sprint_r
 .text._vfiprintf_r
                0x00404740      0xbf4 c:/isystem/winideaopen9/gcc/arm/bin/../lib/gcc/arm-none-eabi/4.9.3/../../../../arm-none-eabi/lib/cortex-m7\libc.a(lib_a-vfiprintf.o)
                0x00404740                _vfiprintf_r
 .text.__sbprintf
                0x00405334       0x80 c:/isystem/winideaopen9/gcc/arm/bin/../lib/gcc/arm-none-eabi/4.9.3/../../../../arm-none-eabi/lib/cortex-m7\libc.a(lib_a-vfiprintf.o)
 .text._vfprintf_r
                0x004053b4     0x1554 c:/isystem/winideaopen9/gcc/arm/bin/../lib/gcc/arm-none-eabi/4.9.3/../../../../arm-none-eabi/lib/cortex-m7\libc.a(lib_a-vfprintf.o)
                0x004053b4                _vfprintf_r
 .text.__sbprintf
                0x00406908       0x80 c:/isystem/winideaopen9/gcc/arm/bin/../lib/gcc/arm-none-eabi/4.9.3/../../../../arm-none-eabi/lib/cortex-m7\libc.a(lib_a-vfprintf.o)
 .text.__swsetup_r
                0x00406988       0xc4 c:/isystem/winideaopen9/gcc/arm/bin/../lib/gcc/arm-none-eabi/4.9.3/../../../../arm-none-eabi/lib/cortex-m7\libc.a(lib_a-wsetup.o)
                0x00406988                __swsetup_r
 .text.abort    0x00406a4c       0x10 c:/isystem/winideaopen9/gcc/arm/bin/../lib/gcc/arm-none-eabi/4.9.3/../../../../arm-none-eabi/lib/cortex-m7\libc.a(lib_a-abort.o)
                0x00406a4c                abort
 .text.quorem   0x00406a5c      0x140 c:/isystem/winideaopen9/gcc/arm/bin/../lib/gcc/arm-none-eabi/4.9.3/../../../../arm-none-eabi/lib/cortex-m7\libc.a(lib_a-dtoa.o)
 *fill*         0x00406b9c        0x4 
 .text._dtoa_r  0x00406ba0      0xee8 c:/isystem/winideaopen9/gcc/arm/bin/../lib/gcc/arm-none-eabi/4.9.3/../../../../arm-none-eabi/lib/cortex-m7\libc.a(lib_a-dtoa.o)
                0x00406ba0                _dtoa_r
 .text.__sflush_r
                0x00407a88      0x148 c:/isystem/winideaopen9/gcc/arm/bin/../lib/gcc/arm-none-eabi/4.9.3/../../../../arm-none-eabi/lib/cortex-m7\libc.a(lib_a-fflush.o)
                0x00407a88                __sflush_r
 .text._fflush_r
                0x00407bd0       0x2c c:/isystem/winideaopen9/gcc/arm/bin/../lib/gcc/arm-none-eabi/4.9.3/../../../../arm-none-eabi/lib/cortex-m7\libc.a(lib_a-fflush.o)
                0x00407bd0                _fflush_r
 .text._cleanup_r
                0x00407bfc        0xc c:/isystem/winideaopen9/gcc/arm/bin/../lib/gcc/arm-none-eabi/4.9.3/../../../../arm-none-eabi/lib/cortex-m7\libc.a(lib_a-findfp.o)
                0x00407bfc                _cleanup_r
 .text.__sinit.part.1
                0x00407c08       0xfc c:/isystem/winideaopen9/gcc/arm/bin/../lib/gcc/arm-none-eabi/4.9.3/../../../../arm-none-eabi/lib/cortex-m7\libc.a(lib_a-findfp.o)
 .text.__sinit  0x00407d04        0xc c:/isystem/winideaopen9/gcc/arm/bin/../lib/gcc/arm-none-eabi/4.9.3/../../../../arm-none-eabi/lib/cortex-m7\libc.a(lib_a-findfp.o)
                0x00407d04                __sinit
 .text.__sfp_lock_acquire
                0x00407d10        0x4 c:/isystem/winideaopen9/gcc/arm/bin/../lib/gcc/arm-none-eabi/4.9.3/../../../../arm-none-eabi/lib/cortex-m7\libc.a(lib_a-findfp.o)
                0x00407d10                __sfp_lock_acquire
 .text.__sfp_lock_release
                0x00407d14        0x4 c:/isystem/winideaopen9/gcc/arm/bin/../lib/gcc/arm-none-eabi/4.9.3/../../../../arm-none-eabi/lib/cortex-m7\libc.a(lib_a-findfp.o)
                0x00407d14                __sfp_lock_release
 .text.__fputwc
                0x00407d18       0xb0 c:/isystem/winideaopen9/gcc/arm/bin/../lib/gcc/arm-none-eabi/4.9.3/../../../../arm-none-eabi/lib/cortex-m7\libc.a(lib_a-fputwc.o)
                0x00407d18                __fputwc
 .text._fputwc_r
                0x00407dc8       0x24 c:/isystem/winideaopen9/gcc/arm/bin/../lib/gcc/arm-none-eabi/4.9.3/../../../../arm-none-eabi/lib/cortex-m7\libc.a(lib_a-fputwc.o)
                0x00407dc8                _fputwc_r
 .text._malloc_trim_r
                0x00407dec       0x9c c:/isystem/winideaopen9/gcc/arm/bin/../lib/gcc/arm-none-eabi/4.9.3/../../../../arm-none-eabi/lib/cortex-m7\libc.a(lib_a-freer.o)
                0x00407dec                _malloc_trim_r
 .text._free_r  0x00407e88      0x1b0 c:/isystem/winideaopen9/gcc/arm/bin/../lib/gcc/arm-none-eabi/4.9.3/../../../../arm-none-eabi/lib/cortex-m7\libc.a(lib_a-freer.o)
                0x00407e88                _free_r
 .text.__sfvwrite_r
                0x00408038      0x324 c:/isystem/winideaopen9/gcc/arm/bin/../lib/gcc/arm-none-eabi/4.9.3/../../../../arm-none-eabi/lib/cortex-m7\libc.a(lib_a-fvwrite.o)
                0x00408038                __sfvwrite_r
 .text._fwalk_reent
                0x0040835c       0x50 c:/isystem/winideaopen9/gcc/arm/bin/../lib/gcc/arm-none-eabi/4.9.3/../../../../arm-none-eabi/lib/cortex-m7\libc.a(lib_a-fwalk.o)
                0x0040835c                _fwalk_reent
 .text.__locale_charset
                0x004083ac        0x8 c:/isystem/winideaopen9/gcc/arm/bin/../lib/gcc/arm-none-eabi/4.9.3/../../../../arm-none-eabi/lib/cortex-m7\libc.a(lib_a-locale.o)
                0x004083ac                __locale_charset
 .text.__locale_mb_cur_max
                0x004083b4        0xc c:/isystem/winideaopen9/gcc/arm/bin/../lib/gcc/arm-none-eabi/4.9.3/../../../../arm-none-eabi/lib/cortex-m7\libc.a(lib_a-locale.o)
                0x004083b4                __locale_mb_cur_max
 .text._localeconv_r
                0x004083c0        0x8 c:/isystem/winideaopen9/gcc/arm/bin/../lib/gcc/arm-none-eabi/4.9.3/../../../../arm-none-eabi/lib/cortex-m7\libc.a(lib_a-locale.o)
                0x004083c0                _localeconv_r
 .text.__smakebuf_r
                0x004083c8       0xe4 c:/isystem/winideaopen9/gcc/arm/bin/../lib/gcc/arm-none-eabi/4.9.3/../../../../arm-none-eabi/lib/cortex-m7\libc.a(lib_a-makebuf.o)
                0x004083c8                __smakebuf_r
 .text.malloc   0x004084ac       0x10 c:/isystem/winideaopen9/gcc/arm/bin/../lib/gcc/arm-none-eabi/4.9.3/../../../../arm-none-eabi/lib/cortex-m7\libc.a(lib_a-malloc.o)
                0x004084ac                malloc
 .text._malloc_r
                0x004084bc      0x558 c:/isystem/winideaopen9/gcc/arm/bin/../lib/gcc/arm-none-eabi/4.9.3/../../../../arm-none-eabi/lib/cortex-m7\libc.a(lib_a-mallocr.o)
                0x004084bc                _malloc_r
 .text.memchr   0x00408a14       0x90 c:/isystem/winideaopen9/gcc/arm/bin/../lib/gcc/arm-none-eabi/4.9.3/../../../../arm-none-eabi/lib/cortex-m7\libc.a(lib_a-memchr.o)
                0x00408a14                memchr
 .text.memmove  0x00408aa4       0xc4 c:/isystem/winideaopen9/gcc/arm/bin/../lib/gcc/arm-none-eabi/4.9.3/../../../../arm-none-eabi/lib/cortex-m7\libc.a(lib_a-memmove.o)
                0x00408aa4                memmove
 .text.memset   0x00408b68       0xa0 c:/isystem/winideaopen9/gcc/arm/bin/../lib/gcc/arm-none-eabi/4.9.3/../../../../arm-none-eabi/lib/cortex-m7\libc.a(lib_a-memset.o)
                0x00408b68                memset
 .text.__malloc_lock
                0x00408c08        0x4 c:/isystem/winideaopen9/gcc/arm/bin/../lib/gcc/arm-none-eabi/4.9.3/../../../../arm-none-eabi/lib/cortex-m7\libc.a(lib_a-mlock.o)
                0x00408c08                __malloc_lock
 .text.__malloc_unlock
                0x00408c0c        0x4 c:/isystem/winideaopen9/gcc/arm/bin/../lib/gcc/arm-none-eabi/4.9.3/../../../../arm-none-eabi/lib/cortex-m7\libc.a(lib_a-mlock.o)
                0x00408c0c                __malloc_unlock
 .text._Balloc  0x00408c10       0x50 c:/isystem/winideaopen9/gcc/arm/bin/../lib/gcc/arm-none-eabi/4.9.3/../../../../arm-none-eabi/lib/cortex-m7\libc.a(lib_a-mprec.o)
                0x00408c10                _Balloc
 .text._Bfree   0x00408c60       0x14 c:/isystem/winideaopen9/gcc/arm/bin/../lib/gcc/arm-none-eabi/4.9.3/../../../../arm-none-eabi/lib/cortex-m7\libc.a(lib_a-mprec.o)
                0x00408c60                _Bfree
 .text.__multadd
                0x00408c74       0x84 c:/isystem/winideaopen9/gcc/arm/bin/../lib/gcc/arm-none-eabi/4.9.3/../../../../arm-none-eabi/lib/cortex-m7\libc.a(lib_a-mprec.o)
                0x00408c74                __multadd
 .text.__hi0bits
                0x00408cf8       0x44 c:/isystem/winideaopen9/gcc/arm/bin/../lib/gcc/arm-none-eabi/4.9.3/../../../../arm-none-eabi/lib/cortex-m7\libc.a(lib_a-mprec.o)
                0x00408cf8                __hi0bits
 .text.__lo0bits
                0x00408d3c       0x64 c:/isystem/winideaopen9/gcc/arm/bin/../lib/gcc/arm-none-eabi/4.9.3/../../../../arm-none-eabi/lib/cortex-m7\libc.a(lib_a-mprec.o)
                0x00408d3c                __lo0bits
 .text.__i2b    0x00408da0       0x14 c:/isystem/winideaopen9/gcc/arm/bin/../lib/gcc/arm-none-eabi/4.9.3/../../../../arm-none-eabi/lib/cortex-m7\libc.a(lib_a-mprec.o)
                0x00408da0                __i2b
 .text.__multiply
                0x00408db4      0x144 c:/isystem/winideaopen9/gcc/arm/bin/../lib/gcc/arm-none-eabi/4.9.3/../../../../arm-none-eabi/lib/cortex-m7\libc.a(lib_a-mprec.o)
                0x00408db4                __multiply
 .text.__pow5mult
                0x00408ef8       0xa0 c:/isystem/winideaopen9/gcc/arm/bin/../lib/gcc/arm-none-eabi/4.9.3/../../../../arm-none-eabi/lib/cortex-m7\libc.a(lib_a-mprec.o)
                0x00408ef8                __pow5mult
 .text.__lshift
                0x00408f98       0xb4 c:/isystem/winideaopen9/gcc/arm/bin/../lib/gcc/arm-none-eabi/4.9.3/../../../../arm-none-eabi/lib/cortex-m7\libc.a(lib_a-mprec.o)
                0x00408f98                __lshift
 .text.__mcmp   0x0040904c       0x48 c:/isystem/winideaopen9/gcc/arm/bin/../lib/gcc/arm-none-eabi/4.9.3/../../../../arm-none-eabi/lib/cortex-m7\libc.a(lib_a-mprec.o)
                0x0040904c                __mcmp
 .text.__mdiff  0x00409094       0xe4 c:/isystem/winideaopen9/gcc/arm/bin/../lib/gcc/arm-none-eabi/4.9.3/../../../../arm-none-eabi/lib/cortex-m7\libc.a(lib_a-mprec.o)
                0x00409094                __mdiff
 .text.__d2b    0x00409178       0xb0 c:/isystem/winideaopen9/gcc/arm/bin/../lib/gcc/arm-none-eabi/4.9.3/../../../../arm-none-eabi/lib/cortex-m7\libc.a(lib_a-mprec.o)
                0x00409178                __d2b
 .text._putc_r  0x00409228       0x58 c:/isystem/winideaopen9/gcc/arm/bin/../lib/gcc/arm-none-eabi/4.9.3/../../../../arm-none-eabi/lib/cortex-m7\libc.a(lib_a-putc.o)
                0x00409228                _putc_r
 .text._realloc_r
                0x00409280      0x3f0 c:/isystem/winideaopen9/gcc/arm/bin/../lib/gcc/arm-none-eabi/4.9.3/../../../../arm-none-eabi/lib/cortex-m7\libc.a(lib_a-reallocr.o)
                0x00409280                _realloc_r
 .text.__fpclassifyd
                0x00409670       0x44 c:/isystem/winideaopen9/gcc/arm/bin/../lib/gcc/arm-none-eabi/4.9.3/../../../../arm-none-eabi/lib/cortex-m7\libc.a(lib_a-s_fpclassify.o)
                0x00409670                __fpclassifyd
 .text._sbrk_r  0x004096b4       0x24 c:/isystem/winideaopen9/gcc/arm/bin/../lib/gcc/arm-none-eabi/4.9.3/../../../../arm-none-eabi/lib/cortex-m7\libc.a(lib_a-sbrkr.o)
                0x004096b4                _sbrk_r
 .text._raise_r
                0x004096d8       0x58 c:/isystem/winideaopen9/gcc/arm/bin/../lib/gcc/arm-none-eabi/4.9.3/../../../../arm-none-eabi/lib/cortex-m7\libc.a(lib_a-signal.o)
                0x004096d8                _raise_r
 .text.raise    0x00409730       0x10 c:/isystem/winideaopen9/gcc/arm/bin/../lib/gcc/arm-none-eabi/4.9.3/../../../../arm-none-eabi/lib/cortex-m7\libc.a(lib_a-signal.o)
                0x00409730                raise
 .text._kill_r  0x00409740       0x28 c:/isystem/winideaopen9/gcc/arm/bin/../lib/gcc/arm-none-eabi/4.9.3/../../../../arm-none-eabi/lib/cortex-m7\libc.a(lib_a-signalr.o)
                0x00409740                _kill_r
 .text._getpid_r
                0x00409768        0x4 c:/isystem/winideaopen9/gcc/arm/bin/../lib/gcc/arm-none-eabi/4.9.3/../../../../arm-none-eabi/lib/cortex-m7\libc.a(lib_a-signalr.o)
                0x00409768                _getpid_r
 .text.__sread  0x0040976c       0x24 c:/isystem/winideaopen9/gcc/arm/bin/../lib/gcc/arm-none-eabi/4.9.3/../../../../arm-none-eabi/lib/cortex-m7\libc.a(lib_a-stdio.o)
                0x0040976c                __sread
 .text.__swrite
                0x00409790       0x38 c:/isystem/winideaopen9/gcc/arm/bin/../lib/gcc/arm-none-eabi/4.9.3/../../../../arm-none-eabi/lib/cortex-m7\libc.a(lib_a-stdio.o)
                0x00409790                __swrite
 .text.__sseek  0x004097c8       0x24 c:/isystem/winideaopen9/gcc/arm/bin/../lib/gcc/arm-none-eabi/4.9.3/../../../../arm-none-eabi/lib/cortex-m7\libc.a(lib_a-stdio.o)
                0x004097c8                __sseek
 .text.__sclose
                0x004097ec        0x8 c:/isystem/winideaopen9/gcc/arm/bin/../lib/gcc/arm-none-eabi/4.9.3/../../../../arm-none-eabi/lib/cortex-m7\libc.a(lib_a-stdio.o)
                0x004097ec                __sclose
 .text.strlen   0x004097f4       0x5c c:/isystem/winideaopen9/gcc/arm/bin/../lib/gcc/arm-none-eabi/4.9.3/../../../../arm-none-eabi/lib/cortex-m7\libc.a(lib_a-strlen.o)
                0x004097f4                strlen
 .text.__swbuf_r
                0x00409850       0xa8 c:/isystem/winideaopen9/gcc/arm/bin/../lib/gcc/arm-none-eabi/4.9.3/../../../../arm-none-eabi/lib/cortex-m7\libc.a(lib_a-wbuf.o)
                0x00409850                __swbuf_r
 .text._wcrtomb_r
                0x004098f8       0x54 c:/isystem/winideaopen9/gcc/arm/bin/../lib/gcc/arm-none-eabi/4.9.3/../../../../arm-none-eabi/lib/cortex-m7\libc.a(lib_a-wcrtomb.o)
                0x004098f8                _wcrtomb_r
 .text.__ascii_wctomb
                0x0040994c       0x18 c:/isystem/winideaopen9/gcc/arm/bin/../lib/gcc/arm-none-eabi/4.9.3/../../../../arm-none-eabi/lib/cortex-m7\libc.a(lib_a-wctomb_r.o)
                0x0040994c                __ascii_wctomb
 .text._write_r
                0x00409964       0x28 c:/isystem/winideaopen9/gcc/arm/bin/../lib/gcc/arm-none-eabi/4.9.3/../../../../arm-none-eabi/lib/cortex-m7\libc.a(lib_a-writer.o)
                0x00409964                _write_r
 .text._calloc_r
                0x0040998c       0x60 c:/isystem/winideaopen9/gcc/arm/bin/../lib/gcc/arm-none-eabi/4.9.3/../../../../arm-none-eabi/lib/cortex-m7\libc.a(lib_a-callocr.o)
                0x0040998c                _calloc_r
 .text._close_r
                0x004099ec       0x24 c:/isystem/winideaopen9/gcc/arm/bin/../lib/gcc/arm-none-eabi/4.9.3/../../../../arm-none-eabi/lib/cortex-m7\libc.a(lib_a-closer.o)
                0x004099ec                _close_r
 .text._fclose_r
                0x00409a10       0x84 c:/isystem/winideaopen9/gcc/arm/bin/../lib/gcc/arm-none-eabi/4.9.3/../../../../arm-none-eabi/lib/cortex-m7\libc.a(lib_a-fclose.o)
                0x00409a10                _fclose_r
 .text._fstat_r
                0x00409a94       0x28 c:/isystem/winideaopen9/gcc/arm/bin/../lib/gcc/arm-none-eabi/4.9.3/../../../../arm-none-eabi/lib/cortex-m7\libc.a(lib_a-fstatr.o)
                0x00409a94                _fstat_r
 .text._isatty_r
                0x00409abc       0x24 c:/isystem/winideaopen9/gcc/arm/bin/../lib/gcc/arm-none-eabi/4.9.3/../../../../arm-none-eabi/lib/cortex-m7\libc.a(lib_a-isattyr.o)
                0x00409abc                _isatty_r
 .text._lseek_r
                0x00409ae0       0x28 c:/isystem/winideaopen9/gcc/arm/bin/../lib/gcc/arm-none-eabi/4.9.3/../../../../arm-none-eabi/lib/cortex-m7\libc.a(lib_a-lseekr.o)
                0x00409ae0                _lseek_r
 .text._read_r  0x00409b08       0x28 c:/isystem/winideaopen9/gcc/arm/bin/../lib/gcc/arm-none-eabi/4.9.3/../../../../arm-none-eabi/lib/cortex-m7\libc.a(lib_a-readr.o)
                0x00409b08                _read_r
 .text          0x00409b30      0x370 c:/isystem/winideaopen9/gcc/arm/bin/../lib/gcc/arm-none-eabi/4.9.3/cortex-m7\libgcc.a(_arm_addsubdf3.o)
                0x00409b30                __aeabi_drsub
                0x00409b38                __aeabi_dsub
                0x00409b38                __subdf3
                0x00409b3c                __aeabi_dadd
                0x00409b3c                __adddf3
                0x00409db4                __floatunsidf
                0x00409db4                __aeabi_ui2d
                0x00409dd4                __floatsidf
                0x00409dd4                __aeabi_i2d
                0x00409df8                __aeabi_f2d
                0x00409df8                __extendsfdf2
                0x00409e34                __floatundidf
                0x00409e34                __aeabi_ul2d
                0x00409e44                __floatdidf
                0x00409e44                __aeabi_l2d
 .text          0x00409ea0      0x424 c:/isystem/winideaopen9/gcc/arm/bin/../lib/gcc/arm-none-eabi/4.9.3/cortex-m7\libgcc.a(_arm_muldivdf3.o)
                0x00409ea0                __aeabi_dmul
                0x00409ea0                __muldf3
                0x0040a0f4                __divdf3
                0x0040a0f4                __aeabi_ddiv
 .text          0x0040a2c4      0x110 c:/isystem/winideaopen9/gcc/arm/bin/../lib/gcc/arm-none-eabi/4.9.3/cortex-m7\libgcc.a(_arm_cmpdf2.o)
                0x0040a2c4                __gtdf2
                0x0040a2c4                __gedf2
                0x0040a2cc                __ltdf2
                0x0040a2cc                __ledf2
                0x0040a2d4                __nedf2
                0x0040a2d4                __eqdf2
                0x0040a2d4                __cmpdf2
                0x0040a350                __aeabi_cdrcmple
                0x0040a360                __aeabi_cdcmpeq
                0x0040a360                __aeabi_cdcmple
                0x0040a370                __aeabi_dcmpeq
                0x0040a384                __aeabi_dcmplt
                0x0040a398                __aeabi_dcmple
                0x0040a3ac                __aeabi_dcmpge
                0x0040a3c0                __aeabi_dcmpgt
 .text          0x0040a3d4       0x50 c:/isystem/winideaopen9/gcc/arm/bin/../lib/gcc/arm-none-eabi/4.9.3/cortex-m7\libgcc.a(_arm_fixdfsi.o)
                0x0040a3d4                __aeabi_d2iz
                0x0040a3d4                __fixdfsi
 .text          0x0040a424       0xa0 c:/isystem/winideaopen9/gcc/arm/bin/../lib/gcc/arm-none-eabi/4.9.3/cortex-m7\libgcc.a(_arm_truncdfsf2.o)
                0x0040a424                __truncdfsf2
                0x0040a424                __aeabi_d2f
 .text          0x0040a4c4       0x30 c:/isystem/winideaopen9/gcc/arm/bin/../lib/gcc/arm-none-eabi/4.9.3/cortex-m7\libgcc.a(_aeabi_uldivmod.o)
                0x0040a4c4                __aeabi_uldivmod
 .text          0x0040a4f4       0x60 c:/isystem/winideaopen9/gcc/arm/bin/../lib/gcc/arm-none-eabi/4.9.3/cortex-m7\libgcc.a(bpabi.o)
                0x0040a4f4                __gnu_ldivmod_helper
                0x0040a524                __gnu_uldivmod_helper
 .text          0x0040a554        0x4 c:/isystem/winideaopen9/gcc/arm/bin/../lib/gcc/arm-none-eabi/4.9.3/cortex-m7\libgcc.a(_dvmd_tls.o)
                0x0040a554                __aeabi_idiv0
                0x0040a554                __aeabi_ldiv0
 .text          0x0040a558      0x284 c:/isystem/winideaopen9/gcc/arm/bin/../lib/gcc/arm-none-eabi/4.9.3/cortex-m7\libgcc.a(_divdi3.o)
                0x0040a558                __divdi3
 .text          0x0040a7dc      0x248 c:/isystem/winideaopen9/gcc/arm/bin/../lib/gcc/arm-none-eabi/4.9.3/cortex-m7\libgcc.a(_udivdi3.o)
                0x0040a7dc                __udivdi3
 *(.glue_7t)
 .glue_7t       0x00000000        0x0 linker stubs
 *(.glue_7)
 .glue_7        0x00000000        0x0 linker stubs
 *(.rodata .rodata* .gnu.linkonce.r.*)
 .rodata        0x0040aa24       0xf7 D:\ITESO_GIT_Cat\workspace\Debug\dbg_console.o
 *fill*         0x0040ab1b        0x1 
 .rodata        0x0040ab1c       0xb8 D:\ITESO_GIT_Cat\workspace\Debug\pmc.o
 .rodata        0x0040abd4       0xf6 D:\ITESO_GIT_Cat\workspace\Debug\pio_it.o
 *fill*         0x0040acca        0x2 
 .rodata        0x0040accc       0xe8 D:\ITESO_GIT_Cat\workspace\Debug\mcan.o
                0x0040acfc                mcan0Config
                0x0040ad58                mcan1Config
 .rodata        0x0040adb4       0x19 D:\ITESO_GIT_Cat\workspace\Debug\syscalls.o
 *fill*         0x0040adcd        0x3 
 .rodata        0x0040add0       0xfe D:\ITESO_GIT_Cat\workspace\Debug\timetick.o
 *fill*         0x0040aece        0x2 
 .rodata        0x0040aed0       0x1c D:\ITESO_GIT_Cat\workspace\Debug\led.o
 .rodata        0x0040aeec       0x18 D:\ITESO_GIT_Cat\workspace\Debug\SHT.o
 .rodata        0x0040af04       0xdf D:\ITESO_GIT_Cat\workspace\Debug\main.o
 *fill*         0x0040afe3        0x1 
 .rodata.str1.4
                0x0040afe4       0x3f c:/isystem/winideaopen9/gcc/arm/bin/../lib/gcc/arm-none-eabi/4.9.3/../../../../arm-none-eabi/lib/cortex-m7\libc.a(lib_a-assert.o)
                                 0x43 (size before relaxing)
 *fill*         0x0040b023        0x1 
 .rodata.str1.4
                0x0040b024        0x2 c:/isystem/winideaopen9/gcc/arm/bin/../lib/gcc/arm-none-eabi/4.9.3/../../../../arm-none-eabi/lib/cortex-m7\libc.a(lib_a-impure.o)
 *fill*         0x0040b026        0x2 
 .rodata.zeroes.6869
                0x0040b028       0x10 c:/isystem/winideaopen9/gcc/arm/bin/../lib/gcc/arm-none-eabi/4.9.3/../../../../arm-none-eabi/lib/cortex-m7\libc.a(lib_a-vfiprintf.o)
 .rodata.str1.4
                0x0040b038       0x2f c:/isystem/winideaopen9/gcc/arm/bin/../lib/gcc/arm-none-eabi/4.9.3/../../../../arm-none-eabi/lib/cortex-m7\libc.a(lib_a-vfiprintf.o)
 *fill*         0x0040b067        0x1 
 .rodata.blanks.6868
                0x0040b068       0x10 c:/isystem/winideaopen9/gcc/arm/bin/../lib/gcc/arm-none-eabi/4.9.3/../../../../arm-none-eabi/lib/cortex-m7\libc.a(lib_a-vfiprintf.o)
 .rodata.zeroes.6926
                0x0040b078       0x10 c:/isystem/winideaopen9/gcc/arm/bin/../lib/gcc/arm-none-eabi/4.9.3/../../../../arm-none-eabi/lib/cortex-m7\libc.a(lib_a-vfprintf.o)
 .rodata.str1.4
                0x0040b088       0x12 c:/isystem/winideaopen9/gcc/arm/bin/../lib/gcc/arm-none-eabi/4.9.3/../../../../arm-none-eabi/lib/cortex-m7\libc.a(lib_a-vfprintf.o)
                                 0x42 (size before relaxing)
 *fill*         0x0040b09a        0x2 
 .rodata.blanks.6925
                0x0040b09c       0x10 c:/isystem/winideaopen9/gcc/arm/bin/../lib/gcc/arm-none-eabi/4.9.3/../../../../arm-none-eabi/lib/cortex-m7\libc.a(lib_a-vfprintf.o)
 .rodata.str1.4
                0x0040b0ac       0x10 c:/isystem/winideaopen9/gcc/arm/bin/../lib/gcc/arm-none-eabi/4.9.3/../../../../arm-none-eabi/lib/cortex-m7\libc.a(lib_a-dtoa.o)
                                 0x12 (size before relaxing)
 .rodata.str1.4
                0x0040b0bc        0xc c:/isystem/winideaopen9/gcc/arm/bin/../lib/gcc/arm-none-eabi/4.9.3/../../../../arm-none-eabi/lib/cortex-m7\libc.a(lib_a-locale.o)
                                 0x12 (size before relaxing)
 .rodata.__mprec_tens
                0x0040b0c8       0xc8 c:/isystem/winideaopen9/gcc/arm/bin/../lib/gcc/arm-none-eabi/4.9.3/../../../../arm-none-eabi/lib/cortex-m7\libc.a(lib_a-mprec.o)
                0x0040b0c8                __mprec_tens
 .rodata.p05.5302
                0x0040b190        0xc c:/isystem/winideaopen9/gcc/arm/bin/../lib/gcc/arm-none-eabi/4.9.3/../../../../arm-none-eabi/lib/cortex-m7\libc.a(lib_a-mprec.o)
 *fill*         0x0040b19c        0x4 
 .rodata.__mprec_bigtens
                0x0040b1a0       0x28 c:/isystem/winideaopen9/gcc/arm/bin/../lib/gcc/arm-none-eabi/4.9.3/../../../../arm-none-eabi/lib/cortex-m7\libc.a(lib_a-mprec.o)
                0x0040b1a0                __mprec_bigtens
 *(.ARM.extab* .gnu.linkonce.armextab.*)
                0x0040b1c8                . = ALIGN (0x4)
 *(.init)
                0x0040b1c8                . = ALIGN (0x4)
                0x0040b1c8                __preinit_array_start = .
 *(.preinit_array)
                0x0040b1c8                __preinit_array_end = .
                0x0040b1c8                . = ALIGN (0x4)
                0x0040b1c8                __init_array_start = .
 *(SORT(.init_array.*))
 *(.init_array)
                0x0040b1c8                __init_array_end = .
                0x0040b1c8                . = ALIGN (0x4)
 *crtbegin.o(.ctors)
 *(EXCLUDE_FILE(*crtend.o) .ctors)
 *(SORT(.ctors.*))
 *crtend.o(.ctors)
                0x0040b1c8                . = ALIGN (0x4)
 *(.fini)
                0x0040b1c8                . = ALIGN (0x4)
                0x0040b1c8                __fini_array_start = .
 *(.fini_array)
 *(SORT(.fini_array.*))
                0x0040b1c8                __fini_array_end = .
 *crtbegin.o(.dtors)
 *(EXCLUDE_FILE(*crtend.o) .dtors)
 *(SORT(.dtors.*))
 *crtend.o(.dtors)
                0x0040b1c8                . = ALIGN (0x4)
                0x0040b1c8                _efixed = .
                0x0040b1c8                PROVIDE (__exidx_start, .)

.vfp11_veneer   0x0040b1c8        0x0
 .vfp11_veneer  0x00000000        0x0 linker stubs

.v4_bx          0x0040b1c8        0x0
 .v4_bx         0x00000000        0x0 linker stubs

.iplt           0x0040b1c8        0x0
 .iplt          0x00000000        0x0 D:\ITESO_GIT_Cat\workspace\Debug\dbg_console.o

.igot.plt       0x0040b1c8        0x0
 .igot.plt      0x00000000        0x0 D:\ITESO_GIT_Cat\workspace\Debug\dbg_console.o

.ARM.exidx      0x0040b1c8        0x8
 *(.ARM.exidx* .gnu.linkonce.armexidx.*)
 .ARM.exidx     0x0040b1c8        0x8 c:/isystem/winideaopen9/gcc/arm/bin/../lib/gcc/arm-none-eabi/4.9.3/cortex-m7\libgcc.a(_divdi3.o)
 .ARM.exidx     0x0040b1d0        0x0 c:/isystem/winideaopen9/gcc/arm/bin/../lib/gcc/arm-none-eabi/4.9.3/cortex-m7\libgcc.a(_udivdi3.o)
                                  0x8 (size before relaxing)
                0x0040b1d0                PROVIDE (__exidx_end, .)

.rel.dyn        0x0040b1d0        0x0
 .rel.iplt      0x00000000        0x0 D:\ITESO_GIT_Cat\workspace\Debug\dbg_console.o
                0x0040b1d0                . = ALIGN (0x4)
                0x0040b1d0                _etext = .

.relocate       0x20400000      0x924 load address 0x0040b1d0
                0x20400000                . = ALIGN (0x4)
                0x20400000                _srelocate = .
 *(.ramfunc .ramfunc.*)
 *(.data .data.*)
 .data          0x20400000        0x4 D:\ITESO_GIT_Cat\workspace\Debug\system_sam.o
                0x20400000                SystemCoreClock
 .data          0x20400004        0x8 D:\ITESO_GIT_Cat\workspace\Debug\CanIf.o
                0x20400004                LogChannelId
 .data          0x2040000c       0x48 D:\ITESO_GIT_Cat\workspace\Debug\CanIf_Cfg.o
                0x2040000c                CanTxMsg
                0x2040004c                CanMsgObj
 .data          0x20400054       0x30 D:\ITESO_GIT_Cat\workspace\Debug\main.o
                0x20400054                Tasks
 *fill*         0x20400084        0x4 
 .data.impure_data
                0x20400088      0x428 c:/isystem/winideaopen9/gcc/arm/bin/../lib/gcc/arm-none-eabi/4.9.3/../../../../arm-none-eabi/lib/cortex-m7\libc.a(lib_a-impure.o)
 .data._impure_ptr
                0x204004b0        0x4 c:/isystem/winideaopen9/gcc/arm/bin/../lib/gcc/arm-none-eabi/4.9.3/../../../../arm-none-eabi/lib/cortex-m7\libc.a(lib_a-impure.o)
                0x204004b0                _impure_ptr
 .data.lconv    0x204004b4       0x38 c:/isystem/winideaopen9/gcc/arm/bin/../lib/gcc/arm-none-eabi/4.9.3/../../../../arm-none-eabi/lib/cortex-m7\libc.a(lib_a-locale.o)
 .data.lc_ctype_charset
                0x204004ec       0x20 c:/isystem/winideaopen9/gcc/arm/bin/../lib/gcc/arm-none-eabi/4.9.3/../../../../arm-none-eabi/lib/cortex-m7\libc.a(lib_a-locale.o)
 .data.__mb_cur_max
                0x2040050c        0x4 c:/isystem/winideaopen9/gcc/arm/bin/../lib/gcc/arm-none-eabi/4.9.3/../../../../arm-none-eabi/lib/cortex-m7\libc.a(lib_a-locale.o)
                0x2040050c                __mb_cur_max
 .data.__malloc_av_
                0x20400510      0x408 c:/isystem/winideaopen9/gcc/arm/bin/../lib/gcc/arm-none-eabi/4.9.3/../../../../arm-none-eabi/lib/cortex-m7\libc.a(lib_a-mallocr.o)
                0x20400510                __malloc_av_
 .data.__malloc_trim_threshold
                0x20400918        0x4 c:/isystem/winideaopen9/gcc/arm/bin/../lib/gcc/arm-none-eabi/4.9.3/../../../../arm-none-eabi/lib/cortex-m7\libc.a(lib_a-mallocr.o)
                0x20400918                __malloc_trim_threshold
 .data.__malloc_sbrk_base
                0x2040091c        0x4 c:/isystem/winideaopen9/gcc/arm/bin/../lib/gcc/arm-none-eabi/4.9.3/../../../../arm-none-eabi/lib/cortex-m7\libc.a(lib_a-mallocr.o)
                0x2040091c                __malloc_sbrk_base
 .data.__wctomb
                0x20400920        0x4 c:/isystem/winideaopen9/gcc/arm/bin/../lib/gcc/arm-none-eabi/4.9.3/../../../../arm-none-eabi/lib/cortex-m7\libc.a(lib_a-wctomb_r.o)
                0x20400920                __wctomb
                0x20400924                . = ALIGN (0x4)
                0x20400924                _erelocate = .

.bss            0x20400924      0x674 load address 0x0040baf4
                0x20400924                . = ALIGN (0x4)
                0x20400924                _sbss = .
                0x20400924                _szero = .
 *(.bss .bss.*)
 .bss           0x20400924        0x6 D:\ITESO_GIT_Cat\workspace\Debug\dbg_console.o
 *fill*         0x2040092a        0x2 
 .bss           0x2040092c       0x44 D:\ITESO_GIT_Cat\workspace\Debug\pio_it.o
 .bss           0x20400970      0x528 D:\ITESO_GIT_Cat\workspace\Debug\mcan.o
 .bss           0x20400e98        0xc D:\ITESO_GIT_Cat\workspace\Debug\syscalls.o
 .bss           0x20400ea4       0x18 D:\ITESO_GIT_Cat\workspace\Debug\timetick.o
 .bss           0x20400ebc        0x8 D:\ITESO_GIT_Cat\workspace\Debug\Tasks.o
                0x20400ec1                u8100ms_Ctr
                0x20400ec2                u8100ms_Ctr2
 .bss           0x20400ec4        0x8 D:\ITESO_GIT_Cat\workspace\Debug\SHT.o
                0x20400ec9                AckConfirmVar
                0x20400eca                SwitchInterrupt
                0x20400ecb                InterruptVar
 .bss.__malloc_max_total_mem
                0x20400ecc        0x4 c:/isystem/winideaopen9/gcc/arm/bin/../lib/gcc/arm-none-eabi/4.9.3/../../../../arm-none-eabi/lib/cortex-m7\libc.a(lib_a-mallocr.o)
                0x20400ecc                __malloc_max_total_mem
 .bss.__malloc_max_sbrked_mem
                0x20400ed0        0x4 c:/isystem/winideaopen9/gcc/arm/bin/../lib/gcc/arm-none-eabi/4.9.3/../../../../arm-none-eabi/lib/cortex-m7\libc.a(lib_a-mallocr.o)
                0x20400ed0                __malloc_max_sbrked_mem
 .bss.__malloc_top_pad
                0x20400ed4        0x4 c:/isystem/winideaopen9/gcc/arm/bin/../lib/gcc/arm-none-eabi/4.9.3/../../../../arm-none-eabi/lib/cortex-m7\libc.a(lib_a-mallocr.o)
                0x20400ed4                __malloc_top_pad
 .bss.__malloc_current_mallinfo
                0x20400ed8       0x28 c:/isystem/winideaopen9/gcc/arm/bin/../lib/gcc/arm-none-eabi/4.9.3/../../../../arm-none-eabi/lib/cortex-m7\libc.a(lib_a-mallocr.o)
                0x20400ed8                __malloc_current_mallinfo
 *(COMMON)
 COMMON         0x20400f00       0x10 D:\ITESO_GIT_Cat\workspace\Debug\MemAlloc.o
                0x20400f00                MemHandler
 COMMON         0x20400f10       0x14 D:\ITESO_GIT_Cat\workspace\Debug\timetick.o
                0x20400f10                gfunc_ptr
                0x20400f14                DelayTimer
 COMMON         0x20400f24       0x3a D:\ITESO_GIT_Cat\workspace\Debug\app_scheduler.o
                0x20400f24                u8_50ms_Counter
                0x20400f28                task_ctrl_array
                0x20400f58                gu8Scheduler_Status
                0x20400f59                gu8Scheduler_Thread_ID_Backup
                0x20400f5a                u8_10ms_Counter
                0x20400f5b                u8_100ms_Counter
                0x20400f5c                gu8Scheduler_Counter
                0x20400f5d                gu8Scheduler_Thread_ID
 *fill*         0x20400f5e        0x2 
 COMMON         0x20400f60       0x15 D:\ITESO_GIT_Cat\workspace\Debug\SHT.o
                0x20400f60                MeasuredValues
                0x20400f64                TimeOut
                0x20400f65                err
                0x20400f68                SHTData
                0x20400f74                RequestEnabled
 *fill*         0x20400f75        0x3 
 COMMON         0x20400f78       0x14 D:\ITESO_GIT_Cat\workspace\Debug\CanIf.o
                0x20400f78                CanNumberOfMsgs
                0x20400f7c                ptrCanIfMessageConfig
                0x20400f80                CanIf_Pdu
 COMMON         0x20400f8c        0x6 D:\ITESO_GIT_Cat\workspace\Debug\SensingEnvironment.o
                0x20400f8c                SensingState
                0x20400f8e                RealRH
                0x20400f90                RealTemp
 *fill*         0x20400f92        0x2 
 COMMON         0x20400f94        0x4 c:/isystem/winideaopen9/gcc/arm/bin/../lib/gcc/arm-none-eabi/4.9.3/../../../../arm-none-eabi/lib/cortex-m7\libc.a(lib_a-reent.o)
                0x20400f94                errno
                0x20400f98                . = ALIGN (0x4)
                0x20400f98                _ebss = .
                0x20400f98                _ezero = .

.stack          0x20400f98     0x2000 load address 0x0040c168
                0x20400f98                . = ALIGN (0x8)
                0x20400f98                _sstack = .
                0x20402f98                . = (. + STACK_SIZE)
 *fill*         0x20400f98     0x2000 
                0x20402f98                . = ALIGN (0x8)
                0x20402f98                _estack = .

.heap           0x20402f98     0x1000 load address 0x0040e168
                0x20402f98                . = ALIGN (0x8)
                0x20402f98                _sheap = .
                0x20403f98                . = (. + HEAP_SIZE)
 *fill*         0x20402f98     0x1000 
                0x20403f98                . = ALIGN (0x8)
                0x20403f98                _eheap = .

.my_heap        0x20450000    0x10000
                0x20450000                . = ALIGN (0x8)
                0x20450000                HEAP_LLD = .
                0x20450000                _smyheap = .
                0x20460000                . = (. + MY_HEAP_SIZE)
 *fill*         0x20450000    0x10000 
                0x20460000                . = ALIGN (0x8)
                0x20460000                _emyheap = .
                0x20460000                . = ALIGN (0x4)
                0x20460000                _end = .
                0x2044ffff                _ram_end_ = ((ORIGIN (ram) + 0x50000) - 0x1)
                0x20460000                _sdram_lma = .

sdram_region
 *(sdram_region)
LOAD c:/isystem/winideaopen9/gcc/arm/bin/../lib/gcc/arm-none-eabi/4.9.3/../../../../arm-none-eabi/lib/cortex-m7\libc.a
LOAD c:/isystem/winideaopen9/gcc/arm/bin/../lib/gcc/arm-none-eabi/4.9.3/cortex-m7\libgcc.a
LOAD c:/isystem/winideaopen9/gcc/arm/bin/../lib/gcc/arm-none-eabi/4.9.3/../../../../arm-none-eabi/lib/cortex-m7\libm.a
OUTPUT(BaseProject.elf elf32-littlearm)

.debug_info     0x00000000     0xbbce
 .debug_info    0x00000000     0x14dc D:\ITESO_GIT_Cat\workspace\Debug\dbg_console.o
 .debug_info    0x000014dc      0x4f5 D:\ITESO_GIT_Cat\workspace\Debug\board_lowlevel.o
 .debug_info    0x000019d1      0x1ec D:\ITESO_GIT_Cat\workspace\Debug\MemAlloc.o
 .debug_info    0x00001bbd      0x59c D:\ITESO_GIT_Cat\workspace\Debug\exceptions.o
 .debug_info    0x00002159      0xa00 D:\ITESO_GIT_Cat\workspace\Debug\pio.o
 .debug_info    0x00002b59      0x327 D:\ITESO_GIT_Cat\workspace\Debug\mpu.o
 .debug_info    0x00002e80      0x78b D:\ITESO_GIT_Cat\workspace\Debug\pmc.o
 .debug_info    0x0000360b      0x1fd D:\ITESO_GIT_Cat\workspace\Debug\wdt.o
 .debug_info    0x00003808      0xf6c D:\ITESO_GIT_Cat\workspace\Debug\pio_it.o
 .debug_info    0x00004774      0x266 D:\ITESO_GIT_Cat\workspace\Debug\fpu.o
 .debug_info    0x000049da     0x1f9d D:\ITESO_GIT_Cat\workspace\Debug\mcan.o
 .debug_info    0x00006977      0x4cc D:\ITESO_GIT_Cat\workspace\Debug\syscalls.o
 .debug_info    0x00006e43      0x515 D:\ITESO_GIT_Cat\workspace\Debug\system_sam.o
 .debug_info    0x00007358      0xdca D:\ITESO_GIT_Cat\workspace\Debug\timetick.o
 .debug_info    0x00008122      0x2d2 D:\ITESO_GIT_Cat\workspace\Debug\app_scheduler.o
 .debug_info    0x000083f4      0x1c7 D:\ITESO_GIT_Cat\workspace\Debug\Tasks.o
 .debug_info    0x000085bb      0x2c0 D:\ITESO_GIT_Cat\workspace\Debug\CanNm.o
 .debug_info    0x0000887b      0x6f3 D:\ITESO_GIT_Cat\workspace\Debug\led.o
 .debug_info    0x00008f6e     0x11e2 D:\ITESO_GIT_Cat\workspace\Debug\SHT.o
 .debug_info    0x0000a150      0x844 D:\ITESO_GIT_Cat\workspace\Debug\CanIf.o
 .debug_info    0x0000a994      0x298 D:\ITESO_GIT_Cat\workspace\Debug\CanIf_Cfg.o
 .debug_info    0x0000ac2c      0x387 D:\ITESO_GIT_Cat\workspace\Debug\main.o
 .debug_info    0x0000afb3      0x253 D:\ITESO_GIT_Cat\workspace\Debug\SensingEnvironment.o
 .debug_info    0x0000b206      0x9c8 D:\ITESO_GIT_Cat\workspace\Debug\startup_sam.o

.debug_abbrev   0x00000000     0x2383
 .debug_abbrev  0x00000000      0x26e D:\ITESO_GIT_Cat\workspace\Debug\dbg_console.o
 .debug_abbrev  0x0000026e      0x12f D:\ITESO_GIT_Cat\workspace\Debug\board_lowlevel.o
 .debug_abbrev  0x0000039d      0x101 D:\ITESO_GIT_Cat\workspace\Debug\MemAlloc.o
 .debug_abbrev  0x0000049e      0x152 D:\ITESO_GIT_Cat\workspace\Debug\exceptions.o
 .debug_abbrev  0x000005f0      0x19d D:\ITESO_GIT_Cat\workspace\Debug\pio.o
 .debug_abbrev  0x0000078d      0x144 D:\ITESO_GIT_Cat\workspace\Debug\mpu.o
 .debug_abbrev  0x000008d1      0x1ce D:\ITESO_GIT_Cat\workspace\Debug\pmc.o
 .debug_abbrev  0x00000a9f       0xdf D:\ITESO_GIT_Cat\workspace\Debug\wdt.o
 .debug_abbrev  0x00000b7e      0x22b D:\ITESO_GIT_Cat\workspace\Debug\pio_it.o
 .debug_abbrev  0x00000da9      0x146 D:\ITESO_GIT_Cat\workspace\Debug\fpu.o
 .debug_abbrev  0x00000eef      0x2ae D:\ITESO_GIT_Cat\workspace\Debug\mcan.o
 .debug_abbrev  0x0000119d      0x15e D:\ITESO_GIT_Cat\workspace\Debug\syscalls.o
 .debug_abbrev  0x000012fb      0x127 D:\ITESO_GIT_Cat\workspace\Debug\system_sam.o
 .debug_abbrev  0x00001422      0x23e D:\ITESO_GIT_Cat\workspace\Debug\timetick.o
 .debug_abbrev  0x00001660      0x132 D:\ITESO_GIT_Cat\workspace\Debug\app_scheduler.o
 .debug_abbrev  0x00001792       0xe1 D:\ITESO_GIT_Cat\workspace\Debug\Tasks.o
 .debug_abbrev  0x00001873       0xc5 D:\ITESO_GIT_Cat\workspace\Debug\CanNm.o
 .debug_abbrev  0x00001938      0x113 D:\ITESO_GIT_Cat\workspace\Debug\led.o
 .debug_abbrev  0x00001a4b      0x33e D:\ITESO_GIT_Cat\workspace\Debug\SHT.o
 .debug_abbrev  0x00001d89      0x15d D:\ITESO_GIT_Cat\workspace\Debug\CanIf.o
 .debug_abbrev  0x00001ee6       0xbb D:\ITESO_GIT_Cat\workspace\Debug\CanIf_Cfg.o
 .debug_abbrev  0x00001fa1      0x14b D:\ITESO_GIT_Cat\workspace\Debug\main.o
 .debug_abbrev  0x000020ec       0xf7 D:\ITESO_GIT_Cat\workspace\Debug\SensingEnvironment.o
 .debug_abbrev  0x000021e3      0x1a0 D:\ITESO_GIT_Cat\workspace\Debug\startup_sam.o

.debug_aranges  0x00000000      0x2f8
 .debug_aranges
                0x00000000       0x20 D:\ITESO_GIT_Cat\workspace\Debug\dbg_console.o
 .debug_aranges
                0x00000020       0x20 D:\ITESO_GIT_Cat\workspace\Debug\board_lowlevel.o
 .debug_aranges
                0x00000040       0x20 D:\ITESO_GIT_Cat\workspace\Debug\MemAlloc.o
 .debug_aranges
                0x00000060       0x20 D:\ITESO_GIT_Cat\workspace\Debug\exceptions.o
 .debug_aranges
                0x00000080       0x20 D:\ITESO_GIT_Cat\workspace\Debug\pio.o
 .debug_aranges
                0x000000a0       0x20 D:\ITESO_GIT_Cat\workspace\Debug\mpu.o
 .debug_aranges
                0x000000c0       0x20 D:\ITESO_GIT_Cat\workspace\Debug\pmc.o
 .debug_aranges
                0x000000e0       0x20 D:\ITESO_GIT_Cat\workspace\Debug\wdt.o
 .debug_aranges
                0x00000100       0x20 D:\ITESO_GIT_Cat\workspace\Debug\pio_it.o
 .debug_aranges
                0x00000120       0x20 D:\ITESO_GIT_Cat\workspace\Debug\fpu.o
 .debug_aranges
                0x00000140       0x20 D:\ITESO_GIT_Cat\workspace\Debug\mcan.o
 .debug_aranges
                0x00000160       0x20 D:\ITESO_GIT_Cat\workspace\Debug\syscalls.o
 .debug_aranges
                0x00000180       0x20 D:\ITESO_GIT_Cat\workspace\Debug\system_sam.o
 .debug_aranges
                0x000001a0       0x20 D:\ITESO_GIT_Cat\workspace\Debug\timetick.o
 .debug_aranges
                0x000001c0       0x20 D:\ITESO_GIT_Cat\workspace\Debug\app_scheduler.o
 .debug_aranges
                0x000001e0       0x20 D:\ITESO_GIT_Cat\workspace\Debug\Tasks.o
 .debug_aranges
                0x00000200       0x20 D:\ITESO_GIT_Cat\workspace\Debug\CanNm.o
 .debug_aranges
                0x00000220       0x20 D:\ITESO_GIT_Cat\workspace\Debug\led.o
 .debug_aranges
                0x00000240       0x20 D:\ITESO_GIT_Cat\workspace\Debug\SHT.o
 .debug_aranges
                0x00000260       0x20 D:\ITESO_GIT_Cat\workspace\Debug\CanIf.o
 .debug_aranges
                0x00000280       0x18 D:\ITESO_GIT_Cat\workspace\Debug\CanIf_Cfg.o
 .debug_aranges
                0x00000298       0x20 D:\ITESO_GIT_Cat\workspace\Debug\main.o
 .debug_aranges
                0x000002b8       0x20 D:\ITESO_GIT_Cat\workspace\Debug\SensingEnvironment.o
 .debug_aranges
                0x000002d8       0x20 D:\ITESO_GIT_Cat\workspace\Debug\startup_sam.o

.debug_macro    0x00000000    0x2064e
 .debug_macro   0x00000000      0x737 D:\ITESO_GIT_Cat\workspace\Debug\dbg_console.o
 .debug_macro   0x00000737      0x86e D:\ITESO_GIT_Cat\workspace\Debug\dbg_console.o
 .debug_macro   0x00000fa5       0x22 D:\ITESO_GIT_Cat\workspace\Debug\dbg_console.o
 .debug_macro   0x00000fc7       0x44 D:\ITESO_GIT_Cat\workspace\Debug\dbg_console.o
 .debug_macro   0x0000100b       0xe3 D:\ITESO_GIT_Cat\workspace\Debug\dbg_console.o
 .debug_macro   0x000010ee       0x22 D:\ITESO_GIT_Cat\workspace\Debug\dbg_console.o
 .debug_macro   0x00001110      0x1df D:\ITESO_GIT_Cat\workspace\Debug\dbg_console.o
 .debug_macro   0x000012ef       0x4a D:\ITESO_GIT_Cat\workspace\Debug\dbg_console.o
 .debug_macro   0x00001339       0x3b D:\ITESO_GIT_Cat\workspace\Debug\dbg_console.o
 .debug_macro   0x00001374       0x18 D:\ITESO_GIT_Cat\workspace\Debug\dbg_console.o
 .debug_macro   0x0000138c       0x26 D:\ITESO_GIT_Cat\workspace\Debug\dbg_console.o
 .debug_macro   0x000013b2      0xf9a D:\ITESO_GIT_Cat\workspace\Debug\dbg_console.o
 .debug_macro   0x0000234c      0x16c D:\ITESO_GIT_Cat\workspace\Debug\dbg_console.o
 .debug_macro   0x000024b8      0x24a D:\ITESO_GIT_Cat\workspace\Debug\dbg_console.o
 .debug_macro   0x00002702      0xa00 D:\ITESO_GIT_Cat\workspace\Debug\dbg_console.o
 .debug_macro   0x00003102      0x1b4 D:\ITESO_GIT_Cat\workspace\Debug\dbg_console.o
 .debug_macro   0x000032b6      0x328 D:\ITESO_GIT_Cat\workspace\Debug\dbg_console.o
 .debug_macro   0x000035de      0x15a D:\ITESO_GIT_Cat\workspace\Debug\dbg_console.o
 .debug_macro   0x00003738      0xe71 D:\ITESO_GIT_Cat\workspace\Debug\dbg_console.o
 .debug_macro   0x000045a9       0x1c D:\ITESO_GIT_Cat\workspace\Debug\dbg_console.o
 .debug_macro   0x000045c5      0x67f D:\ITESO_GIT_Cat\workspace\Debug\dbg_console.o
 .debug_macro   0x00004c44      0x310 D:\ITESO_GIT_Cat\workspace\Debug\dbg_console.o
 .debug_macro   0x00004f54      0x4c7 D:\ITESO_GIT_Cat\workspace\Debug\dbg_console.o
 .debug_macro   0x0000541b      0x26e D:\ITESO_GIT_Cat\workspace\Debug\dbg_console.o
 .debug_macro   0x00005689     0x1324 D:\ITESO_GIT_Cat\workspace\Debug\dbg_console.o
 .debug_macro   0x000069ad      0x280 D:\ITESO_GIT_Cat\workspace\Debug\dbg_console.o
 .debug_macro   0x00006c2d     0x2ba3 D:\ITESO_GIT_Cat\workspace\Debug\dbg_console.o
 .debug_macro   0x000097d0     0x101d D:\ITESO_GIT_Cat\workspace\Debug\dbg_console.o
 .debug_macro   0x0000a7ed      0xe01 D:\ITESO_GIT_Cat\workspace\Debug\dbg_console.o
 .debug_macro   0x0000b5ee      0x3a4 D:\ITESO_GIT_Cat\workspace\Debug\dbg_console.o
 .debug_macro   0x0000b992       0xa0 D:\ITESO_GIT_Cat\workspace\Debug\dbg_console.o
 .debug_macro   0x0000ba32       0x76 D:\ITESO_GIT_Cat\workspace\Debug\dbg_console.o
 .debug_macro   0x0000baa8      0x3fb D:\ITESO_GIT_Cat\workspace\Debug\dbg_console.o
 .debug_macro   0x0000bea3       0x64 D:\ITESO_GIT_Cat\workspace\Debug\dbg_console.o
 .debug_macro   0x0000bf07      0x276 D:\ITESO_GIT_Cat\workspace\Debug\dbg_console.o
 .debug_macro   0x0000c17d      0x1c4 D:\ITESO_GIT_Cat\workspace\Debug\dbg_console.o
 .debug_macro   0x0000c341      0x23b D:\ITESO_GIT_Cat\workspace\Debug\dbg_console.o
 .debug_macro   0x0000c57c      0x516 D:\ITESO_GIT_Cat\workspace\Debug\dbg_console.o
 .debug_macro   0x0000ca92      0x62d D:\ITESO_GIT_Cat\workspace\Debug\dbg_console.o
 .debug_macro   0x0000d0bf      0x6a9 D:\ITESO_GIT_Cat\workspace\Debug\dbg_console.o
 .debug_macro   0x0000d768       0x4c D:\ITESO_GIT_Cat\workspace\Debug\dbg_console.o
 .debug_macro   0x0000d7b4      0x45a D:\ITESO_GIT_Cat\workspace\Debug\dbg_console.o
 .debug_macro   0x0000dc0e      0x1fb D:\ITESO_GIT_Cat\workspace\Debug\dbg_console.o
 .debug_macro   0x0000de09      0x87d D:\ITESO_GIT_Cat\workspace\Debug\dbg_console.o
 .debug_macro   0x0000e686     0x1547 D:\ITESO_GIT_Cat\workspace\Debug\dbg_console.o
 .debug_macro   0x0000fbcd       0x40 D:\ITESO_GIT_Cat\workspace\Debug\dbg_console.o
 .debug_macro   0x0000fc0d       0x76 D:\ITESO_GIT_Cat\workspace\Debug\dbg_console.o
 .debug_macro   0x0000fc83      0xda0 D:\ITESO_GIT_Cat\workspace\Debug\dbg_console.o
 .debug_macro   0x00010a23       0x82 D:\ITESO_GIT_Cat\workspace\Debug\dbg_console.o
 .debug_macro   0x00010aa5       0x76 D:\ITESO_GIT_Cat\workspace\Debug\dbg_console.o
 .debug_macro   0x00010b1b       0x4c D:\ITESO_GIT_Cat\workspace\Debug\dbg_console.o
 .debug_macro   0x00010b67      0x126 D:\ITESO_GIT_Cat\workspace\Debug\dbg_console.o
 .debug_macro   0x00010c8d      0x126 D:\ITESO_GIT_Cat\workspace\Debug\dbg_console.o
 .debug_macro   0x00010db3      0x126 D:\ITESO_GIT_Cat\workspace\Debug\dbg_console.o
 .debug_macro   0x00010ed9       0x6a D:\ITESO_GIT_Cat\workspace\Debug\dbg_console.o
 .debug_macro   0x00010f43       0x6a D:\ITESO_GIT_Cat\workspace\Debug\dbg_console.o
 .debug_macro   0x00010fad      0x313 D:\ITESO_GIT_Cat\workspace\Debug\dbg_console.o
 .debug_macro   0x000112c0       0xb2 D:\ITESO_GIT_Cat\workspace\Debug\dbg_console.o
 .debug_macro   0x00011372       0xb2 D:\ITESO_GIT_Cat\workspace\Debug\dbg_console.o
 .debug_macro   0x00011424       0xb2 D:\ITESO_GIT_Cat\workspace\Debug\dbg_console.o
 .debug_macro   0x000114d6      0x112 D:\ITESO_GIT_Cat\workspace\Debug\dbg_console.o
 .debug_macro   0x000115e8      0x112 D:\ITESO_GIT_Cat\workspace\Debug\dbg_console.o
 .debug_macro   0x000116fa      0x2cd D:\ITESO_GIT_Cat\workspace\Debug\dbg_console.o
 .debug_macro   0x000119c7       0xb8 D:\ITESO_GIT_Cat\workspace\Debug\dbg_console.o
 .debug_macro   0x00011a7f       0x5e D:\ITESO_GIT_Cat\workspace\Debug\dbg_console.o
 .debug_macro   0x00011add       0x40 D:\ITESO_GIT_Cat\workspace\Debug\dbg_console.o
 .debug_macro   0x00011b1d       0x4c D:\ITESO_GIT_Cat\workspace\Debug\dbg_console.o
 .debug_macro   0x00011b69       0xa0 D:\ITESO_GIT_Cat\workspace\Debug\dbg_console.o
 .debug_macro   0x00011c09      0x494 D:\ITESO_GIT_Cat\workspace\Debug\dbg_console.o
 .debug_macro   0x0001209d      0x126 D:\ITESO_GIT_Cat\workspace\Debug\dbg_console.o
 .debug_macro   0x000121c3       0x4c D:\ITESO_GIT_Cat\workspace\Debug\dbg_console.o
 .debug_macro   0x0001220f      0x313 D:\ITESO_GIT_Cat\workspace\Debug\dbg_console.o
 .debug_macro   0x00012522       0x6a D:\ITESO_GIT_Cat\workspace\Debug\dbg_console.o
 .debug_macro   0x0001258c       0xb8 D:\ITESO_GIT_Cat\workspace\Debug\dbg_console.o
 .debug_macro   0x00012644       0x76 D:\ITESO_GIT_Cat\workspace\Debug\dbg_console.o
 .debug_macro   0x000126ba       0x6a D:\ITESO_GIT_Cat\workspace\Debug\dbg_console.o
 .debug_macro   0x00012724       0x2e D:\ITESO_GIT_Cat\workspace\Debug\dbg_console.o
 .debug_macro   0x00012752      0x9b1 D:\ITESO_GIT_Cat\workspace\Debug\dbg_console.o
 .debug_macro   0x00013103       0x6a D:\ITESO_GIT_Cat\workspace\Debug\dbg_console.o
 .debug_macro   0x0001316d       0x88 D:\ITESO_GIT_Cat\workspace\Debug\dbg_console.o
 .debug_macro   0x000131f5       0x58 D:\ITESO_GIT_Cat\workspace\Debug\dbg_console.o
 .debug_macro   0x0001324d       0xa6 D:\ITESO_GIT_Cat\workspace\Debug\dbg_console.o
 .debug_macro   0x000132f3       0x16 D:\ITESO_GIT_Cat\workspace\Debug\dbg_console.o
 .debug_macro   0x00013309       0xe2 D:\ITESO_GIT_Cat\workspace\Debug\dbg_console.o
 .debug_macro   0x000133eb       0x4c D:\ITESO_GIT_Cat\workspace\Debug\dbg_console.o
 .debug_macro   0x00013437       0x16 D:\ITESO_GIT_Cat\workspace\Debug\dbg_console.o
 .debug_macro   0x0001344d       0x4c D:\ITESO_GIT_Cat\workspace\Debug\dbg_console.o
 .debug_macro   0x00013499       0x2e D:\ITESO_GIT_Cat\workspace\Debug\dbg_console.o
 .debug_macro   0x000134c7      0x19e D:\ITESO_GIT_Cat\workspace\Debug\dbg_console.o
 .debug_macro   0x00013665      0x19e D:\ITESO_GIT_Cat\workspace\Debug\dbg_console.o
 .debug_macro   0x00013803      0x19e D:\ITESO_GIT_Cat\workspace\Debug\dbg_console.o
 .debug_macro   0x000139a1      0x19e D:\ITESO_GIT_Cat\workspace\Debug\dbg_console.o
 .debug_macro   0x00013b3f      0x19e D:\ITESO_GIT_Cat\workspace\Debug\dbg_console.o
 .debug_macro   0x00013cdd       0x1c D:\ITESO_GIT_Cat\workspace\Debug\dbg_console.o
 .debug_macro   0x00013cf9       0x2e D:\ITESO_GIT_Cat\workspace\Debug\dbg_console.o
 .debug_macro   0x00013d27       0x22 D:\ITESO_GIT_Cat\workspace\Debug\dbg_console.o
 .debug_macro   0x00013d49       0x1c D:\ITESO_GIT_Cat\workspace\Debug\dbg_console.o
 .debug_macro   0x00013d65       0x52 D:\ITESO_GIT_Cat\workspace\Debug\dbg_console.o
 .debug_macro   0x00013db7       0x10 D:\ITESO_GIT_Cat\workspace\Debug\dbg_console.o
 .debug_macro   0x00013dc7       0x1c D:\ITESO_GIT_Cat\workspace\Debug\dbg_console.o
 .debug_macro   0x00013de3       0x4c D:\ITESO_GIT_Cat\workspace\Debug\dbg_console.o
 .debug_macro   0x00013e2f       0x4c D:\ITESO_GIT_Cat\workspace\Debug\dbg_console.o
 .debug_macro   0x00013e7b       0x4c D:\ITESO_GIT_Cat\workspace\Debug\dbg_console.o
 .debug_macro   0x00013ec7      0x329 D:\ITESO_GIT_Cat\workspace\Debug\dbg_console.o
 .debug_macro   0x000141f0     0x1028 D:\ITESO_GIT_Cat\workspace\Debug\dbg_console.o
 .debug_macro   0x00015218      0x107 D:\ITESO_GIT_Cat\workspace\Debug\dbg_console.o
 .debug_macro   0x0001531f      0x166 D:\ITESO_GIT_Cat\workspace\Debug\dbg_console.o
 .debug_macro   0x00015485       0x58 D:\ITESO_GIT_Cat\workspace\Debug\dbg_console.o
 .debug_macro   0x000154dd       0x35 D:\ITESO_GIT_Cat\workspace\Debug\dbg_console.o
 .debug_macro   0x00015512       0x9c D:\ITESO_GIT_Cat\workspace\Debug\dbg_console.o
 .debug_macro   0x000155ae       0x16 D:\ITESO_GIT_Cat\workspace\Debug\dbg_console.o
 .debug_macro   0x000155c4       0x35 D:\ITESO_GIT_Cat\workspace\Debug\dbg_console.o
 .debug_macro   0x000155f9       0x52 D:\ITESO_GIT_Cat\workspace\Debug\dbg_console.o
 .debug_macro   0x0001564b       0x16 D:\ITESO_GIT_Cat\workspace\Debug\dbg_console.o
 .debug_macro   0x00015661       0x43 D:\ITESO_GIT_Cat\workspace\Debug\dbg_console.o
 .debug_macro   0x000156a4      0x180 D:\ITESO_GIT_Cat\workspace\Debug\dbg_console.o
 .debug_macro   0x00015824      0x29d D:\ITESO_GIT_Cat\workspace\Debug\dbg_console.o
 .debug_macro   0x00015ac1       0x16 D:\ITESO_GIT_Cat\workspace\Debug\dbg_console.o
 .debug_macro   0x00015ad7       0x29 D:\ITESO_GIT_Cat\workspace\Debug\dbg_console.o
 .debug_macro   0x00015b00       0x22 D:\ITESO_GIT_Cat\workspace\Debug\dbg_console.o
 .debug_macro   0x00015b22      0x159 D:\ITESO_GIT_Cat\workspace\Debug\dbg_console.o
 .debug_macro   0x00015c7b       0x5e D:\ITESO_GIT_Cat\workspace\Debug\dbg_console.o
 .debug_macro   0x00015cd9       0x91 D:\ITESO_GIT_Cat\workspace\Debug\dbg_console.o
 .debug_macro   0x00015d6a      0x19e D:\ITESO_GIT_Cat\workspace\Debug\dbg_console.o
 .debug_macro   0x00015f08       0x3a D:\ITESO_GIT_Cat\workspace\Debug\dbg_console.o
 .debug_macro   0x00015f42       0x52 D:\ITESO_GIT_Cat\workspace\Debug\dbg_console.o
 .debug_macro   0x00015f94       0x1c D:\ITESO_GIT_Cat\workspace\Debug\dbg_console.o
 .debug_macro   0x00015fb0       0x10 D:\ITESO_GIT_Cat\workspace\Debug\dbg_console.o
 .debug_macro   0x00015fc0       0x10 D:\ITESO_GIT_Cat\workspace\Debug\dbg_console.o
 .debug_macro   0x00015fd0       0x22 D:\ITESO_GIT_Cat\workspace\Debug\dbg_console.o
 .debug_macro   0x00015ff2       0xbe D:\ITESO_GIT_Cat\workspace\Debug\dbg_console.o
 .debug_macro   0x000160b0       0x16 D:\ITESO_GIT_Cat\workspace\Debug\dbg_console.o
 .debug_macro   0x000160c6      0x197 D:\ITESO_GIT_Cat\workspace\Debug\dbg_console.o
 .debug_macro   0x0001625d       0x93 D:\ITESO_GIT_Cat\workspace\Debug\dbg_console.o
 .debug_macro   0x000162f0       0x2e D:\ITESO_GIT_Cat\workspace\Debug\dbg_console.o
 .debug_macro   0x0001631e       0x2e D:\ITESO_GIT_Cat\workspace\Debug\dbg_console.o
 .debug_macro   0x0001634c       0x16 D:\ITESO_GIT_Cat\workspace\Debug\dbg_console.o
 .debug_macro   0x00016362       0x76 D:\ITESO_GIT_Cat\workspace\Debug\dbg_console.o
 .debug_macro   0x000163d8       0x10 D:\ITESO_GIT_Cat\workspace\Debug\dbg_console.o
 .debug_macro   0x000163e8       0x52 D:\ITESO_GIT_Cat\workspace\Debug\dbg_console.o
 .debug_macro   0x0001643a       0x16 D:\ITESO_GIT_Cat\workspace\Debug\dbg_console.o
 .debug_macro   0x00016450       0x10 D:\ITESO_GIT_Cat\workspace\Debug\dbg_console.o
 .debug_macro   0x00016460       0x10 D:\ITESO_GIT_Cat\workspace\Debug\dbg_console.o
 .debug_macro   0x00016470       0x10 D:\ITESO_GIT_Cat\workspace\Debug\dbg_console.o
 .debug_macro   0x00016480       0x35 D:\ITESO_GIT_Cat\workspace\Debug\dbg_console.o
 .debug_macro   0x000164b5      0x122 D:\ITESO_GIT_Cat\workspace\Debug\dbg_console.o
 .debug_macro   0x000165d7      0x452 D:\ITESO_GIT_Cat\workspace\Debug\dbg_console.o
 .debug_macro   0x00016a29      0x701 D:\ITESO_GIT_Cat\workspace\Debug\board_lowlevel.o
 .debug_macro   0x0001712a      0x67a D:\ITESO_GIT_Cat\workspace\Debug\MemAlloc.o
 .debug_macro   0x000177a4      0x664 D:\ITESO_GIT_Cat\workspace\Debug\exceptions.o
 .debug_macro   0x00017e08      0x664 D:\ITESO_GIT_Cat\workspace\Debug\pio.o
 .debug_macro   0x0001846c      0x664 D:\ITESO_GIT_Cat\workspace\Debug\mpu.o
 .debug_macro   0x00018ad0      0x67a D:\ITESO_GIT_Cat\workspace\Debug\pmc.o
 .debug_macro   0x0001914a       0x10 D:\ITESO_GIT_Cat\workspace\Debug\pmc.o
 .debug_macro   0x0001915a      0x664 D:\ITESO_GIT_Cat\workspace\Debug\wdt.o
 .debug_macro   0x000197be      0x674 D:\ITESO_GIT_Cat\workspace\Debug\pio_it.o
 .debug_macro   0x00019e32      0x539 D:\ITESO_GIT_Cat\workspace\Debug\fpu.o
 .debug_macro   0x0001a36b      0x970 D:\ITESO_GIT_Cat\workspace\Debug\mcan.o
 .debug_macro   0x0001acdb      0x124 D:\ITESO_GIT_Cat\workspace\Debug\mcan.o
 .debug_macro   0x0001adff      0x71f D:\ITESO_GIT_Cat\workspace\Debug\syscalls.o
 .debug_macro   0x0001b51e       0x10 D:\ITESO_GIT_Cat\workspace\Debug\syscalls.o
 .debug_macro   0x0001b52e      0x241 D:\ITESO_GIT_Cat\workspace\Debug\syscalls.o
 .debug_macro   0x0001b76f      0x460 D:\ITESO_GIT_Cat\workspace\Debug\system_sam.o
 .debug_macro   0x0001bbcf      0x711 D:\ITESO_GIT_Cat\workspace\Debug\timetick.o
 .debug_macro   0x0001c2e0      0x66e D:\ITESO_GIT_Cat\workspace\Debug\app_scheduler.o
 .debug_macro   0x0001c94e       0x58 D:\ITESO_GIT_Cat\workspace\Debug\app_scheduler.o
 .debug_macro   0x0001c9a6       0x50 D:\ITESO_GIT_Cat\workspace\Debug\app_scheduler.o
 .debug_macro   0x0001c9f6      0x733 D:\ITESO_GIT_Cat\workspace\Debug\Tasks.o
 .debug_macro   0x0001d129      0x72e D:\ITESO_GIT_Cat\workspace\Debug\CanNm.o
 .debug_macro   0x0001d857      0x701 D:\ITESO_GIT_Cat\workspace\Debug\led.o
 .debug_macro   0x0001df58      0x79c D:\ITESO_GIT_Cat\workspace\Debug\SHT.o
 .debug_macro   0x0001e6f4       0x16 D:\ITESO_GIT_Cat\workspace\Debug\SHT.o
 .debug_macro   0x0001e70a       0x4a D:\ITESO_GIT_Cat\workspace\Debug\SHT.o
 .debug_macro   0x0001e754       0x97 D:\ITESO_GIT_Cat\workspace\Debug\SHT.o
 .debug_macro   0x0001e7eb       0xef D:\ITESO_GIT_Cat\workspace\Debug\SHT.o
 .debug_macro   0x0001e8da       0x10 D:\ITESO_GIT_Cat\workspace\Debug\SHT.o
 .debug_macro   0x0001e8ea       0xac D:\ITESO_GIT_Cat\workspace\Debug\SHT.o
 .debug_macro   0x0001e996       0x99 D:\ITESO_GIT_Cat\workspace\Debug\SHT.o
 .debug_macro   0x0001ea2f       0x94 D:\ITESO_GIT_Cat\workspace\Debug\SHT.o
 .debug_macro   0x0001eac3      0x723 D:\ITESO_GIT_Cat\workspace\Debug\CanIf.o
 .debug_macro   0x0001f1e6      0x716 D:\ITESO_GIT_Cat\workspace\Debug\CanIf_Cfg.o
 .debug_macro   0x0001f8fc      0x75d D:\ITESO_GIT_Cat\workspace\Debug\main.o
 .debug_macro   0x00020059       0x5e D:\ITESO_GIT_Cat\workspace\Debug\main.o
 .debug_macro   0x000200b7      0x14f D:\ITESO_GIT_Cat\workspace\Debug\SensingEnvironment.o
 .debug_macro   0x00020206      0x448 D:\ITESO_GIT_Cat\workspace\Debug\startup_sam.o

.debug_line     0x00000000    0x1925a
 .debug_line    0x00000000     0x14f7 D:\ITESO_GIT_Cat\workspace\Debug\dbg_console.o
 .debug_line    0x000014f7     0x13b5 D:\ITESO_GIT_Cat\workspace\Debug\board_lowlevel.o
 .debug_line    0x000028ac      0xf30 D:\ITESO_GIT_Cat\workspace\Debug\MemAlloc.o
 .debug_line    0x000037dc     0x11c0 D:\ITESO_GIT_Cat\workspace\Debug\exceptions.o
 .debug_line    0x0000499c     0x120b D:\ITESO_GIT_Cat\workspace\Debug\pio.o
 .debug_line    0x00005ba7     0x1192 D:\ITESO_GIT_Cat\workspace\Debug\mpu.o
 .debug_line    0x00006d39     0x130c D:\ITESO_GIT_Cat\workspace\Debug\pmc.o
 .debug_line    0x00008045     0x1165 D:\ITESO_GIT_Cat\workspace\Debug\wdt.o
 .debug_line    0x000091aa     0x120a D:\ITESO_GIT_Cat\workspace\Debug\pio_it.o
 .debug_line    0x0000a3b4      0xcec D:\ITESO_GIT_Cat\workspace\Debug\fpu.o
 .debug_line    0x0000b0a0     0x1212 D:\ITESO_GIT_Cat\workspace\Debug\mcan.o
 .debug_line    0x0000c2b2     0x13a8 D:\ITESO_GIT_Cat\workspace\Debug\syscalls.o
 .debug_line    0x0000d65a      0xc6f D:\ITESO_GIT_Cat\workspace\Debug\system_sam.o
 .debug_line    0x0000e2c9     0x1380 D:\ITESO_GIT_Cat\workspace\Debug\timetick.o
 .debug_line    0x0000f649     0x122f D:\ITESO_GIT_Cat\workspace\Debug\app_scheduler.o
 .debug_line    0x00010878     0x10bc D:\ITESO_GIT_Cat\workspace\Debug\Tasks.o
 .debug_line    0x00011934     0x1065 D:\ITESO_GIT_Cat\workspace\Debug\CanNm.o
 .debug_line    0x00012999     0x130b D:\ITESO_GIT_Cat\workspace\Debug\led.o
 .debug_line    0x00013ca4     0x156e D:\ITESO_GIT_Cat\workspace\Debug\SHT.o
 .debug_line    0x00015212     0x1065 D:\ITESO_GIT_Cat\workspace\Debug\CanIf.o
 .debug_line    0x00016277     0x1021 D:\ITESO_GIT_Cat\workspace\Debug\CanIf_Cfg.o
 .debug_line    0x00017298     0x1144 D:\ITESO_GIT_Cat\workspace\Debug\main.o
 .debug_line    0x000183dc      0x36e D:\ITESO_GIT_Cat\workspace\Debug\SensingEnvironment.o
 .debug_line    0x0001874a      0xb10 D:\ITESO_GIT_Cat\workspace\Debug\startup_sam.o

.debug_str      0x00000000    0x7c662
 .debug_str     0x00000000    0x76e9f D:\ITESO_GIT_Cat\workspace\Debug\dbg_console.o
                              0x77473 (size before relaxing)
 .debug_str     0x00076e9f      0x216 D:\ITESO_GIT_Cat\workspace\Debug\board_lowlevel.o
                              0x76b3d (size before relaxing)
 .debug_str     0x000770b5      0x130 D:\ITESO_GIT_Cat\workspace\Debug\MemAlloc.o
                              0x73afb (size before relaxing)
 .debug_str     0x000771e5       0xc4 D:\ITESO_GIT_Cat\workspace\Debug\exceptions.o
                              0x73c30 (size before relaxing)
 .debug_str     0x000772a9      0x1f2 D:\ITESO_GIT_Cat\workspace\Debug\pio.o
                              0x73ec1 (size before relaxing)
 .debug_str     0x0007749b      0x1a6 D:\ITESO_GIT_Cat\workspace\Debug\mpu.o
                              0x73b7b (size before relaxing)
 .debug_str     0x00077641      0x46f D:\ITESO_GIT_Cat\workspace\Debug\pmc.o
                              0x73e77 (size before relaxing)
 .debug_str     0x00077ab0       0xf4 D:\ITESO_GIT_Cat\workspace\Debug\wdt.o
                              0x73aa4 (size before relaxing)
 .debug_str     0x00077ba4      0x4b7 D:\ITESO_GIT_Cat\workspace\Debug\pio_it.o
                              0x7437a (size before relaxing)
 .debug_str     0x0007805b       0xf8 D:\ITESO_GIT_Cat\workspace\Debug\fpu.o
                              0x70dfa (size before relaxing)
 .debug_str     0x00078153     0x1ce5 D:\ITESO_GIT_Cat\workspace\Debug\mcan.o
                              0x78fa4 (size before relaxing)
 .debug_str     0x00079e38      0x5f0 D:\ITESO_GIT_Cat\workspace\Debug\syscalls.o
                              0x76f60 (size before relaxing)
 .debug_str     0x0007a428      0x25b D:\ITESO_GIT_Cat\workspace\Debug\system_sam.o
                              0x6e23e (size before relaxing)
 .debug_str     0x0007a683      0x235 D:\ITESO_GIT_Cat\workspace\Debug\timetick.o
                              0x771af (size before relaxing)
 .debug_str     0x0007a8b8      0x397 D:\ITESO_GIT_Cat\workspace\Debug\app_scheduler.o
                              0x73d54 (size before relaxing)
 .debug_str     0x0007ac4f      0x13d D:\ITESO_GIT_Cat\workspace\Debug\Tasks.o
                              0x769fe (size before relaxing)
 .debug_str     0x0007ad8c      0x15b D:\ITESO_GIT_Cat\workspace\Debug\CanNm.o
                              0x76b34 (size before relaxing)
 .debug_str     0x0007aee7       0xd0 D:\ITESO_GIT_Cat\workspace\Debug\led.o
                              0x76c99 (size before relaxing)
 .debug_str     0x0007afb7      0xdb7 D:\ITESO_GIT_Cat\workspace\Debug\SHT.o
                              0x77efd (size before relaxing)
 .debug_str     0x0007bd6e       0xcc D:\ITESO_GIT_Cat\workspace\Debug\CanIf.o
                              0x76ecb (size before relaxing)
 .debug_str     0x0007be3a       0x37 D:\ITESO_GIT_Cat\workspace\Debug\CanIf_Cfg.o
                              0x76acf (size before relaxing)
 .debug_str     0x0007be71       0x7a D:\ITESO_GIT_Cat\workspace\Debug\main.o
                              0x76ce5 (size before relaxing)
 .debug_str     0x0007beeb      0x183 D:\ITESO_GIT_Cat\workspace\Debug\SensingEnvironment.o
                               0x65d7 (size before relaxing)
 .debug_str     0x0007c06e      0x5f4 D:\ITESO_GIT_Cat\workspace\Debug\startup_sam.o
                              0x6e5e1 (size before relaxing)

.comment        0x00000000       0x70
 .comment       0x00000000       0x70 D:\ITESO_GIT_Cat\workspace\Debug\dbg_console.o
                                 0x71 (size before relaxing)
 .comment       0x00000000       0x71 D:\ITESO_GIT_Cat\workspace\Debug\board_lowlevel.o
 .comment       0x00000000       0x71 D:\ITESO_GIT_Cat\workspace\Debug\MemAlloc.o
 .comment       0x00000000       0x71 D:\ITESO_GIT_Cat\workspace\Debug\exceptions.o
 .comment       0x00000000       0x71 D:\ITESO_GIT_Cat\workspace\Debug\pio.o
 .comment       0x00000000       0x71 D:\ITESO_GIT_Cat\workspace\Debug\mpu.o
 .comment       0x00000000       0x71 D:\ITESO_GIT_Cat\workspace\Debug\pmc.o
 .comment       0x00000000       0x71 D:\ITESO_GIT_Cat\workspace\Debug\wdt.o
 .comment       0x00000000       0x71 D:\ITESO_GIT_Cat\workspace\Debug\pio_it.o
 .comment       0x00000000       0x71 D:\ITESO_GIT_Cat\workspace\Debug\fpu.o
 .comment       0x00000000       0x71 D:\ITESO_GIT_Cat\workspace\Debug\mcan.o
 .comment       0x00000000       0x71 D:\ITESO_GIT_Cat\workspace\Debug\syscalls.o
 .comment       0x00000000       0x71 D:\ITESO_GIT_Cat\workspace\Debug\system_sam.o
 .comment       0x00000000       0x71 D:\ITESO_GIT_Cat\workspace\Debug\timetick.o
 .comment       0x00000000       0x71 D:\ITESO_GIT_Cat\workspace\Debug\app_scheduler.o
 .comment       0x00000000       0x71 D:\ITESO_GIT_Cat\workspace\Debug\Tasks.o
 .comment       0x00000000       0x71 D:\ITESO_GIT_Cat\workspace\Debug\CanNm.o
 .comment       0x00000000       0x71 D:\ITESO_GIT_Cat\workspace\Debug\led.o
 .comment       0x00000000       0x71 D:\ITESO_GIT_Cat\workspace\Debug\SHT.o
 .comment       0x00000000       0x71 D:\ITESO_GIT_Cat\workspace\Debug\CanIf.o
 .comment       0x00000000       0x71 D:\ITESO_GIT_Cat\workspace\Debug\CanIf_Cfg.o
 .comment       0x00000000       0x71 D:\ITESO_GIT_Cat\workspace\Debug\main.o
 .comment       0x00000000       0x71 D:\ITESO_GIT_Cat\workspace\Debug\SensingEnvironment.o
 .comment       0x00000000       0x71 D:\ITESO_GIT_Cat\workspace\Debug\startup_sam.o

.ARM.attributes
                0x00000000       0x35
 .ARM.attributes
                0x00000000       0x37 D:\ITESO_GIT_Cat\workspace\Debug\dbg_console.o
 .ARM.attributes
                0x00000037       0x37 D:\ITESO_GIT_Cat\workspace\Debug\board_lowlevel.o
 .ARM.attributes
                0x0000006e       0x37 D:\ITESO_GIT_Cat\workspace\Debug\MemAlloc.o
 .ARM.attributes
                0x000000a5       0x37 D:\ITESO_GIT_Cat\workspace\Debug\exceptions.o
 .ARM.attributes
                0x000000dc       0x37 D:\ITESO_GIT_Cat\workspace\Debug\pio.o
 .ARM.attributes
                0x00000113       0x37 D:\ITESO_GIT_Cat\workspace\Debug\mpu.o
 .ARM.attributes
                0x0000014a       0x37 D:\ITESO_GIT_Cat\workspace\Debug\pmc.o
 .ARM.attributes
                0x00000181       0x37 D:\ITESO_GIT_Cat\workspace\Debug\wdt.o
 .ARM.attributes
                0x000001b8       0x37 D:\ITESO_GIT_Cat\workspace\Debug\pio_it.o
 .ARM.attributes
                0x000001ef       0x37 D:\ITESO_GIT_Cat\workspace\Debug\fpu.o
 .ARM.attributes
                0x00000226       0x37 D:\ITESO_GIT_Cat\workspace\Debug\mcan.o
 .ARM.attributes
                0x0000025d       0x37 D:\ITESO_GIT_Cat\workspace\Debug\syscalls.o
 .ARM.attributes
                0x00000294       0x37 D:\ITESO_GIT_Cat\workspace\Debug\system_sam.o
 .ARM.attributes
                0x000002cb       0x37 D:\ITESO_GIT_Cat\workspace\Debug\timetick.o
 .ARM.attributes
                0x00000302       0x37 D:\ITESO_GIT_Cat\workspace\Debug\app_scheduler.o
 .ARM.attributes
                0x00000339       0x37 D:\ITESO_GIT_Cat\workspace\Debug\Tasks.o
 .ARM.attributes
                0x00000370       0x37 D:\ITESO_GIT_Cat\workspace\Debug\CanNm.o
 .ARM.attributes
                0x000003a7       0x37 D:\ITESO_GIT_Cat\workspace\Debug\led.o
 .ARM.attributes
                0x000003de       0x37 D:\ITESO_GIT_Cat\workspace\Debug\SHT.o
 .ARM.attributes
                0x00000415       0x37 D:\ITESO_GIT_Cat\workspace\Debug\CanIf.o
 .ARM.attributes
                0x0000044c       0x37 D:\ITESO_GIT_Cat\workspace\Debug\CanIf_Cfg.o
 .ARM.attributes
                0x00000483       0x37 D:\ITESO_GIT_Cat\workspace\Debug\main.o
 .ARM.attributes
                0x000004ba       0x37 D:\ITESO_GIT_Cat\workspace\Debug\SensingEnvironment.o
 .ARM.attributes
                0x000004f1       0x37 D:\ITESO_GIT_Cat\workspace\Debug\startup_sam.o
 .ARM.attributes
                0x00000528       0x33 c:/isystem/winideaopen9/gcc/arm/bin/../lib/gcc/arm-none-eabi/4.9.3/../../../../arm-none-eabi/lib/cortex-m7\libc.a(lib_a-assert.o)
 .ARM.attributes
                0x0000055b       0x33 c:/isystem/winideaopen9/gcc/arm/bin/../lib/gcc/arm-none-eabi/4.9.3/../../../../arm-none-eabi/lib/cortex-m7\libc.a(lib_a-fiprintf.o)
 .ARM.attributes
                0x0000058e       0x33 c:/isystem/winideaopen9/gcc/arm/bin/../lib/gcc/arm-none-eabi/4.9.3/../../../../arm-none-eabi/lib/cortex-m7\libc.a(lib_a-impure.o)
 .ARM.attributes
                0x000005c1       0x21 c:/isystem/winideaopen9/gcc/arm/bin/../lib/gcc/arm-none-eabi/4.9.3/../../../../arm-none-eabi/lib/cortex-m7\libc.a(lib_a-memcpy.o)
 .ARM.attributes
                0x000005e2       0x33 c:/isystem/winideaopen9/gcc/arm/bin/../lib/gcc/arm-none-eabi/4.9.3/../../../../arm-none-eabi/lib/cortex-m7\libc.a(lib_a-printf.o)
 .ARM.attributes
                0x00000615       0x33 c:/isystem/winideaopen9/gcc/arm/bin/../lib/gcc/arm-none-eabi/4.9.3/../../../../arm-none-eabi/lib/cortex-m7\libc.a(lib_a-putchar.o)
 .ARM.attributes
                0x00000648       0x33 c:/isystem/winideaopen9/gcc/arm/bin/../lib/gcc/arm-none-eabi/4.9.3/../../../../arm-none-eabi/lib/cortex-m7\libc.a(lib_a-setvbuf.o)
 .ARM.attributes
                0x0000067b       0x33 c:/isystem/winideaopen9/gcc/arm/bin/../lib/gcc/arm-none-eabi/4.9.3/../../../../arm-none-eabi/lib/cortex-m7\libc.a(lib_a-vfiprintf.o)
 .ARM.attributes
                0x000006ae       0x33 c:/isystem/winideaopen9/gcc/arm/bin/../lib/gcc/arm-none-eabi/4.9.3/../../../../arm-none-eabi/lib/cortex-m7\libc.a(lib_a-vfprintf.o)
 .ARM.attributes
                0x000006e1       0x33 c:/isystem/winideaopen9/gcc/arm/bin/../lib/gcc/arm-none-eabi/4.9.3/../../../../arm-none-eabi/lib/cortex-m7\libc.a(lib_a-wsetup.o)
 .ARM.attributes
                0x00000714       0x33 c:/isystem/winideaopen9/gcc/arm/bin/../lib/gcc/arm-none-eabi/4.9.3/../../../../arm-none-eabi/lib/cortex-m7\libc.a(lib_a-abort.o)
 .ARM.attributes
                0x00000747       0x33 c:/isystem/winideaopen9/gcc/arm/bin/../lib/gcc/arm-none-eabi/4.9.3/../../../../arm-none-eabi/lib/cortex-m7\libc.a(lib_a-dtoa.o)
 .ARM.attributes
                0x0000077a       0x33 c:/isystem/winideaopen9/gcc/arm/bin/../lib/gcc/arm-none-eabi/4.9.3/../../../../arm-none-eabi/lib/cortex-m7\libc.a(lib_a-fflush.o)
 .ARM.attributes
                0x000007ad       0x33 c:/isystem/winideaopen9/gcc/arm/bin/../lib/gcc/arm-none-eabi/4.9.3/../../../../arm-none-eabi/lib/cortex-m7\libc.a(lib_a-findfp.o)
 .ARM.attributes
                0x000007e0       0x33 c:/isystem/winideaopen9/gcc/arm/bin/../lib/gcc/arm-none-eabi/4.9.3/../../../../arm-none-eabi/lib/cortex-m7\libc.a(lib_a-fputwc.o)
 .ARM.attributes
                0x00000813       0x33 c:/isystem/winideaopen9/gcc/arm/bin/../lib/gcc/arm-none-eabi/4.9.3/../../../../arm-none-eabi/lib/cortex-m7\libc.a(lib_a-freer.o)
 .ARM.attributes
                0x00000846       0x33 c:/isystem/winideaopen9/gcc/arm/bin/../lib/gcc/arm-none-eabi/4.9.3/../../../../arm-none-eabi/lib/cortex-m7\libc.a(lib_a-fvwrite.o)
 .ARM.attributes
                0x00000879       0x33 c:/isystem/winideaopen9/gcc/arm/bin/../lib/gcc/arm-none-eabi/4.9.3/../../../../arm-none-eabi/lib/cortex-m7\libc.a(lib_a-fwalk.o)
 .ARM.attributes
                0x000008ac       0x33 c:/isystem/winideaopen9/gcc/arm/bin/../lib/gcc/arm-none-eabi/4.9.3/../../../../arm-none-eabi/lib/cortex-m7\libc.a(lib_a-locale.o)
 .ARM.attributes
                0x000008df       0x33 c:/isystem/winideaopen9/gcc/arm/bin/../lib/gcc/arm-none-eabi/4.9.3/../../../../arm-none-eabi/lib/cortex-m7\libc.a(lib_a-makebuf.o)
 .ARM.attributes
                0x00000912       0x33 c:/isystem/winideaopen9/gcc/arm/bin/../lib/gcc/arm-none-eabi/4.9.3/../../../../arm-none-eabi/lib/cortex-m7\libc.a(lib_a-malloc.o)
 .ARM.attributes
                0x00000945       0x33 c:/isystem/winideaopen9/gcc/arm/bin/../lib/gcc/arm-none-eabi/4.9.3/../../../../arm-none-eabi/lib/cortex-m7\libc.a(lib_a-mallocr.o)
 .ARM.attributes
                0x00000978       0x33 c:/isystem/winideaopen9/gcc/arm/bin/../lib/gcc/arm-none-eabi/4.9.3/../../../../arm-none-eabi/lib/cortex-m7\libc.a(lib_a-memchr.o)
 .ARM.attributes
                0x000009ab       0x33 c:/isystem/winideaopen9/gcc/arm/bin/../lib/gcc/arm-none-eabi/4.9.3/../../../../arm-none-eabi/lib/cortex-m7\libc.a(lib_a-memmove.o)
 .ARM.attributes
                0x000009de       0x33 c:/isystem/winideaopen9/gcc/arm/bin/../lib/gcc/arm-none-eabi/4.9.3/../../../../arm-none-eabi/lib/cortex-m7\libc.a(lib_a-memset.o)
 .ARM.attributes
                0x00000a11       0x33 c:/isystem/winideaopen9/gcc/arm/bin/../lib/gcc/arm-none-eabi/4.9.3/../../../../arm-none-eabi/lib/cortex-m7\libc.a(lib_a-mlock.o)
 .ARM.attributes
                0x00000a44       0x33 c:/isystem/winideaopen9/gcc/arm/bin/../lib/gcc/arm-none-eabi/4.9.3/../../../../arm-none-eabi/lib/cortex-m7\libc.a(lib_a-mprec.o)
 .ARM.attributes
                0x00000a77       0x33 c:/isystem/winideaopen9/gcc/arm/bin/../lib/gcc/arm-none-eabi/4.9.3/../../../../arm-none-eabi/lib/cortex-m7\libc.a(lib_a-putc.o)
 .ARM.attributes
                0x00000aaa       0x33 c:/isystem/winideaopen9/gcc/arm/bin/../lib/gcc/arm-none-eabi/4.9.3/../../../../arm-none-eabi/lib/cortex-m7\libc.a(lib_a-reallocr.o)
 .ARM.attributes
                0x00000add       0x33 c:/isystem/winideaopen9/gcc/arm/bin/../lib/gcc/arm-none-eabi/4.9.3/../../../../arm-none-eabi/lib/cortex-m7\libc.a(lib_a-s_fpclassify.o)
 .ARM.attributes
                0x00000b10       0x33 c:/isystem/winideaopen9/gcc/arm/bin/../lib/gcc/arm-none-eabi/4.9.3/../../../../arm-none-eabi/lib/cortex-m7\libc.a(lib_a-sbrkr.o)
 .ARM.attributes
                0x00000b43       0x33 c:/isystem/winideaopen9/gcc/arm/bin/../lib/gcc/arm-none-eabi/4.9.3/../../../../arm-none-eabi/lib/cortex-m7\libc.a(lib_a-signal.o)
 .ARM.attributes
                0x00000b76       0x33 c:/isystem/winideaopen9/gcc/arm/bin/../lib/gcc/arm-none-eabi/4.9.3/../../../../arm-none-eabi/lib/cortex-m7\libc.a(lib_a-signalr.o)
 .ARM.attributes
                0x00000ba9       0x33 c:/isystem/winideaopen9/gcc/arm/bin/../lib/gcc/arm-none-eabi/4.9.3/../../../../arm-none-eabi/lib/cortex-m7\libc.a(lib_a-stdio.o)
 .ARM.attributes
                0x00000bdc       0x33 c:/isystem/winideaopen9/gcc/arm/bin/../lib/gcc/arm-none-eabi/4.9.3/../../../../arm-none-eabi/lib/cortex-m7\libc.a(lib_a-strlen.o)
 .ARM.attributes
                0x00000c0f       0x33 c:/isystem/winideaopen9/gcc/arm/bin/../lib/gcc/arm-none-eabi/4.9.3/../../../../arm-none-eabi/lib/cortex-m7\libc.a(lib_a-wbuf.o)
 .ARM.attributes
                0x00000c42       0x33 c:/isystem/winideaopen9/gcc/arm/bin/../lib/gcc/arm-none-eabi/4.9.3/../../../../arm-none-eabi/lib/cortex-m7\libc.a(lib_a-wcrtomb.o)
 .ARM.attributes
                0x00000c75       0x33 c:/isystem/winideaopen9/gcc/arm/bin/../lib/gcc/arm-none-eabi/4.9.3/../../../../arm-none-eabi/lib/cortex-m7\libc.a(lib_a-wctomb_r.o)
 .ARM.attributes
                0x00000ca8       0x33 c:/isystem/winideaopen9/gcc/arm/bin/../lib/gcc/arm-none-eabi/4.9.3/../../../../arm-none-eabi/lib/cortex-m7\libc.a(lib_a-writer.o)
 .ARM.attributes