Archive member included because of file (symbol)

c:/isystem/winideaopen9/gcc/arm/bin/../lib/gcc/arm-none-eabi/4.9.3/../../../../arm-none-eabi/lib/cortex-m7\libc.a(lib_a-assert.o)
                              D:\ITESO\Tesis_Control_Catalizador\BaseProject_Project\workspace\Debug\pmc.o (__assert_func)
c:/isystem/winideaopen9/gcc/arm/bin/../lib/gcc/arm-none-eabi/4.9.3/../../../../arm-none-eabi/lib/cortex-m7\libc.a(lib_a-fiprintf.o)
                              c:/isystem/winideaopen9/gcc/arm/bin/../lib/gcc/arm-none-eabi/4.9.3/../../../../arm-none-eabi/lib/cortex-m7\libc.a(lib_a-assert.o) (fiprintf)
c:/isystem/winideaopen9/gcc/arm/bin/../lib/gcc/arm-none-eabi/4.9.3/../../../../arm-none-eabi/lib/cortex-m7\libc.a(lib_a-impure.o)
                              D:\ITESO\Tesis_Control_Catalizador\BaseProject_Project\workspace\Debug\dbg_console.o (_impure_ptr)
c:/isystem/winideaopen9/gcc/arm/bin/../lib/gcc/arm-none-eabi/4.9.3/../../../../arm-none-eabi/lib/cortex-m7\libc.a(lib_a-memcpy.o)
                              D:\ITESO\Tesis_Control_Catalizador\BaseProject_Project\workspace\Debug\board_memories.o (memcpy)
c:/isystem/winideaopen9/gcc/arm/bin/../lib/gcc/arm-none-eabi/4.9.3/../../../../arm-none-eabi/lib/cortex-m7\libc.a(lib_a-printf.o)
                              D:\ITESO\Tesis_Control_Catalizador\BaseProject_Project\workspace\Debug\dbg_console.o (printf)
c:/isystem/winideaopen9/gcc/arm/bin/../lib/gcc/arm-none-eabi/4.9.3/../../../../arm-none-eabi/lib/cortex-m7\libc.a(lib_a-putchar.o)
                              D:\ITESO\Tesis_Control_Catalizador\BaseProject_Project\workspace\Debug\dbg_console.o (putchar)
c:/isystem/winideaopen9/gcc/arm/bin/../lib/gcc/arm-none-eabi/4.9.3/../../../../arm-none-eabi/lib/cortex-m7\libc.a(lib_a-setvbuf.o)
                              D:\ITESO\Tesis_Control_Catalizador\BaseProject_Project\workspace\Debug\dbg_console.o (setvbuf)
c:/isystem/winideaopen9/gcc/arm/bin/../lib/gcc/arm-none-eabi/4.9.3/../../../../arm-none-eabi/lib/cortex-m7\libc.a(lib_a-vfiprintf.o)
                              c:/isystem/winideaopen9/gcc/arm/bin/../lib/gcc/arm-none-eabi/4.9.3/../../../../arm-none-eabi/lib/cortex-m7\libc.a(lib_a-fiprintf.o) (_vfiprintf_r)
c:/isystem/winideaopen9/gcc/arm/bin/../lib/gcc/arm-none-eabi/4.9.3/../../../../arm-none-eabi/lib/cortex-m7\libc.a(lib_a-vfprintf.o)
                              c:/isystem/winideaopen9/gcc/arm/bin/../lib/gcc/arm-none-eabi/4.9.3/../../../../arm-none-eabi/lib/cortex-m7\libc.a(lib_a-printf.o) (_vfprintf_r)
c:/isystem/winideaopen9/gcc/arm/bin/../lib/gcc/arm-none-eabi/4.9.3/../../../../arm-none-eabi/lib/cortex-m7\libc.a(lib_a-wsetup.o)
                              c:/isystem/winideaopen9/gcc/arm/bin/../lib/gcc/arm-none-eabi/4.9.3/../../../../arm-none-eabi/lib/cortex-m7\libc.a(lib_a-vfiprintf.o) (__swsetup_r)
c:/isystem/winideaopen9/gcc/arm/bin/../lib/gcc/arm-none-eabi/4.9.3/../../../../arm-none-eabi/lib/cortex-m7\libc.a(lib_a-abort.o)
                              c:/isystem/winideaopen9/gcc/arm/bin/../lib/gcc/arm-none-eabi/4.9.3/../../../../arm-none-eabi/lib/cortex-m7\libc.a(lib_a-assert.o) (abort)
c:/isystem/winideaopen9/gcc/arm/bin/../lib/gcc/arm-none-eabi/4.9.3/../../../../arm-none-eabi/lib/cortex-m7\libc.a(lib_a-dtoa.o)
                              c:/isystem/winideaopen9/gcc/arm/bin/../lib/gcc/arm-none-eabi/4.9.3/../../../../arm-none-eabi/lib/cortex-m7\libc.a(lib_a-vfprintf.o) (_dtoa_r)
c:/isystem/winideaopen9/gcc/arm/bin/../lib/gcc/arm-none-eabi/4.9.3/../../../../arm-none-eabi/lib/cortex-m7\libc.a(lib_a-fflush.o)
                              c:/isystem/winideaopen9/gcc/arm/bin/../lib/gcc/arm-none-eabi/4.9.3/../../../../arm-none-eabi/lib/cortex-m7\libc.a(lib_a-setvbuf.o) (_fflush_r)
c:/isystem/winideaopen9/gcc/arm/bin/../lib/gcc/arm-none-eabi/4.9.3/../../../../arm-none-eabi/lib/cortex-m7\libc.a(lib_a-findfp.o)
                              c:/isystem/winideaopen9/gcc/arm/bin/../lib/gcc/arm-none-eabi/4.9.3/../../../../arm-none-eabi/lib/cortex-m7\libc.a(lib_a-setvbuf.o) (_cleanup_r)
c:/isystem/winideaopen9/gcc/arm/bin/../lib/gcc/arm-none-eabi/4.9.3/../../../../arm-none-eabi/lib/cortex-m7\libc.a(lib_a-fputwc.o)
                              c:/isystem/winideaopen9/gcc/arm/bin/../lib/gcc/arm-none-eabi/4.9.3/../../../../arm-none-eabi/lib/cortex-m7\libc.a(lib_a-vfiprintf.o) (_fputwc_r)
c:/isystem/winideaopen9/gcc/arm/bin/../lib/gcc/arm-none-eabi/4.9.3/../../../../arm-none-eabi/lib/cortex-m7\libc.a(lib_a-freer.o)
                              c:/isystem/winideaopen9/gcc/arm/bin/../lib/gcc/arm-none-eabi/4.9.3/../../../../arm-none-eabi/lib/cortex-m7\libc.a(lib_a-setvbuf.o) (_free_r)
c:/isystem/winideaopen9/gcc/arm/bin/../lib/gcc/arm-none-eabi/4.9.3/../../../../arm-none-eabi/lib/cortex-m7\libc.a(lib_a-fvwrite.o)
                              c:/isystem/winideaopen9/gcc/arm/bin/../lib/gcc/arm-none-eabi/4.9.3/../../../../arm-none-eabi/lib/cortex-m7\libc.a(lib_a-vfiprintf.o) (__sfvwrite_r)
[...]
Memory Configuration

Name             Origin             Length             Attributes
rom              0x00400000         0x00200000         xr
ram              0x20400000         0x00050000         xrw
ram_heap         0x20450000         0x00010000         xrw
sdram            0x70000000         0x00200000         xrw
*default*        0x00000000         0xffffffff

Linker script and memory map

LOAD D:\ITESO\Tesis_Control_Catalizador\BaseProject_Project\workspace\Debug\dbg_console.o
LOAD D:\ITESO\Tesis_Control_Catalizador\BaseProject_Project\workspace\Debug\board_lowlevel.o
LOAD D:\ITESO\Tesis_Control_Catalizador\BaseProject_Project\workspace\Debug\board_memories.o
LOAD D:\ITESO\Tesis_Control_Catalizador\BaseProject_Project\workspace\Debug\exceptions.o
LOAD D:\ITESO\Tesis_Control_Catalizador\BaseProject_Project\workspace\Debug\pio.o
LOAD D:\ITESO\Tesis_Control_Catalizador\BaseProject_Project\workspace\Debug\mpu.o
LOAD D:\ITESO\Tesis_Control_Catalizador\BaseProject_Project\workspace\Debug\pmc.o
LOAD D:\ITESO\Tesis_Control_Catalizador\BaseProject_Project\workspace\Debug\uart.o
LOAD D:\ITESO\Tesis_Control_Catalizador\BaseProject_Project\workspace\Debug\wdt.o
LOAD D:\ITESO\Tesis_Control_Catalizador\BaseProject_Project\workspace\Debug\pio_it.o
LOAD D:\ITESO\Tesis_Control_Catalizador\BaseProject_Project\workspace\Debug\supc.o
LOAD D:\ITESO\Tesis_Control_Catalizador\BaseProject_Project\workspace\Debug\tc.o
LOAD D:\ITESO\Tesis_Control_Catalizador\BaseProject_Project\workspace\Debug\xdma_hardware_interface.o
LOAD D:\ITESO\Tesis_Control_Catalizador\BaseProject_Project\workspace\Debug\xdmac.o
LOAD D:\ITESO\Tesis_Control_Catalizador\BaseProject_Project\workspace\Debug\xdmad.o
LOAD D:\ITESO\Tesis_Control_Catalizador\BaseProject_Project\workspace\Debug\fpu.o
LOAD D:\ITESO\Tesis_Control_Catalizador\BaseProject_Project\workspace\Debug\twihs.o
LOAD D:\ITESO\Tesis_Control_Catalizador\BaseProject_Project\workspace\Debug\syscalls.o
LOAD D:\ITESO\Tesis_Control_Catalizador\BaseProject_Project\workspace\Debug\system_sam.o
LOAD D:\ITESO\Tesis_Control_Catalizador\BaseProject_Project\workspace\Debug\timetick.o
LOAD D:\ITESO\Tesis_Control_Catalizador\BaseProject_Project\workspace\Debug\app_scheduler.o
LOAD D:\ITESO\Tesis_Control_Catalizador\BaseProject_Project\workspace\Debug\Tasks.o
LOAD D:\ITESO\Tesis_Control_Catalizador\BaseProject_Project\workspace\Debug\led.o
LOAD D:\ITESO\Tesis_Control_Catalizador\BaseProject_Project\workspace\Debug\SHT.o
LOAD D:\ITESO\Tesis_Control_Catalizador\BaseProject_Project\workspace\Debug\main.o
LOAD D:\ITESO\Tesis_Control_Catalizador\BaseProject_Project\workspace\Debug\SensingEnvironment.o
LOAD D:\ITESO\Tesis_Control_Catalizador\BaseProject_Project\workspace\Debug\startup_sam.o
                0x00002000                STACK_SIZE = DEFINED (STACK_SIZE)?STACK_SIZE:0x2000
                0x00001000                HEAP_SIZE = DEFINED (HEAP_SIZE)?HEAP_SIZE:0x1000
                0x00010000                MY_HEAP_SIZE = DEFINED (MY_HEAP_SIZE)?MY_HEAP_SIZE:0x10000

.text           0x00400000     0xa070
                0x00400000                . = ALIGN (0x4)
                0x00400000                _sfixed = .
 *(.vectors .vectors.*)
 .vectors       0x00400000      0x140 D:\ITESO\Tesis_Control_Catalizador\BaseProject_Project\workspace\Debug\startup_sam.o
                0x00400000                exception_table
 *(.text .text.* .gnu.linkonce.t.*)
 .text          0x00400140      0x56c D:\ITESO\Tesis_Control_Catalizador\BaseProject_Project\workspace\Debug\dbg_console.o
                0x00400140                DBG_Configure
                0x004001f0                DBG_PutChar
                0x00400244                DBG_GetChar
                0x00400288                DBG_IsRxReady
                0x004002c0                DBG_DumpFrame
                0x00400304                DBG_DumpMemory
                0x00400468                DBG_GetInteger
                0x00400538                DBG_GetIntegerMinMax
                0x00400598                DBG_GetHexa32
                0x00400640                puts
                0x0040066c                gets
 .text          0x004006ac      0x19c D:\ITESO\Tesis_Control_Catalizador\BaseProject_Project\workspace\Debug\board_lowlevel.o
                0x004006ac                _SetupMemoryRegion
                0x00400838                LowLevelInit
 .text          0x00400848       0xe8 D:\ITESO\Tesis_Control_Catalizador\BaseProject_Project\workspace\Debug\exceptions.o
                0x00400848                NMI_Handler
                0x004008d0                HardFault_Handler
                0x004008e4                MemManage_Handler
                0x004008fc                BusFault_Handler
                0x00400918                UsageFault_Handler
 .text          0x00400930      0x540 D:\ITESO\Tesis_Control_Catalizador\BaseProject_Project\workspace\Debug\pio.o
                0x00400ba0                PIO_Configure
                0x00400d04                PIO_Set
                0x00400d20                PIO_Clear
                0x00400d3c                PIO_Get
                0x00400d84                PIO_GetOutputDataStatus
                0x00400db0                PIO_SetDebounceFilter
                0x00400dec                PIO_EnableWriteProtect
                0x00400e10                PIO_DisableWriteProtect
                0x00400e34                PIO_GetWriteProtectViolationInfo
                0x00400e54                PIO_SetPinType
 .text          0x00400e70       0xf0 D:\ITESO\Tesis_Control_Catalizador\BaseProject_Project\workspace\Debug\mpu.o
                0x00400e70                MPU_Enable
                0x00400e8c                MPU_SetRegionNum
                0x00400ea8                MPU_DisableRegion
                0x00400ec4                MPU_SetRegion
                0x00400ee8                MPU_CalMPURegionSize
                0x00400f28                MPU_UpdateRegions
 .text          0x00400f60      0x76c D:\ITESO\Tesis_Control_Catalizador\BaseProject_Project\workspace\Debug\pmc.o
                0x00401034                PMC_EnablePeripheral
                0x004010c4                PMC_DisablePeripheral
                0x00401154                PMC_EnableAllPeripherals
                0x00401194                PMC_DisableAllPeripherals
                0x004011d0                PMC_IsPeriphEnabled
                0x0040122c                PMC_EnableExtOsc
                0x004012a8                PMC_DisableExtOsc
                0x004012e4                PMC_SelectExtOsc
                0x00401350                PMC_SelectExtBypassOsc
                0x004013bc                PMC_EnableIntRC4_8_12MHz
                0x00401448                PMC_DisableIntRC4_8_12MHz
                0x0040148c                PMC_SetPllaClock
                0x004014e4                PMC_SetMckSelection
                0x00401528                PMC_DisableAllClocks
                0x00401578                PMC_ConfigureMckWithPlla
                0x004015b0                PMC_EnableXT32KFME
                0x004015dc                PMC_ConfigurePCK0
                0x0040162c                PMC_ConfigurePCK1
                0x0040167c                PMC_ConfigurePCK2
 .text          0x004016cc       0xa8 D:\ITESO\Tesis_Control_Catalizador\BaseProject_Project\workspace\Debug\wdt.o
                0x004016cc                WDT_Enable
                0x004016e8                WDT_Disable
                0x00401704                WDT_Restart
                0x00401720                WDT_GetStatus
                0x0040173c                WDT_GetPeriod
 .text          0x00401774      0x4ac D:\ITESO\Tesis_Control_Catalizador\BaseProject_Project\workspace\Debug\pio_it.o
                0x00401860                PioInterruptHandler
                0x00401910                PIOA_Handler
                0x00401924                PIOB_Handler
                0x00401938                PIOC_Handler
                0x0040194c                PIOD_Handler
                0x00401960                PIOE_Handler
                0x00401974                PIO_InitializeInterrupts
                0x00401a7c                PIO_ConfigureIt
                0x00401b58                PIO_EnableIt
                0x00401be8                PIO_DisableIt
 .text          0x00401c20       0xa0 D:\ITESO\Tesis_Control_Catalizador\BaseProject_Project\workspace\Debug\fpu.o
                0x00401c90                vfnFpu_enable
 .text          0x00401cc0      0x6b0 D:\ITESO\Tesis_Control_Catalizador\BaseProject_Project\workspace\Debug\twihs.o
                0x00401cc0                twihs_enable_master_mode
                0x00401ce4                twihs_disable_master_mode
                0x00401cfc                twihs_master_init
                0x00401d48                twihs_set_speed
                0x00401e3c                twihs_probe
                0x00401ed4                twihs_master_read
                0x00401fb8                twihs_master_write
                0x00402090                twihs_enable_interrupt
                0x004020ac                twihs_disable_interrupt
                0x004020cc                twihs_get_interrupt_status
                0x004020e4                twihs_get_interrupt_mask
                0x004020fc                twihs_read_byte
                0x00402118                twihs_write_byte
                0x00402134                twihs_enable_slave_mode
                0x00402158                twihs_disable_slave_mode
                0x00402170                twihs_slave_init
                0x004021a4                twihs_set_slave_addr
                0x004021c4                twihs_slave_read
                0x00402230                twihs_slave_write
                0x0040229c                twihs_reset
                0x004022b8                twihs_set_write_protection
                0x004022f0                twihs_read_write_protection_status
                0x00402310                twihs_smbus_set_timing
                0x0040232c                twihs_set_filter
                0x00402348                twihs_mask_slave_addr
 .text          0x00402370      0x164 D:\ITESO\Tesis_Control_Catalizador\BaseProject_Project\workspace\Debug\syscalls.o
                0x00402370                _sbrk
                0x004023b0                link
                0x004023cc                _close
                0x004023e4                _fstat
                0x00402404                _isatty
                0x0040241c                _lseek
                0x00402438                _read
                0x00402454                _write
                0x00402490                _exit
                0x004024a8                _kill
                0x004024c0                _getpid
 .text          0x004024d4      0x378 D:\ITESO\Tesis_Control_Catalizador\BaseProject_Project\workspace\Debug\system_sam.o
                0x004024d4                SystemInit
                0x004025e0                SystemCoreClockUpdate
                0x00402748                system_init_flash
                0x004027dc                sysclk_enable_usb
                0x00402818                sysclk_disable_usb
 .text          0x0040284c      0x33c D:\ITESO\Tesis_Control_Catalizador\BaseProject_Project\workspace\Debug\timetick.o
                0x004028e4                SysTick_Handler
                0x0040296c                SetTimeEvent
                0x00402988                TimeTick_Configure
                0x00402a48                GetDelayInTicks
                0x00402a94                GetTicks
                0x00402ac8                Wait
                0x00402b28                Sleep
 .text          0x00402b88      0x26c D:\ITESO\Tesis_Control_Catalizador\BaseProject_Project\workspace\Debug\app_scheduler.o
                0x00402b88                vfnScheduler_Callback
                0x00402cb4                vfnScheduler_Init
                0x00402d38                vfnScheduler_Start
                0x00402d54                vfnScheduler_Stop
                0x00402d6c                vfnTask_Scheduler
 .text          0x00402df4       0xb0 D:\ITESO\Tesis_Control_Catalizador\BaseProject_Project\workspace\Debug\Tasks.o
                0x00402df4                vfnTsk_Init
                0x00402e00                vfnTsk_1ms
                0x00402e0c                vfnTsk_2msA
                0x00402e18                vfnTsk_2msB
                0x00402e24                vfnTsk_10ms
                0x00402e50                vfnTsk_50ms
                0x00402e5c                vfnTsk_100ms
 .text          0x00402ea4      0x168 D:\ITESO\Tesis_Control_Catalizador\BaseProject_Project\workspace\Debug\led.o
                0x00402ea4                LED_Configure
                0x00402edc                LED_Set
                0x00402f40                LED_Clear
                0x00402fa4                LED_Toggle
 .text          0x0040300c       0xb8 D:\ITESO\Tesis_Control_Catalizador\BaseProject_Project\workspace\Debug\SHT.o
                0x0040300c                SHT_Init
                0x00403034                SHT_ObtainTemp
                0x00403088                SHT_ObtainRH
                0x00403098                SHT_CalculateDP
                0x004030a8                SHT_GetTemperatureRaw
 .text          0x004030c4      0x180 D:\ITESO\Tesis_Control_Catalizador\BaseProject_Project\workspace\Debug\main.o
                0x004031b4                main
 .text          0x00403244      0x12c D:\ITESO\Tesis_Control_Catalizador\BaseProject_Project\workspace\Debug\SensingEnvironment.o
                0x00403244                SensEnv_Init
                0x0040325c                Process_Sensing_Env
                0x004032ec                get_Temp
                0x00403310                get_RH
                0x00403334                Calculate_DP
                0x00403358                Send_Results
 .text          0x00403370       0xe0 D:\ITESO\Tesis_Control_Catalizador\BaseProject_Project\workspace\Debug\startup_sam.o
                0x004033b0                Reset_Handler
                0x00403448                DebugMon_Handler
                0x00403448                UART3_Handler
                0x00403448                UART2_Handler
                0x00403448                TRNG_Handler
                0x00403448                TC2_Handler
                0x00403448                AFEC1_Handler
                0x00403448                PendSV_Handler
                0x00403448                TC7_Handler
                0x00403448                QSPI_Handler
                0x00403448                ISI_Handler
                0x00403448                TC9_Handler
                0x00403448                RSWDT_Handler
                0x00403448                MCAN1_Handler
                0x00403448                USART0_Handler
                0x00403448                RTT_Handler
                0x00403448                USBHS_Handler
                0x00403448                CCF_Handler
                0x00403448                RTC_Handler
                0x00403448                TC6_Handler
                0x00403448                WDT_Handler
                0x00403448                TC4_Handler
                0x00403448                TC1_Handler
                0x00403448                HSMCI_Handler
                0x00403448                UART1_Handler
                0x00403448                DACC_Handler
                0x00403448                TC3_Handler
                0x00403448                Dummy_Handler
                0x00403448                TWIHS1_Handler
                0x00403448                XDMAC_Handler
                0x00403448                UART4_Handler
                0x00403448                PWM1_Handler
                0x00403448                USART1_Handler
                0x00403448                PWM0_Handler
                0x00403448                AFEC0_Handler
                0x00403448                CCW_Handler
                0x00403448                TC11_Handler
                0x00403448                SSC_Handler
                0x00403448                ACC_Handler
                0x00403448                PMC_Handler
                0x00403448                GMAC_Handler
                0x00403448                SUPC_Handler
                0x00403448                SVC_Handler
                0x00403448                TC8_Handler
                0x00403448                GMACQ2_Handler
                0x00403448                EFC_Handler
                0x00403448                USART2_Handler
                0x00403448                SDRAMC_Handler
                0x00403448                SPI1_Handler
                0x00403448                MCAN0_Handler
                0x00403448                TC10_Handler
                0x00403448                TWIHS2_Handler
                0x00403448                MLB_Handler
                0x00403448                UART0_Handler
                0x00403448                GMACQ1_Handler
                0x00403448                MCAN1_Line1_Handler
                0x00403448                FPU_Handler
                0x00403448                RSTC_Handler
                0x00403448                TC0_Handler
                0x00403448                MCAN0_Line1_Handler
                0x00403448                TC5_Handler
                0x00403448                AES_Handler
                0x00403448                ICM_Handler
                0x00403448                TWIHS0_Handler
                0x00403448                SPI0_Handler
 .text.__assert_func
                0x00403450       0x3c c:/isystem/winideaopen9/gcc/arm/bin/../lib/gcc/arm-none-eabi/4.9.3/../../../../arm-none-eabi/lib/cortex-m7\libc.a(lib_a-assert.o)
                0x00403450                __assert_func
 .text.fiprintf
                0x0040348c       0x28 c:/isystem/winideaopen9/gcc/arm/bin/../lib/gcc/arm-none-eabi/4.9.3/../../../../arm-none-eabi/lib/cortex-m7\libc.a(lib_a-fiprintf.o)
                0x0040348c                fiprintf
 .text          0x004034b4      0x134 c:/isystem/winideaopen9/gcc/arm/bin/../lib/gcc/arm-none-eabi/4.9.3/../../../../arm-none-eabi/lib/cortex-m7\libc.a(lib_a-memcpy.o)
                0x004034b4                memcpy
 .text.printf   0x004035e8       0x28 c:/isystem/winideaopen9/gcc/arm/bin/../lib/gcc/arm-none-eabi/4.9.3/../../../../arm-none-eabi/lib/cortex-m7\libc.a(lib_a-printf.o)
                0x004035e8                printf
 .text.putchar  0x00403610       0x10 c:/isystem/winideaopen9/gcc/arm/bin/../lib/gcc/arm-none-eabi/4.9.3/../../../../arm-none-eabi/lib/cortex-m7\libc.a(lib_a-putchar.o)
                0x00403610                putchar
 .text.setvbuf  0x00403620       0xfc c:/isystem/winideaopen9/gcc/arm/bin/../lib/gcc/arm-none-eabi/4.9.3/../../../../arm-none-eabi/lib/cortex-m7\libc.a(lib_a-setvbuf.o)
                0x00403620                setvbuf
 .text.__sprint_r.part.0
                0x0040371c       0x78 c:/isystem/winideaopen9/gcc/arm/bin/../lib/gcc/arm-none-eabi/4.9.3/../../../../arm-none-eabi/lib/cortex-m7\libc.a(lib_a-vfiprintf.o)
 .text.__sprint_r
                0x00403794       0x18 c:/isystem/winideaopen9/gcc/arm/bin/../lib/gcc/arm-none-eabi/4.9.3/../../../../arm-none-eabi/lib/cortex-m7\libc.a(lib_a-vfiprintf.o)
                0x00403794                __sprint_r
 .text._vfiprintf_r
                0x004037ac      0xbf4 c:/isystem/winideaopen9/gcc/arm/bin/../lib/gcc/arm-none-eabi/4.9.3/../../../../arm-none-eabi/lib/cortex-m7\libc.a(lib_a-vfiprintf.o)
                0x004037ac                _vfiprintf_r
 .text.__sbprintf
                0x004043a0       0x80 c:/isystem/winideaopen9/gcc/arm/bin/../lib/gcc/arm-none-eabi/4.9.3/../../../../arm-none-eabi/lib/cortex-m7\libc.a(lib_a-vfiprintf.o)
 .text._vfprintf_r
                0x00404420     0x1554 c:/isystem/winideaopen9/gcc/arm/bin/../lib/gcc/arm-none-eabi/4.9.3/../../../../arm-none-eabi/lib/cortex-m7\libc.a(lib_a-vfprintf.o)
                0x00404420                _vfprintf_r
 .text.__sbprintf
                0x00405974       0x80 c:/isystem/winideaopen9/gcc/arm/bin/../lib/gcc/arm-none-eabi/4.9.3/../../../../arm-none-eabi/lib/cortex-m7\libc.a(lib_a-vfprintf.o)
 .text.__swsetup_r
                0x004059f4       0xc4 c:/isystem/winideaopen9/gcc/arm/bin/../lib/gcc/arm-none-eabi/4.9.3/../../../../arm-none-eabi/lib/cortex-m7\libc.a(lib_a-wsetup.o)
                0x004059f4                __swsetup_r
 .text.abort    0x00405ab8       0x10 c:/isystem/winideaopen9/gcc/arm/bin/../lib/gcc/arm-none-eabi/4.9.3/../../../../arm-none-eabi/lib/cortex-m7\libc.a(lib_a-abort.o)
                0x00405ab8                abort
 .text.quorem   0x00405ac8      0x140 c:/isystem/winideaopen9/gcc/arm/bin/../lib/gcc/arm-none-eabi/4.9.3/../../../../arm-none-eabi/lib/cortex-m7\libc.a(lib_a-dtoa.o)
 .text._dtoa_r  0x00405c08      0xee8 c:/isystem/winideaopen9/gcc/arm/bin/../lib/gcc/arm-none-eabi/4.9.3/../../../../arm-none-eabi/lib/cortex-m7\libc.a(lib_a-dtoa.o)
                0x00405c08                _dtoa_r
 .text.__sflush_r
                0x00406af0      0x148 c:/isystem/winideaopen9/gcc/arm/bin/../lib/gcc/arm-none-eabi/4.9.3/../../../../arm-none-eabi/lib/cortex-m7\libc.a(lib_a-fflush.o)
                0x00406af0                __sflush_r
 .text._fflush_r
                0x00406c38       0x2c c:/isystem/winideaopen9/gcc/arm/bin/../lib/gcc/arm-none-eabi/4.9.3/../../../../arm-none-eabi/lib/cortex-m7\libc.a(lib_a-fflush.o)
                0x00406c38                _fflush_r
 .text._cleanup_r
                0x00406c64        0xc c:/isystem/winideaopen9/gcc/arm/bin/../lib/gcc/arm-none-eabi/4.9.3/../../../../arm-none-eabi/lib/cortex-m7\libc.a(lib_a-findfp.o)
                0x00406c64                _cleanup_r
 .text.__sinit.part.1
                0x00406c70       0xfc c:/isystem/winideaopen9/gcc/arm/bin/../lib/gcc/arm-none-eabi/4.9.3/../../../../arm-none-eabi/lib/cortex-m7\libc.a(lib_a-findfp.o)
 .text.__sinit  0x00406d6c        0xc c:/isystem/winideaopen9/gcc/arm/bin/../lib/gcc/arm-none-eabi/4.9.3/../../../../arm-none-eabi/lib/cortex-m7\libc.a(lib_a-findfp.o)
                0x00406d6c                __sinit
 .text.__sfp_lock_acquire
                0x00406d78        0x4 c:/isystem/winideaopen9/gcc/arm/bin/../lib/gcc/arm-none-eabi/4.9.3/../../../../arm-none-eabi/lib/cortex-m7\libc.a(lib_a-findfp.o)
                0x00406d78                __sfp_lock_acquire
 .text.__sfp_lock_release
                0x00406d7c        0x4 c:/isystem/winideaopen9/gcc/arm/bin/../lib/gcc/arm-none-eabi/4.9.3/../../../../arm-none-eabi/lib/cortex-m7\libc.a(lib_a-findfp.o)
                0x00406d7c                __sfp_lock_release
 .text.__fputwc
                0x00406d80       0xb0 c:/isystem/winideaopen9/gcc/arm/bin/../lib/gcc/arm-none-eabi/4.9.3/../../../../arm-none-eabi/lib/cortex-m7\libc.a(lib_a-fputwc.o)
                0x00406d80                __fputwc
 .text._fputwc_r
                0x00406e30       0x24 c:/isystem/winideaopen9/gcc/arm/bin/../lib/gcc/arm-none-eabi/4.9.3/../../../../arm-none-eabi/lib/cortex-m7\libc.a(lib_a-fputwc.o)
                0x00406e30                _fputwc_r
 .text._malloc_trim_r
                0x00406e54       0x9c c:/isystem/winideaopen9/gcc/arm/bin/../lib/gcc/arm-none-eabi/4.9.3/../../../../arm-none-eabi/lib/cortex-m7\libc.a(lib_a-freer.o)
                0x00406e54                _malloc_trim_r
 .text._free_r  0x00406ef0      0x1b0 c:/isystem/winideaopen9/gcc/arm/bin/../lib/gcc/arm-none-eabi/4.9.3/../../../../arm-none-eabi/lib/cortex-m7\libc.a(lib_a-freer.o)
                0x00406ef0                _free_r
 .text.__sfvwrite_r
                0x004070a0      0x324 c:/isystem/winideaopen9/gcc/arm/bin/../lib/gcc/arm-none-eabi/4.9.3/../../../../arm-none-eabi/lib/cortex-m7\libc.a(lib_a-fvwrite.o)
                0x004070a0                __sfvwrite_r
 .text._fwalk_reent
                0x004073c4       0x50 c:/isystem/winideaopen9/gcc/arm/bin/../lib/gcc/arm-none-eabi/4.9.3/../../../../arm-none-eabi/lib/cortex-m7\libc.a(lib_a-fwalk.o)
                0x004073c4                _fwalk_reent
 .text.__locale_charset
                0x00407414        0x8 c:/isystem/winideaopen9/gcc/arm/bin/../lib/gcc/arm-none-eabi/4.9.3/../../../../arm-none-eabi/lib/cortex-m7\libc.a(lib_a-locale.o)
                0x00407414                __locale_charset
 .text.__locale_mb_cur_max
                0x0040741c        0xc c:/isystem/winideaopen9/gcc/arm/bin/../lib/gcc/arm-none-eabi/4.9.3/../../../../arm-none-eabi/lib/cortex-m7\libc.a(lib_a-locale.o)
                0x0040741c                __locale_mb_cur_max
 .text._localeconv_r
                0x00407428        0x8 c:/isystem/winideaopen9/gcc/arm/bin/../lib/gcc/arm-none-eabi/4.9.3/../../../../arm-none-eabi/lib/cortex-m7\libc.a(lib_a-locale.o)
                0x00407428                _localeconv_r
 .text.__smakebuf_r
                0x00407430       0xe4 c:/isystem/winideaopen9/gcc/arm/bin/../lib/gcc/arm-none-eabi/4.9.3/../../../../arm-none-eabi/lib/cortex-m7\libc.a(lib_a-makebuf.o)
                0x00407430                __smakebuf_r
 .text.malloc   0x00407514       0x10 c:/isystem/winideaopen9/gcc/arm/bin/../lib/gcc/arm-none-eabi/4.9.3/../../../../arm-none-eabi/lib/cortex-m7\libc.a(lib_a-malloc.o)
                0x00407514                malloc
 .text._malloc_r
                0x00407524      0x558 c:/isystem/winideaopen9/gcc/arm/bin/../lib/gcc/arm-none-eabi/4.9.3/../../../../arm-none-eabi/lib/cortex-m7\libc.a(lib_a-mallocr.o)
                0x00407524                _malloc_r
 .text.memchr   0x00407a7c       0x90 c:/isystem/winideaopen9/gcc/arm/bin/../lib/gcc/arm-none-eabi/4.9.3/../../../../arm-none-eabi/lib/cortex-m7\libc.a(lib_a-memchr.o)
                0x00407a7c                memchr
 .text.memmove  0x00407b0c       0xc4 c:/isystem/winideaopen9/gcc/arm/bin/../lib/gcc/arm-none-eabi/4.9.3/../../../../arm-none-eabi/lib/cortex-m7\libc.a(lib_a-memmove.o)
                0x00407b0c                memmove
 .text.memset   0x00407bd0       0xa0 c:/isystem/winideaopen9/gcc/arm/bin/../lib/gcc/arm-none-eabi/4.9.3/../../../../arm-none-eabi/lib/cortex-m7\libc.a(lib_a-memset.o)
                0x00407bd0                memset
 .text.__malloc_lock
                0x00407c70        0x4 c:/isystem/winideaopen9/gcc/arm/bin/../lib/gcc/arm-none-eabi/4.9.3/../../../../arm-none-eabi/lib/cortex-m7\libc.a(lib_a-mlock.o)
                0x00407c70                __malloc_lock
 .text.__malloc_unlock
                0x00407c74        0x4 c:/isystem/winideaopen9/gcc/arm/bin/../lib/gcc/arm-none-eabi/4.9.3/../../../../arm-none-eabi/lib/cortex-m7\libc.a(lib_a-mlock.o)
                0x00407c74                __malloc_unlock
 .text._Balloc  0x00407c78       0x50 c:/isystem/winideaopen9/gcc/arm/bin/../lib/gcc/arm-none-eabi/4.9.3/../../../../arm-none-eabi/lib/cortex-m7\libc.a(lib_a-mprec.o)
                0x00407c78                _Balloc
 .text._Bfree   0x00407cc8       0x14 c:/isystem/winideaopen9/gcc/arm/bin/../lib/gcc/arm-none-eabi/4.9.3/../../../../arm-none-eabi/lib/cortex-m7\libc.a(lib_a-mprec.o)
                0x00407cc8                _Bfree
 .text.__multadd
                0x00407cdc       0x84 c:/isystem/winideaopen9/gcc/arm/bin/../lib/gcc/arm-none-eabi/4.9.3/../../../../arm-none-eabi/lib/cortex-m7\libc.a(lib_a-mprec.o)
                0x00407cdc                __multadd
 .text.__hi0bits
                0x00407d60       0x44 c:/isystem/winideaopen9/gcc/arm/bin/../lib/gcc/arm-none-eabi/4.9.3/../../../../arm-none-eabi/lib/cortex-m7\libc.a(lib_a-mprec.o)
                0x00407d60                __hi0bits
 .text.__lo0bits
                0x00407da4       0x64 c:/isystem/winideaopen9/gcc/arm/bin/../lib/gcc/arm-none-eabi/4.9.3/../../../../arm-none-eabi/lib/cortex-m7\libc.a(lib_a-mprec.o)
                0x00407da4                __lo0bits
 .text.__i2b    0x00407e08       0x14 c:/isystem/winideaopen9/gcc/arm/bin/../lib/gcc/arm-none-eabi/4.9.3/../../../../arm-none-eabi/lib/cortex-m7\libc.a(lib_a-mprec.o)
                0x00407e08                __i2b
 .text.__multiply
                0x00407e1c      0x144 c:/isystem/winideaopen9/gcc/arm/bin/../lib/gcc/arm-none-eabi/4.9.3/../../../../arm-none-eabi/lib/cortex-m7\libc.a(lib_a-mprec.o)
                0x00407e1c                __multiply
 .text.__pow5mult
                0x00407f60       0xa0 c:/isystem/winideaopen9/gcc/arm/bin/../lib/gcc/arm-none-eabi/4.9.3/../../../../arm-none-eabi/lib/cortex-m7\libc.a(lib_a-mprec.o)
                0x00407f60                __pow5mult
 .text.__lshift
                0x00408000       0xb4 c:/isystem/winideaopen9/gcc/arm/bin/../lib/gcc/arm-none-eabi/4.9.3/../../../../arm-none-eabi/lib/cortex-m7\libc.a(lib_a-mprec.o)
                0x00408000                __lshift
 .text.__mcmp   0x004080b4       0x48 c:/isystem/winideaopen9/gcc/arm/bin/../lib/gcc/arm-none-eabi/4.9.3/../../../../arm-none-eabi/lib/cortex-m7\libc.a(lib_a-mprec.o)
                0x004080b4                __mcmp
 .text.__mdiff  0x004080fc       0xe4 c:/isystem/winideaopen9/gcc/arm/bin/../lib/gcc/arm-none-eabi/4.9.3/../../../../arm-none-eabi/lib/cortex-m7\libc.a(lib_a-mprec.o)
                0x004080fc                __mdiff
 .text.__d2b    0x004081e0       0xb0 c:/isystem/winideaopen9/gcc/arm/bin/../lib/gcc/arm-none-eabi/4.9.3/../../../../arm-none-eabi/lib/cortex-m7\libc.a(lib_a-mprec.o)
                0x004081e0                __d2b
 .text._putc_r  0x00408290       0x58 c:/isystem/winideaopen9/gcc/arm/bin/../lib/gcc/arm-none-eabi/4.9.3/../../../../arm-none-eabi/lib/cortex-m7\libc.a(lib_a-putc.o)
                0x00408290                _putc_r
 .text._realloc_r
                0x004082e8      0x3f0 c:/isystem/winideaopen9/gcc/arm/bin/../lib/gcc/arm-none-eabi/4.9.3/../../../../arm-none-eabi/lib/cortex-m7\libc.a(lib_a-reallocr.o)
                0x004082e8                _realloc_r
 .text.__fpclassifyd
                0x004086d8       0x44 c:/isystem/winideaopen9/gcc/arm/bin/../lib/gcc/arm-none-eabi/4.9.3/../../../../arm-none-eabi/lib/cortex-m7\libc.a(lib_a-s_fpclassify.o)
                0x004086d8                __fpclassifyd
 .text._sbrk_r  0x0040871c       0x24 c:/isystem/winideaopen9/gcc/arm/bin/../lib/gcc/arm-none-eabi/4.9.3/../../../../arm-none-eabi/lib/cortex-m7\libc.a(lib_a-sbrkr.o)
                0x0040871c                _sbrk_r
 .text._raise_r
                0x00408740       0x58 c:/isystem/winideaopen9/gcc/arm/bin/../lib/gcc/arm-none-eabi/4.9.3/../../../../arm-none-eabi/lib/cortex-m7\libc.a(lib_a-signal.o)
                0x00408740                _raise_r
 .text.raise    0x00408798       0x10 c:/isystem/winideaopen9/gcc/arm/bin/../lib/gcc/arm-none-eabi/4.9.3/../../../../arm-none-eabi/lib/cortex-m7\libc.a(lib_a-signal.o)
                0x00408798                raise
 .text._kill_r  0x004087a8       0x28 c:/isystem/winideaopen9/gcc/arm/bin/../lib/gcc/arm-none-eabi/4.9.3/../../../../arm-none-eabi/lib/cortex-m7\libc.a(lib_a-signalr.o)
                0x004087a8                _kill_r
 .text._getpid_r
                0x004087d0        0x4 c:/isystem/winideaopen9/gcc/arm/bin/../lib/gcc/arm-none-eabi/4.9.3/../../../../arm-none-eabi/lib/cortex-m7\libc.a(lib_a-signalr.o)
                0x004087d0                _getpid_r
 .text.__sread  0x004087d4       0x24 c:/isystem/winideaopen9/gcc/arm/bin/../lib/gcc/arm-none-eabi/4.9.3/../../../../arm-none-eabi/lib/cortex-m7\libc.a(lib_a-stdio.o)
                0x004087d4                __sread
 .text.__swrite
                0x004087f8       0x38 c:/isystem/winideaopen9/gcc/arm/bin/../lib/gcc/arm-none-eabi/4.9.3/../../../../arm-none-eabi/lib/cortex-m7\libc.a(lib_a-stdio.o)
                0x004087f8                __swrite
 .text.__sseek  0x00408830       0x24 c:/isystem/winideaopen9/gcc/arm/bin/../lib/gcc/arm-none-eabi/4.9.3/../../../../arm-none-eabi/lib/cortex-m7\libc.a(lib_a-stdio.o)
                0x00408830                __sseek
 .text.__sclose
                0x00408854        0x8 c:/isystem/winideaopen9/gcc/arm/bin/../lib/gcc/arm-none-eabi/4.9.3/../../../../arm-none-eabi/lib/cortex-m7\libc.a(lib_a-stdio.o)
                0x00408854                __sclose
 .text.strlen   0x0040885c       0x5c c:/isystem/winideaopen9/gcc/arm/bin/../lib/gcc/arm-none-eabi/4.9.3/../../../../arm-none-eabi/lib/cortex-m7\libc.a(lib_a-strlen.o)
                0x0040885c                strlen
 .text.__swbuf_r
                0x004088b8       0xa8 c:/isystem/winideaopen9/gcc/arm/bin/../lib/gcc/arm-none-eabi/4.9.3/../../../../arm-none-eabi/lib/cortex-m7\libc.a(lib_a-wbuf.o)
                0x004088b8                __swbuf_r
 .text._wcrtomb_r
                0x00408960       0x54 c:/isystem/winideaopen9/gcc/arm/bin/../lib/gcc/arm-none-eabi/4.9.3/../../../../arm-none-eabi/lib/cortex-m7\libc.a(lib_a-wcrtomb.o)
                0x00408960                _wcrtomb_r
 .text.__ascii_wctomb
                0x004089b4       0x18 c:/isystem/winideaopen9/gcc/arm/bin/../lib/gcc/arm-none-eabi/4.9.3/../../../../arm-none-eabi/lib/cortex-m7\libc.a(lib_a-wctomb_r.o)
                0x004089b4                __ascii_wctomb
 .text._write_r
                0x004089cc       0x28 c:/isystem/winideaopen9/gcc/arm/bin/../lib/gcc/arm-none-eabi/4.9.3/../../../../arm-none-eabi/lib/cortex-m7\libc.a(lib_a-writer.o)
                0x004089cc                _write_r
 .text._calloc_r
                0x004089f4       0x60 c:/isystem/winideaopen9/gcc/arm/bin/../lib/gcc/arm-none-eabi/4.9.3/../../../../arm-none-eabi/lib/cortex-m7\libc.a(lib_a-callocr.o)
                0x004089f4                _calloc_r
 .text._close_r
                0x00408a54       0x24 c:/isystem/winideaopen9/gcc/arm/bin/../lib/gcc/arm-none-eabi/4.9.3/../../../../arm-none-eabi/lib/cortex-m7\libc.a(lib_a-closer.o)
                0x00408a54                _close_r
 .text._fclose_r
                0x00408a78       0x84 c:/isystem/winideaopen9/gcc/arm/bin/../lib/gcc/arm-none-eabi/4.9.3/../../../../arm-none-eabi/lib/cortex-m7\libc.a(lib_a-fclose.o)
                0x00408a78                _fclose_r
 .text._fstat_r
                0x00408afc       0x28 c:/isystem/winideaopen9/gcc/arm/bin/../lib/gcc/arm-none-eabi/4.9.3/../../../../arm-none-eabi/lib/cortex-m7\libc.a(lib_a-fstatr.o)
                0x00408afc                _fstat_r
 .text._isatty_r
                0x00408b24       0x24 c:/isystem/winideaopen9/gcc/arm/bin/../lib/gcc/arm-none-eabi/4.9.3/../../../../arm-none-eabi/lib/cortex-m7\libc.a(lib_a-isattyr.o)
                0x00408b24                _isatty_r
 .text._lseek_r
                0x00408b48       0x28 c:/isystem/winideaopen9/gcc/arm/bin/../lib/gcc/arm-none-eabi/4.9.3/../../../../arm-none-eabi/lib/cortex-m7\libc.a(lib_a-lseekr.o)
                0x00408b48                _lseek_r
 .text._read_r  0x00408b70       0x28 c:/isystem/winideaopen9/gcc/arm/bin/../lib/gcc/arm-none-eabi/4.9.3/../../../../arm-none-eabi/lib/cortex-m7\libc.a(lib_a-readr.o)
                0x00408b70                _read_r
 .text          0x00408b98      0x370 c:/isystem/winideaopen9/gcc/arm/bin/../lib/gcc/arm-none-eabi/4.9.3/cortex-m7\libgcc.a(_arm_addsubdf3.o)
                0x00408b98                __aeabi_drsub
                0x00408ba0                __aeabi_dsub
                0x00408ba0                __subdf3
                0x00408ba4                __aeabi_dadd
                0x00408ba4                __adddf3
                0x00408e1c                __floatunsidf
                0x00408e1c                __aeabi_ui2d
                0x00408e3c                __floatsidf
                0x00408e3c                __aeabi_i2d
                0x00408e60                __aeabi_f2d
                0x00408e60                __extendsfdf2
                0x00408e9c                __floatundidf
                0x00408e9c                __aeabi_ul2d
                0x00408eac                __floatdidf
                0x00408eac                __aeabi_l2d
 .text          0x00408f08      0x424 c:/isystem/winideaopen9/gcc/arm/bin/../lib/gcc/arm-none-eabi/4.9.3/cortex-m7\libgcc.a(_arm_muldivdf3.o)
                0x00408f08                __aeabi_dmul
                0x00408f08                __muldf3
                0x0040915c                __divdf3
                0x0040915c                __aeabi_ddiv
 .text          0x0040932c      0x110 c:/isystem/winideaopen9/gcc/arm/bin/../lib/gcc/arm-none-eabi/4.9.3/cortex-m7\libgcc.a(_arm_cmpdf2.o)
                0x0040932c                __gtdf2
                0x0040932c                __gedf2
                0x00409334                __ltdf2
                0x00409334                __ledf2
                0x0040933c                __nedf2
                0x0040933c                __eqdf2
                0x0040933c                __cmpdf2
                0x004093b8                __aeabi_cdrcmple
                0x004093c8                __aeabi_cdcmpeq
                0x004093c8                __aeabi_cdcmple
                0x004093d8                __aeabi_dcmpeq
                0x004093ec                __aeabi_dcmplt
                0x00409400                __aeabi_dcmple
                0x00409414                __aeabi_dcmpge
                0x00409428                __aeabi_dcmpgt
 .text          0x0040943c       0x50 c:/isystem/winideaopen9/gcc/arm/bin/../lib/gcc/arm-none-eabi/4.9.3/cortex-m7\libgcc.a(_arm_fixdfsi.o)
                0x0040943c                __aeabi_d2iz
                0x0040943c                __fixdfsi
 .text          0x0040948c       0x30 c:/isystem/winideaopen9/gcc/arm/bin/../lib/gcc/arm-none-eabi/4.9.3/cortex-m7\libgcc.a(_aeabi_uldivmod.o)
                0x0040948c                __aeabi_uldivmod
 .text          0x004094bc       0x60 c:/isystem/winideaopen9/gcc/arm/bin/../lib/gcc/arm-none-eabi/4.9.3/cortex-m7\libgcc.a(bpabi.o)
                0x004094bc                __gnu_ldivmod_helper
                0x004094ec                __gnu_uldivmod_helper
 .text          0x0040951c        0x4 c:/isystem/winideaopen9/gcc/arm/bin/../lib/gcc/arm-none-eabi/4.9.3/cortex-m7\libgcc.a(_dvmd_tls.o)
                0x0040951c                __aeabi_idiv0
                0x0040951c                __aeabi_ldiv0
 .text          0x00409520      0x284 c:/isystem/winideaopen9/gcc/arm/bin/../lib/gcc/arm-none-eabi/4.9.3/cortex-m7\libgcc.a(_divdi3.o)
                0x00409520                __divdi3
 .text          0x004097a4      0x248 c:/isystem/winideaopen9/gcc/arm/bin/../lib/gcc/arm-none-eabi/4.9.3/cortex-m7\libgcc.a(_udivdi3.o)
                0x004097a4                __udivdi3
 *(.glue_7t)
 .glue_7t       0x00000000        0x0 linker stubs
 *(.glue_7)
 .glue_7        0x00000000        0x0 linker stubs
 *(.rodata .rodata* .gnu.linkonce.r.*)
 .rodata        0x004099ec       0xf7 D:\ITESO\Tesis_Control_Catalizador\BaseProject_Project\workspace\Debug\dbg_console.o
 *fill*         0x00409ae3        0x1 
 .rodata        0x00409ae4       0xbc D:\ITESO\Tesis_Control_Catalizador\BaseProject_Project\workspace\Debug\pmc.o
 .rodata        0x00409ba0       0xfa D:\ITESO\Tesis_Control_Catalizador\BaseProject_Project\workspace\Debug\pio_it.o
 *fill*         0x00409c9a        0x2 
 .rodata        0x00409c9c       0x19 D:\ITESO\Tesis_Control_Catalizador\BaseProject_Project\workspace\Debug\syscalls.o
 *fill*         0x00409cb5        0x3 
 .rodata        0x00409cb8      0x102 D:\ITESO\Tesis_Control_Catalizador\BaseProject_Project\workspace\Debug\timetick.o
 *fill*         0x00409dba        0x2 
 .rodata        0x00409dbc       0x1c D:\ITESO\Tesis_Control_Catalizador\BaseProject_Project\workspace\Debug\led.o
 .rodata        0x00409dd8       0xb2 D:\ITESO\Tesis_Control_Catalizador\BaseProject_Project\workspace\Debug\main.o
 *fill*         0x00409e8a        0x2 
 .rodata.str1.4
                0x00409e8c       0x3f c:/isystem/winideaopen9/gcc/arm/bin/../lib/gcc/arm-none-eabi/4.9.3/../../../../arm-none-eabi/lib/cortex-m7\libc.a(lib_a-assert.o)
                                 0x43 (size before relaxing)
 *fill*         0x00409ecb        0x1 
 .rodata.str1.4
                0x00409ecc        0x2 c:/isystem/winideaopen9/gcc/arm/bin/../lib/gcc/arm-none-eabi/4.9.3/../../../../arm-none-eabi/lib/cortex-m7\libc.a(lib_a-impure.o)
 *fill*         0x00409ece        0x2 
 .rodata.zeroes.6869
                0x00409ed0       0x10 c:/isystem/winideaopen9/gcc/arm/bin/../lib/gcc/arm-none-eabi/4.9.3/../../../../arm-none-eabi/lib/cortex-m7\libc.a(lib_a-vfiprintf.o)
 .rodata.str1.4
                0x00409ee0       0x2f c:/isystem/winideaopen9/gcc/arm/bin/../lib/gcc/arm-none-eabi/4.9.3/../../../../arm-none-eabi/lib/cortex-m7\libc.a(lib_a-vfiprintf.o)
 *fill*         0x00409f0f        0x1 
 .rodata.blanks.6868
                0x00409f10       0x10 c:/isystem/winideaopen9/gcc/arm/bin/../lib/gcc/arm-none-eabi/4.9.3/../../../../arm-none-eabi/lib/cortex-m7\libc.a(lib_a-vfiprintf.o)
 .rodata.zeroes.6926
                0x00409f20       0x10 c:/isystem/winideaopen9/gcc/arm/bin/../lib/gcc/arm-none-eabi/4.9.3/../../../../arm-none-eabi/lib/cortex-m7\libc.a(lib_a-vfprintf.o)
 .rodata.str1.4
                0x00409f30       0x12 c:/isystem/winideaopen9/gcc/arm/bin/../lib/gcc/arm-none-eabi/4.9.3/../../../../arm-none-eabi/lib/cortex-m7\libc.a(lib_a-vfprintf.o)
                                 0x42 (size before relaxing)
 *fill*         0x00409f42        0x2 
 .rodata.blanks.6925
                0x00409f44       0x10 c:/isystem/winideaopen9/gcc/arm/bin/../lib/gcc/arm-none-eabi/4.9.3/../../../../arm-none-eabi/lib/cortex-m7\libc.a(lib_a-vfprintf.o)
 .rodata.str1.4
                0x00409f54       0x10 c:/isystem/winideaopen9/gcc/arm/bin/../lib/gcc/arm-none-eabi/4.9.3/../../../../arm-none-eabi/lib/cortex-m7\libc.a(lib_a-dtoa.o)
                                 0x12 (size before relaxing)
 .rodata.str1.4
                0x00409f64        0xc c:/isystem/winideaopen9/gcc/arm/bin/../lib/gcc/arm-none-eabi/4.9.3/../../../../arm-none-eabi/lib/cortex-m7\libc.a(lib_a-locale.o)
                                 0x12 (size before relaxing)
 .rodata.__mprec_tens
                0x00409f70       0xc8 c:/isystem/winideaopen9/gcc/arm/bin/../lib/gcc/arm-none-eabi/4.9.3/../../../../arm-none-eabi/lib/cortex-m7\libc.a(lib_a-mprec.o)
                0x00409f70                __mprec_tens
 .rodata.p05.5302
                0x0040a038        0xc c:/isystem/winideaopen9/gcc/arm/bin/../lib/gcc/arm-none-eabi/4.9.3/../../../../arm-none-eabi/lib/cortex-m7\libc.a(lib_a-mprec.o)
 *fill*         0x0040a044        0x4 
 .rodata.__mprec_bigtens
                0x0040a048       0x28 c:/isystem/winideaopen9/gcc/arm/bin/../lib/gcc/arm-none-eabi/4.9.3/../../../../arm-none-eabi/lib/cortex-m7\libc.a(lib_a-mprec.o)
                0x0040a048                __mprec_bigtens
 *(.ARM.extab* .gnu.linkonce.armextab.*)
                0x0040a070                . = ALIGN (0x4)
 *(.init)
                0x0040a070                . = ALIGN (0x4)
                0x0040a070                __preinit_array_start = .
 *(.preinit_array)
                0x0040a070                __preinit_array_end = .
                0x0040a070                . = ALIGN (0x4)
                0x0040a070                __init_array_start = .
 *(SORT(.init_array.*))
 *(.init_array)
                0x0040a070                __init_array_end = .
                0x0040a070                . = ALIGN (0x4)
 *crtbegin.o(.ctors)
 *(EXCLUDE_FILE(*crtend.o) .ctors)
 *(SORT(.ctors.*))
 *crtend.o(.ctors)
                0x0040a070                . = ALIGN (0x4)
 *(.fini)
                0x0040a070                . = ALIGN (0x4)
                0x0040a070                __fini_array_start = .
 *(.fini_array)
 *(SORT(.fini_array.*))
                0x0040a070                __fini_array_end = .
 *crtbegin.o(.dtors)
 *(EXCLUDE_FILE(*crtend.o) .dtors)
 *(SORT(.dtors.*))
 *crtend.o(.dtors)
                0x0040a070                . = ALIGN (0x4)
                0x0040a070                _efixed = .
                0x0040a070                PROVIDE (__exidx_start, .)

.vfp11_veneer   0x0040a070        0x0
 .vfp11_veneer  0x00000000        0x0 linker stubs

.v4_bx          0x0040a070        0x0
 .v4_bx         0x00000000        0x0 linker stubs

.iplt           0x0040a070        0x0
 .iplt          0x00000000        0x0 D:\ITESO\Tesis_Control_Catalizador\BaseProject_Project\workspace\Debug\dbg_console.o

.igot.plt       0x0040a070        0x0
 .igot.plt      0x00000000        0x0 D:\ITESO\Tesis_Control_Catalizador\BaseProject_Project\workspace\Debug\dbg_console.o

.ARM.exidx      0x0040a070        0x8
 *(.ARM.exidx* .gnu.linkonce.armexidx.*)
 .ARM.exidx     0x0040a070        0x8 c:/isystem/winideaopen9/gcc/arm/bin/../lib/gcc/arm-none-eabi/4.9.3/cortex-m7\libgcc.a(_divdi3.o)
 .ARM.exidx     0x0040a078        0x0 c:/isystem/winideaopen9/gcc/arm/bin/../lib/gcc/arm-none-eabi/4.9.3/cortex-m7\libgcc.a(_udivdi3.o)
                                  0x8 (size before relaxing)
                0x0040a078                PROVIDE (__exidx_end, .)

.rel.dyn        0x0040a078        0x0
 .rel.iplt      0x00000000        0x0 D:\ITESO\Tesis_Control_Catalizador\BaseProject_Project\workspace\Debug\dbg_console.o
                0x0040a078                . = ALIGN (0x4)
                0x0040a078                _etext = .

.relocate       0x20400000      0x8d4 load address 0x0040a078
                0x20400000                . = ALIGN (0x4)
                0x20400000                _srelocate = .
 *(.ramfunc .ramfunc.*)
 *(.data .data.*)
 .data          0x20400000        0x4 D:\ITESO\Tesis_Control_Catalizador\BaseProject_Project\workspace\Debug\system_sam.o
                0x20400000                SystemCoreClock
 .data          0x20400004       0x30 D:\ITESO\Tesis_Control_Catalizador\BaseProject_Project\workspace\Debug\main.o
                0x20400004                Tasks
 *fill*         0x20400034        0x4 
 .data.impure_data
                0x20400038      0x428 c:/isystem/winideaopen9/gcc/arm/bin/../lib/gcc/arm-none-eabi/4.9.3/../../../../arm-none-eabi/lib/cortex-m7\libc.a(lib_a-impure.o)
 .data._impure_ptr
                0x20400460        0x4 c:/isystem/winideaopen9/gcc/arm/bin/../lib/gcc/arm-none-eabi/4.9.3/../../../../arm-none-eabi/lib/cortex-m7\libc.a(lib_a-impure.o)
                0x20400460                _impure_ptr
 .data.lconv    0x20400464       0x38 c:/isystem/winideaopen9/gcc/arm/bin/../lib/gcc/arm-none-eabi/4.9.3/../../../../arm-none-eabi/lib/cortex-m7\libc.a(lib_a-locale.o)
 .data.lc_ctype_charset
                0x2040049c       0x20 c:/isystem/winideaopen9/gcc/arm/bin/../lib/gcc/arm-none-eabi/4.9.3/../../../../arm-none-eabi/lib/cortex-m7\libc.a(lib_a-locale.o)
 .data.__mb_cur_max
                0x204004bc        0x4 c:/isystem/winideaopen9/gcc/arm/bin/../lib/gcc/arm-none-eabi/4.9.3/../../../../arm-none-eabi/lib/cortex-m7\libc.a(lib_a-locale.o)
                0x204004bc                __mb_cur_max
 .data.__malloc_av_
                0x204004c0      0x408 c:/isystem/winideaopen9/gcc/arm/bin/../lib/gcc/arm-none-eabi/4.9.3/../../../../arm-none-eabi/lib/cortex-m7\libc.a(lib_a-mallocr.o)
                0x204004c0                __malloc_av_
 .data.__malloc_trim_threshold
                0x204008c8        0x4 c:/isystem/winideaopen9/gcc/arm/bin/../lib/gcc/arm-none-eabi/4.9.3/../../../../arm-none-eabi/lib/cortex-m7\libc.a(lib_a-mallocr.o)
                0x204008c8                __malloc_trim_threshold
 .data.__malloc_sbrk_base
                0x204008cc        0x4 c:/isystem/winideaopen9/gcc/arm/bin/../lib/gcc/arm-none-eabi/4.9.3/../../../../arm-none-eabi/lib/cortex-m7\libc.a(lib_a-mallocr.o)
                0x204008cc                __malloc_sbrk_base
 .data.__wctomb
                0x204008d0        0x4 c:/isystem/winideaopen9/gcc/arm/bin/../lib/gcc/arm-none-eabi/4.9.3/../../../../arm-none-eabi/lib/cortex-m7\libc.a(lib_a-wctomb_r.o)
                0x204008d0                __wctomb
                0x204008d4                . = ALIGN (0x4)
                0x204008d4                _erelocate = .

.bss            0x204008d4      0x11c load address 0x0040a94c
                0x204008d4                . = ALIGN (0x4)
                0x204008d4                _sbss = .
                0x204008d4                _szero = .
 *(.bss .bss.*)
 .bss           0x204008d4        0x6 D:\ITESO\Tesis_Control_Catalizador\BaseProject_Project\workspace\Debug\dbg_console.o
 *fill*         0x204008da        0x2 
 .bss           0x204008dc       0x44 D:\ITESO\Tesis_Control_Catalizador\BaseProject_Project\workspace\Debug\pio_it.o
 .bss           0x20400920        0xc D:\ITESO\Tesis_Control_Catalizador\BaseProject_Project\workspace\Debug\syscalls.o
 .bss           0x2040092c       0x18 D:\ITESO\Tesis_Control_Catalizador\BaseProject_Project\workspace\Debug\timetick.o
 .bss           0x20400944        0x3 D:\ITESO\Tesis_Control_Catalizador\BaseProject_Project\workspace\Debug\Tasks.o
                0x20400944                u8100ms_Ctr
                0x20400945                u8100ms_Ctr2
 *fill*         0x20400947        0x1 
 .bss           0x20400948        0xc D:\ITESO\Tesis_Control_Catalizador\BaseProject_Project\workspace\Debug\main.o
 .bss.__malloc_max_total_mem
                0x20400954        0x4 c:/isystem/winideaopen9/gcc/arm/bin/../lib/gcc/arm-none-eabi/4.9.3/../../../../arm-none-eabi/lib/cortex-m7\libc.a(lib_a-mallocr.o)
                0x20400954                __malloc_max_total_mem
 .bss.__malloc_max_sbrked_mem
                0x20400958        0x4 c:/isystem/winideaopen9/gcc/arm/bin/../lib/gcc/arm-none-eabi/4.9.3/../../../../arm-none-eabi/lib/cortex-m7\libc.a(lib_a-mallocr.o)
                0x20400958                __malloc_max_sbrked_mem
 .bss.__malloc_top_pad
                0x2040095c        0x4 c:/isystem/winideaopen9/gcc/arm/bin/../lib/gcc/arm-none-eabi/4.9.3/../../../../arm-none-eabi/lib/cortex-m7\libc.a(lib_a-mallocr.o)
                0x2040095c                __malloc_top_pad
 .bss.__malloc_current_mallinfo
                0x20400960       0x28 c:/isystem/winideaopen9/gcc/arm/bin/../lib/gcc/arm-none-eabi/4.9.3/../../../../arm-none-eabi/lib/cortex-m7\libc.a(lib_a-mallocr.o)
                0x20400960                __malloc_current_mallinfo
 *(COMMON)
 COMMON         0x20400988       0x14 D:\ITESO\Tesis_Control_Catalizador\BaseProject_Project\workspace\Debug\timetick.o
                0x20400988                gfunc_ptr
                0x2040098c                DelayTimer
 COMMON         0x2040099c       0x3a D:\ITESO\Tesis_Control_Catalizador\BaseProject_Project\workspace\Debug\app_scheduler.o
                0x2040099c                u8_50ms_Counter
                0x204009a0                task_ctrl_array
                0x204009d0                gu8Scheduler_Status
                0x204009d1                gu8Scheduler_Thread_ID_Backup
                0x204009d2                u8_10ms_Counter
                0x204009d3                u8_100ms_Counter
                0x204009d4                gu8Scheduler_Counter
                0x204009d5                gu8Scheduler_Thread_ID
 *fill*         0x204009d6        0x2 
 COMMON         0x204009d8        0xc D:\ITESO\Tesis_Control_Catalizador\BaseProject_Project\workspace\Debug\SHT.o
                0x204009d8                SHTData
 COMMON         0x204009e4        0x6 D:\ITESO\Tesis_Control_Catalizador\BaseProject_Project\workspace\Debug\SensingEnvironment.o
                0x204009e4                SensingState
                0x204009e6                RealRH
                0x204009e8                RealTemp
 *fill*         0x204009ea        0x2 
 COMMON         0x204009ec        0x4 c:/isystem/winideaopen9/gcc/arm/bin/../lib/gcc/arm-none-eabi/4.9.3/../../../../arm-none-eabi/lib/cortex-m7\libc.a(lib_a-reent.o)
                0x204009ec                errno
                0x204009f0                . = ALIGN (0x4)
                0x204009f0                _ebss = .
                0x204009f0                _ezero = .

.stack          0x204009f0     0x2000 load address 0x0040aa68
                0x204009f0                . = ALIGN (0x8)
                0x204009f0                _sstack = .
                0x204029f0                . = (. + STACK_SIZE)
 *fill*         0x204009f0     0x2000 
                0x204029f0                . = ALIGN (0x8)
                0x204029f0                _estack = .

.heap           0x204029f0     0x1000 load address 0x0040ca68
                0x204029f0                . = ALIGN (0x8)
                0x204029f0                _sheap = .
                0x204039f0                . = (. + HEAP_SIZE)
 *fill*         0x204029f0     0x1000 
                0x204039f0                . = ALIGN (0x8)
                0x204039f0                _eheap = .

.my_heap        0x20450000    0x10000
                0x20450000                . = ALIGN (0x8)
                0x20450000                HEAP_LLD = .
                0x20450000                _smyheap = .
                0x20460000                . = (. + MY_HEAP_SIZE)
 *fill*         0x20450000    0x10000 
                0x20460000                . = ALIGN (0x8)
                0x20460000                _emyheap = .
                0x20460000                . = ALIGN (0x4)
                0x20460000                _end = .
                0x2044ffff                _ram_end_ = ((ORIGIN (ram) + 0x50000) - 0x1)
                0x20460000                _sdram_lma = .

sdram_region
 *(sdram_region)
LOAD c:/isystem/winideaopen9/gcc/arm/bin/../lib/gcc/arm-none-eabi/4.9.3/../../../../arm-none-eabi/lib/cortex-m7\libc.a
LOAD c:/isystem/winideaopen9/gcc/arm/bin/../lib/gcc/arm-none-eabi/4.9.3/cortex-m7\libgcc.a
LOAD c:/isystem/winideaopen9/gcc/arm/bin/../lib/gcc/arm-none-eabi/4.9.3/../../../../arm-none-eabi/lib/cortex-m7\libm.a
OUTPUT(BaseProject.elf elf32-littlearm)

.debug_info     0x00000000     0x8aae
 .debug_info    0x00000000     0x14dc D:\ITESO\Tesis_Control_Catalizador\BaseProject_Project\workspace\Debug\dbg_console.o
 .debug_info    0x000014dc      0x4f5 D:\ITESO\Tesis_Control_Catalizador\BaseProject_Project\workspace\Debug\board_lowlevel.o
 .debug_info    0x000019d1      0x59c D:\ITESO\Tesis_Control_Catalizador\BaseProject_Project\workspace\Debug\exceptions.o
 .debug_info    0x00001f6d      0xa00 D:\ITESO\Tesis_Control_Catalizador\BaseProject_Project\workspace\Debug\pio.o
 .debug_info    0x0000296d      0x327 D:\ITESO\Tesis_Control_Catalizador\BaseProject_Project\workspace\Debug\mpu.o
 .debug_info    0x00002c94      0x78b D:\ITESO\Tesis_Control_Catalizador\BaseProject_Project\workspace\Debug\pmc.o
 .debug_info    0x0000341f      0x1fd D:\ITESO\Tesis_Control_Catalizador\BaseProject_Project\workspace\Debug\wdt.o
 .debug_info    0x0000361c      0xf6c D:\ITESO\Tesis_Control_Catalizador\BaseProject_Project\workspace\Debug\pio_it.o
 .debug_info    0x00004588      0x266 D:\ITESO\Tesis_Control_Catalizador\BaseProject_Project\workspace\Debug\fpu.o
 .debug_info    0x000047ee      0x978 D:\ITESO\Tesis_Control_Catalizador\BaseProject_Project\workspace\Debug\twihs.o
 .debug_info    0x00005166      0x4cc D:\ITESO\Tesis_Control_Catalizador\BaseProject_Project\workspace\Debug\syscalls.o
 .debug_info    0x00005632      0x515 D:\ITESO\Tesis_Control_Catalizador\BaseProject_Project\workspace\Debug\system_sam.o
 .debug_info    0x00005b47      0xdca D:\ITESO\Tesis_Control_Catalizador\BaseProject_Project\workspace\Debug\timetick.o
 .debug_info    0x00006911      0x2d2 D:\ITESO\Tesis_Control_Catalizador\BaseProject_Project\workspace\Debug\app_scheduler.o
 .debug_info    0x00006be3      0x143 D:\ITESO\Tesis_Control_Catalizador\BaseProject_Project\workspace\Debug\Tasks.o
 .debug_info    0x00006d26      0x6f3 D:\ITESO\Tesis_Control_Catalizador\BaseProject_Project\workspace\Debug\led.o
 .debug_info    0x00007419      0x249 D:\ITESO\Tesis_Control_Catalizador\BaseProject_Project\workspace\Debug\SHT.o
 .debug_info    0x00007662      0x8a1 D:\ITESO\Tesis_Control_Catalizador\BaseProject_Project\workspace\Debug\main.o
 .debug_info    0x00007f03      0x1e3 D:\ITESO\Tesis_Control_Catalizador\BaseProject_Project\workspace\Debug\SensingEnvironment.o
 .debug_info    0x000080e6      0x9c8 D:\ITESO\Tesis_Control_Catalizador\BaseProject_Project\workspace\Debug\startup_sam.o

.debug_abbrev   0x00000000     0x1d53
 .debug_abbrev  0x00000000      0x26e D:\ITESO\Tesis_Control_Catalizador\BaseProject_Project\workspace\Debug\dbg_console.o
 .debug_abbrev  0x0000026e      0x12f D:\ITESO\Tesis_Control_Catalizador\BaseProject_Project\workspace\Debug\board_lowlevel.o
 .debug_abbrev  0x0000039d      0x152 D:\ITESO\Tesis_Control_Catalizador\BaseProject_Project\workspace\Debug\exceptions.o
 .debug_abbrev  0x000004ef      0x19d D:\ITESO\Tesis_Control_Catalizador\BaseProject_Project\workspace\Debug\pio.o
 .debug_abbrev  0x0000068c      0x144 D:\ITESO\Tesis_Control_Catalizador\BaseProject_Project\workspace\Debug\mpu.o
 .debug_abbrev  0x000007d0      0x1ce D:\ITESO\Tesis_Control_Catalizador\BaseProject_Project\workspace\Debug\pmc.o
 .debug_abbrev  0x0000099e       0xdf D:\ITESO\Tesis_Control_Catalizador\BaseProject_Project\workspace\Debug\wdt.o
 .debug_abbrev  0x00000a7d      0x22b D:\ITESO\Tesis_Control_Catalizador\BaseProject_Project\workspace\Debug\pio_it.o
 .debug_abbrev  0x00000ca8      0x146 D:\ITESO\Tesis_Control_Catalizador\BaseProject_Project\workspace\Debug\fpu.o
 .debug_abbrev  0x00000dee      0x1e5 D:\ITESO\Tesis_Control_Catalizador\BaseProject_Project\workspace\Debug\twihs.o
 .debug_abbrev  0x00000fd3      0x15e D:\ITESO\Tesis_Control_Catalizador\BaseProject_Project\workspace\Debug\syscalls.o
 .debug_abbrev  0x00001131      0x127 D:\ITESO\Tesis_Control_Catalizador\BaseProject_Project\workspace\Debug\system_sam.o
 .debug_abbrev  0x00001258      0x23e D:\ITESO\Tesis_Control_Catalizador\BaseProject_Project\workspace\Debug\timetick.o
 .debug_abbrev  0x00001496      0x132 D:\ITESO\Tesis_Control_Catalizador\BaseProject_Project\workspace\Debug\app_scheduler.o
 .debug_abbrev  0x000015c8       0xb8 D:\ITESO\Tesis_Control_Catalizador\BaseProject_Project\workspace\Debug\Tasks.o
 .debug_abbrev  0x00001680      0x113 D:\ITESO\Tesis_Control_Catalizador\BaseProject_Project\workspace\Debug\led.o
 .debug_abbrev  0x00001793      0x144 D:\ITESO\Tesis_Control_Catalizador\BaseProject_Project\workspace\Debug\SHT.o
 .debug_abbrev  0x000018d7      0x204 D:\ITESO\Tesis_Control_Catalizador\BaseProject_Project\workspace\Debug\main.o
 .debug_abbrev  0x00001adb       0xd8 D:\ITESO\Tesis_Control_Catalizador\BaseProject_Project\workspace\Debug\SensingEnvironment.o
 .debug_abbrev  0x00001bb3      0x1a0 D:\ITESO\Tesis_Control_Catalizador\BaseProject_Project\workspace\Debug\startup_sam.o

.debug_aranges  0x00000000      0x280
 .debug_aranges
                0x00000000       0x20 D:\ITESO\Tesis_Control_Catalizador\BaseProject_Project\workspace\Debug\dbg_console.o
 .debug_aranges
                0x00000020       0x20 D:\ITESO\Tesis_Control_Catalizador\BaseProject_Project\workspace\Debug\board_lowlevel.o
 .debug_aranges
                0x00000040       0x20 D:\ITESO\Tesis_Control_Catalizador\BaseProject_Project\workspace\Debug\exceptions.o
 .debug_aranges
                0x00000060       0x20 D:\ITESO\Tesis_Control_Catalizador\BaseProject_Project\workspace\Debug\pio.o
 .debug_aranges
                0x00000080       0x20 D:\ITESO\Tesis_Control_Catalizador\BaseProject_Project\workspace\Debug\mpu.o
 .debug_aranges
                0x000000a0       0x20 D:\ITESO\Tesis_Control_Catalizador\BaseProject_Project\workspace\Debug\pmc.o
 .debug_aranges
                0x000000c0       0x20 D:\ITESO\Tesis_Control_Catalizador\BaseProject_Project\workspace\Debug\wdt.o
 .debug_aranges
                0x000000e0       0x20 D:\ITESO\Tesis_Control_Catalizador\BaseProject_Project\workspace\Debug\pio_it.o
 .debug_aranges
                0x00000100       0x20 D:\ITESO\Tesis_Control_Catalizador\BaseProject_Project\workspace\Debug\fpu.o
 .debug_aranges
                0x00000120       0x20 D:\ITESO\Tesis_Control_Catalizador\BaseProject_Project\workspace\Debug\twihs.o
 .debug_aranges
                0x00000140       0x20 D:\ITESO\Tesis_Control_Catalizador\BaseProject_Project\workspace\Debug\syscalls.o
 .debug_aranges
                0x00000160       0x20 D:\ITESO\Tesis_Control_Catalizador\BaseProject_Project\workspace\Debug\system_sam.o
 .debug_aranges
                0x00000180       0x20 D:\ITESO\Tesis_Control_Catalizador\BaseProject_Project\workspace\Debug\timetick.o
 .debug_aranges
                0x000001a0       0x20 D:\ITESO\Tesis_Control_Catalizador\BaseProject_Project\workspace\Debug\app_scheduler.o
 .debug_aranges
                0x000001c0       0x20 D:\ITESO\Tesis_Control_Catalizador\BaseProject_Project\workspace\Debug\Tasks.o
 .debug_aranges
                0x000001e0       0x20 D:\ITESO\Tesis_Control_Catalizador\BaseProject_Project\workspace\Debug\led.o
 .debug_aranges
                0x00000200       0x20 D:\ITESO\Tesis_Control_Catalizador\BaseProject_Project\workspace\Debug\SHT.o
 .debug_aranges
                0x00000220       0x20 D:\ITESO\Tesis_Control_Catalizador\BaseProject_Project\workspace\Debug\main.o
 .debug_aranges
                0x00000240       0x20 D:\ITESO\Tesis_Control_Catalizador\BaseProject_Project\workspace\Debug\SensingEnvironment.o
 .debug_aranges
                0x00000260       0x20 D:\ITESO\Tesis_Control_Catalizador\BaseProject_Project\workspace\Debug\startup_sam.o

.debug_macro    0x00000000    0x1dd58
 .debug_macro   0x00000000      0x737 D:\ITESO\Tesis_Control_Catalizador\BaseProject_Project\workspace\Debug\dbg_console.o
 .debug_macro   0x00000737      0x86e D:\ITESO\Tesis_Control_Catalizador\BaseProject_Project\workspace\Debug\dbg_console.o
 .debug_macro   0x00000fa5       0x22 D:\ITESO\Tesis_Control_Catalizador\BaseProject_Project\workspace\Debug\dbg_console.o
 .debug_macro   0x00000fc7       0x44 D:\ITESO\Tesis_Control_Catalizador\BaseProject_Project\workspace\Debug\dbg_console.o
 .debug_macro   0x0000100b       0xe3 D:\ITESO\Tesis_Control_Catalizador\BaseProject_Project\workspace\Debug\dbg_console.o
 .debug_macro   0x000010ee       0x22 D:\ITESO\Tesis_Control_Catalizador\BaseProject_Project\workspace\Debug\dbg_console.o
 .debug_macro   0x00001110      0x1df D:\ITESO\Tesis_Control_Catalizador\BaseProject_Project\workspace\Debug\dbg_console.o
 .debug_macro   0x000012ef       0x4a D:\ITESO\Tesis_Control_Catalizador\BaseProject_Project\workspace\Debug\dbg_console.o
 .debug_macro   0x00001339       0x3b D:\ITESO\Tesis_Control_Catalizador\BaseProject_Project\workspace\Debug\dbg_console.o
 .debug_macro   0x00001374       0x18 D:\ITESO\Tesis_Control_Catalizador\BaseProject_Project\workspace\Debug\dbg_console.o
 .debug_macro   0x0000138c       0x26 D:\ITESO\Tesis_Control_Catalizador\BaseProject_Project\workspace\Debug\dbg_console.o
 .debug_macro   0x000013b2      0xf9a D:\ITESO\Tesis_Control_Catalizador\BaseProject_Project\workspace\Debug\dbg_console.o
 .debug_macro   0x0000234c      0x16c D:\ITESO\Tesis_Control_Catalizador\BaseProject_Project\workspace\Debug\dbg_console.o
 .debug_macro   0x000024b8      0x24a D:\ITESO\Tesis_Control_Catalizador\BaseProject_Project\workspace\Debug\dbg_console.o
 .debug_macro   0x00002702      0xa00 D:\ITESO\Tesis_Control_Catalizador\BaseProject_Project\workspace\Debug\dbg_console.o
 .debug_macro   0x00003102      0x1b4 D:\ITESO\Tesis_Control_Catalizador\BaseProject_Project\workspace\Debug\dbg_console.o
 .debug_macro   0x000032b6      0x328 D:\ITESO\Tesis_Control_Catalizador\BaseProject_Project\workspace\Debug\dbg_console.o
 .debug_macro   0x000035de      0x15a D:\ITESO\Tesis_Control_Catalizador\BaseProject_Project\workspace\Debug\dbg_console.o
 .debug_macro   0x00003738      0xe71 D:\ITESO\Tesis_Control_Catalizador\BaseProject_Project\workspace\Debug\dbg_console.o
 .debug_macro   0x000045a9       0x1c D:\ITESO\Tesis_Control_Catalizador\BaseProject_Project\workspace\Debug\dbg_console.o
 .debug_macro   0x000045c5      0x67f D:\ITESO\Tesis_Control_Catalizador\BaseProject_Project\workspace\Debug\dbg_console.o
 .debug_macro   0x00004c44      0x310 D:\ITESO\Tesis_Control_Catalizador\BaseProject_Project\workspace\Debug\dbg_console.o
 .debug_macro   0x00004f54      0x4c7 D:\ITESO\Tesis_Control_Catalizador\BaseProject_Project\workspace\Debug\dbg_console.o
 .debug_macro   0x0000541b      0x26e D:\ITESO\Tesis_Control_Catalizador\BaseProject_Project\workspace\Debug\dbg_console.o
 .debug_macro   0x00005689     0x1324 D:\ITESO\Tesis_Control_Catalizador\BaseProject_Project\workspace\Debug\dbg_console.o
 .debug_macro   0x000069ad      0x280 D:\ITESO\Tesis_Control_Catalizador\BaseProject_Project\workspace\Debug\dbg_console.o
 .debug_macro   0x00006c2d     0x2ba3 D:\ITESO\Tesis_Control_Catalizador\BaseProject_Project\workspace\Debug\dbg_console.o
 .debug_macro   0x000097d0     0x101d D:\ITESO\Tesis_Control_Catalizador\BaseProject_Project\workspace\Debug\dbg_console.o
 .debug_macro   0x0000a7ed      0xe01 D:\ITESO\Tesis_Control_Catalizador\BaseProject_Project\workspace\Debug\dbg_console.o
 .debug_macro   0x0000b5ee      0x3a4 D:\ITESO\Tesis_Control_Catalizador\BaseProject_Project\workspace\Debug\dbg_console.o
 .debug_macro   0x0000b992       0xa0 D:\ITESO\Tesis_Control_Catalizador\BaseProject_Project\workspace\Debug\dbg_console.o
 .debug_macro   0x0000ba32       0x76 D:\ITESO\Tesis_Control_Catalizador\BaseProject_Project\workspace\Debug\dbg_console.o
 .debug_macro   0x0000baa8      0x3fb D:\ITESO\Tesis_Control_Catalizador\BaseProject_Project\workspace\Debug\dbg_console.o
 .debug_macro   0x0000bea3       0x64 D:\ITESO\Tesis_Control_Catalizador\BaseProject_Project\workspace\Debug\dbg_console.o
 .debug_macro   0x0000bf07      0x276 D:\ITESO\Tesis_Control_Catalizador\BaseProject_Project\workspace\Debug\dbg_console.o
 .debug_macro   0x0000c17d      0x1c4 D:\ITESO\Tesis_Control_Catalizador\BaseProject_Project\workspace\Debug\dbg_console.o
 .debug_macro   0x0000c341      0x23b D:\ITESO\Tesis_Control_Catalizador\BaseProject_Project\workspace\Debug\dbg_console.o
 .debug_macro   0x0000c57c      0x516 D:\ITESO\Tesis_Control_Catalizador\BaseProject_Project\workspace\Debug\dbg_console.o
 .debug_macro   0x0000ca92      0x62d D:\ITESO\Tesis_Control_Catalizador\BaseProject_Project\workspace\Debug\dbg_console.o
 .debug_macro   0x0000d0bf      0x6a9 D:\ITESO\Tesis_Control_Catalizador\BaseProject_Project\workspace\Debug\dbg_console.o
 .debug_macro   0x0000d768       0x4c D:\ITESO\Tesis_Control_Catalizador\BaseProject_Project\workspace\Debug\dbg_console.o
 .debug_macro   0x0000d7b4      0x45a D:\ITESO\Tesis_Control_Catalizador\BaseProject_Project\workspace\Debug\dbg_console.o
 .debug_macro   0x0000dc0e      0x1fb D:\ITESO\Tesis_Control_Catalizador\BaseProject_Project\workspace\Debug\dbg_console.o
 .debug_macro   0x0000de09      0x87d D:\ITESO\Tesis_Control_Catalizador\BaseProject_Project\workspace\Debug\dbg_console.o
 .debug_macro   0x0000e686     0x1547 D:\ITESO\Tesis_Control_Catalizador\BaseProject_Project\workspace\Debug\dbg_console.o
 .debug_macro   0x0000fbcd       0x40 D:\ITESO\Tesis_Control_Catalizador\BaseProject_Project\workspace\Debug\dbg_console.o
 .debug_macro   0x0000fc0d       0x76 D:\ITESO\Tesis_Control_Catalizador\BaseProject_Project\workspace\Debug\dbg_console.o
 .debug_macro   0x0000fc83      0xda0 D:\ITESO\Tesis_Control_Catalizador\BaseProject_Project\workspace\Debug\dbg_console.o
 .debug_macro   0x00010a23       0x82 D:\ITESO\Tesis_Control_Catalizador\BaseProject_Project\workspace\Debug\dbg_console.o
 .debug_macro   0x00010aa5       0x76 D:\ITESO\Tesis_Control_Catalizador\BaseProject_Project\workspace\Debug\dbg_console.o
 .debug_macro   0x00010b1b       0x4c D:\ITESO\Tesis_Control_Catalizador\BaseProject_Project\workspace\Debug\dbg_console.o
 .debug_macro   0x00010b67      0x126 D:\ITESO\Tesis_Control_Catalizador\BaseProject_Project\workspace\Debug\dbg_console.o
 .debug_macro   0x00010c8d      0x126 D:\ITESO\Tesis_Control_Catalizador\BaseProject_Project\workspace\Debug\dbg_console.o
 .debug_macro   0x00010db3      0x126 D:\ITESO\Tesis_Control_Catalizador\BaseProject_Project\workspace\Debug\dbg_console.o
 .debug_macro   0x00010ed9       0x6a D:\ITESO\Tesis_Control_Catalizador\BaseProject_Project\workspace\Debug\dbg_console.o
 .debug_macro   0x00010f43       0x6a D:\ITESO\Tesis_Control_Catalizador\BaseProject_Project\workspace\Debug\dbg_console.o
 .debug_macro   0x00010fad      0x313 D:\ITESO\Tesis_Control_Catalizador\BaseProject_Project\workspace\Debug\dbg_console.o
 .debug_macro   0x000112c0       0xb2 D:\ITESO\Tesis_Control_Catalizador\BaseProject_Project\workspace\Debug\dbg_console.o
 .debug_macro   0x00011372       0xb2 D:\ITESO\Tesis_Control_Catalizador\BaseProject_Project\workspace\Debug\dbg_console.o
 .debug_macro   0x00011424       0xb2 D:\ITESO\Tesis_Control_Catalizador\BaseProject_Project\workspace\Debug\dbg_console.o
 .debug_macro   0x000114d6      0x112 D:\ITESO\Tesis_Control_Catalizador\BaseProject_Project\workspace\Debug\dbg_console.o
 .debug_macro   0x000115e8      0x112 D:\ITESO\Tesis_Control_Catalizador\BaseProject_Project\workspace\Debug\dbg_console.o
 .debug_macro   0x000116fa      0x2cd D:\ITESO\Tesis_Control_Catalizador\BaseProject_Project\workspace\Debug\dbg_console.o
 .debug_macro   0x000119c7       0xb8 D:\ITESO\Tesis_Control_Catalizador\BaseProject_Project\workspace\Debug\dbg_console.o
 .debug_macro   0x00011a7f       0x5e D:\ITESO\Tesis_Control_Catalizador\BaseProject_Project\workspace\Debug\dbg_console.o
 .debug_macro   0x00011add       0x40 D:\ITESO\Tesis_Control_Catalizador\BaseProject_Project\workspace\Debug\dbg_console.o
 .debug_macro   0x00011b1d       0x4c D:\ITESO\Tesis_Control_Catalizador\BaseProject_Project\workspace\Debug\dbg_console.o
 .debug_macro   0x00011b69       0xa0 D:\ITESO\Tesis_Control_Catalizador\BaseProject_Project\workspace\Debug\dbg_console.o
 .debug_macro   0x00011c09      0x494 D:\ITESO\Tesis_Control_Catalizador\BaseProject_Project\workspace\Debug\dbg_console.o
 .debug_macro   0x0001209d      0x126 D:\ITESO\Tesis_Control_Catalizador\BaseProject_Project\workspace\Debug\dbg_console.o
 .debug_macro   0x000121c3       0x4c D:\ITESO\Tesis_Control_Catalizador\BaseProject_Project\workspace\Debug\dbg_console.o
 .debug_macro   0x0001220f      0x313 D:\ITESO\Tesis_Control_Catalizador\BaseProject_Project\workspace\Debug\dbg_console.o
 .debug_macro   0x00012522       0x6a D:\ITESO\Tesis_Control_Catalizador\BaseProject_Project\workspace\Debug\dbg_console.o
 .debug_macro   0x0001258c       0xb8 D:\ITESO\Tesis_Control_Catalizador\BaseProject_Project\workspace\Debug\dbg_console.o
 .debug_macro   0x00012644       0x76 D:\ITESO\Tesis_Control_Catalizador\BaseProject_Project\workspace\Debug\dbg_console.o
 .debug_macro   0x000126ba       0x6a D:\ITESO\Tesis_Control_Catalizador\BaseProject_Project\workspace\Debug\dbg_console.o
 .debug_macro   0x00012724       0x2e D:\ITESO\Tesis_Control_Catalizador\BaseProject_Project\workspace\Debug\dbg_console.o
 .debug_macro   0x00012752      0x9b1 D:\ITESO\Tesis_Control_Catalizador\BaseProject_Project\workspace\Debug\dbg_console.o
 .debug_macro   0x00013103       0x6a D:\ITESO\Tesis_Control_Catalizador\BaseProject_Project\workspace\Debug\dbg_console.o
 .debug_macro   0x0001316d       0x88 D:\ITESO\Tesis_Control_Catalizador\BaseProject_Project\workspace\Debug\dbg_console.o
 .debug_macro   0x000131f5       0x58 D:\ITESO\Tesis_Control_Catalizador\BaseProject_Project\workspace\Debug\dbg_console.o
 .debug_macro   0x0001324d       0xa6 D:\ITESO\Tesis_Control_Catalizador\BaseProject_Project\workspace\Debug\dbg_console.o
 .debug_macro   0x000132f3       0x16 D:\ITESO\Tesis_Control_Catalizador\BaseProject_Project\workspace\Debug\dbg_console.o
 .debug_macro   0x00013309       0xe2 D:\ITESO\Tesis_Control_Catalizador\BaseProject_Project\workspace\Debug\dbg_console.o
 .debug_macro   0x000133eb       0x4c D:\ITESO\Tesis_Control_Catalizador\BaseProject_Project\workspace\Debug\dbg_console.o
 .debug_macro   0x00013437       0x16 D:\ITESO\Tesis_Control_Catalizador\BaseProject_Project\workspace\Debug\dbg_console.o
 .debug_macro   0x0001344d       0x4c D:\ITESO\Tesis_Control_Catalizador\BaseProject_Project\workspace\Debug\dbg_console.o
 .debug_macro   0x00013499       0x2e D:\ITESO\Tesis_Control_Catalizador\BaseProject_Project\workspace\Debug\dbg_console.o
 .debug_macro   0x000134c7      0x19e D:\ITESO\Tesis_Control_Catalizador\BaseProject_Project\workspace\Debug\dbg_console.o
 .debug_macro   0x00013665      0x19e D:\ITESO\Tesis_Control_Catalizador\BaseProject_Project\workspace\Debug\dbg_console.o
 .debug_macro   0x00013803      0x19e D:\ITESO\Tesis_Control_Catalizador\BaseProject_Project\workspace\Debug\dbg_console.o
 .debug_macro   0x000139a1      0x19e D:\ITESO\Tesis_Control_Catalizador\BaseProject_Project\workspace\Debug\dbg_console.o
 .debug_macro   0x00013b3f      0x19e D:\ITESO\Tesis_Control_Catalizador\BaseProject_Project\workspace\Debug\dbg_console.o
 .debug_macro   0x00013cdd       0x1c D:\ITESO\Tesis_Control_Catalizador\BaseProject_Project\workspace\Debug\dbg_console.o
 .debug_macro   0x00013cf9       0x2e D:\ITESO\Tesis_Control_Catalizador\BaseProject_Project\workspace\Debug\dbg_console.o
 .debug_macro   0x00013d27       0x22 D:\ITESO\Tesis_Control_Catalizador\BaseProject_Project\workspace\Debug\dbg_console.o
 .debug_macro   0x00013d49       0x1c D:\ITESO\Tesis_Control_Catalizador\BaseProject_Project\workspace\Debug\dbg_console.o
 .debug_macro   0x00013d65       0x52 D:\ITESO\Tesis_Control_Catalizador\BaseProject_Project\workspace\Debug\dbg_console.o
 .debug_macro   0x00013db7       0x10 D:\ITESO\Tesis_Control_Catalizador\BaseProject_Project\workspace\Debug\dbg_console.o
 .debug_macro   0x00013dc7       0x1c D:\ITESO\Tesis_Control_Catalizador\BaseProject_Project\workspace\Debug\dbg_console.o
 .debug_macro   0x00013de3       0x4c D:\ITESO\Tesis_Control_Catalizador\BaseProject_Project\workspace\Debug\dbg_console.o
 .debug_macro   0x00013e2f       0x4c D:\ITESO\Tesis_Control_Catalizador\BaseProject_Project\workspace\Debug\dbg_console.o
 .debug_macro   0x00013e7b       0x4c D:\ITESO\Tesis_Control_Catalizador\BaseProject_Project\workspace\Debug\dbg_console.o
 .debug_macro   0x00013ec7      0x329 D:\ITESO\Tesis_Control_Catalizador\BaseProject_Project\workspace\Debug\dbg_console.o
 .debug_macro   0x000141f0     0x1028 D:\ITESO\Tesis_Control_Catalizador\BaseProject_Project\workspace\Debug\dbg_console.o
 .debug_macro   0x00015218      0x107 D:\ITESO\Tesis_Control_Catalizador\BaseProject_Project\workspace\Debug\dbg_console.o
 .debug_macro   0x0001531f      0x166 D:\ITESO\Tesis_Control_Catalizador\BaseProject_Project\workspace\Debug\dbg_console.o
 .debug_macro   0x00015485       0x58 D:\ITESO\Tesis_Control_Catalizador\BaseProject_Project\workspace\Debug\dbg_console.o
 .debug_macro   0x000154dd       0x35 D:\ITESO\Tesis_Control_Catalizador\BaseProject_Project\workspace\Debug\dbg_console.o
 .debug_macro   0x00015512       0x9c D:\ITESO\Tesis_Control_Catalizador\BaseProject_Project\workspace\Debug\dbg_console.o
 .debug_macro   0x000155ae       0x16 D:\ITESO\Tesis_Control_Catalizador\BaseProject_Project\workspace\Debug\dbg_console.o
 .debug_macro   0x000155c4       0x35 D:\ITESO\Tesis_Control_Catalizador\BaseProject_Project\workspace\Debug\dbg_console.o
 .debug_macro   0x000155f9       0x52 D:\ITESO\Tesis_Control_Catalizador\BaseProject_Project\workspace\Debug\dbg_console.o
 .debug_macro   0x0001564b       0x16 D:\ITESO\Tesis_Control_Catalizador\BaseProject_Project\workspace\Debug\dbg_console.o
 .debug_macro   0x00015661       0x43 D:\ITESO\Tesis_Control_Catalizador\BaseProject_Project\workspace\Debug\dbg_console.o
 .debug_macro   0x000156a4      0x180 D:\ITESO\Tesis_Control_Catalizador\BaseProject_Project\workspace\Debug\dbg_console.o
 .debug_macro   0x00015824      0x29d D:\ITESO\Tesis_Control_Catalizador\BaseProject_Project\workspace\Debug\dbg_console.o
 .debug_macro   0x00015ac1       0x16 D:\ITESO\Tesis_Control_Catalizador\BaseProject_Project\workspace\Debug\dbg_console.o
 .debug_macro   0x00015ad7       0x29 D:\ITESO\Tesis_Control_Catalizador\BaseProject_Project\workspace\Debug\dbg_console.o
 .debug_macro   0x00015b00       0x22 D:\ITESO\Tesis_Control_Catalizador\BaseProject_Project\workspace\Debug\dbg_console.o
 .debug_macro   0x00015b22      0x159 D:\ITESO\Tesis_Control_Catalizador\BaseProject_Project\workspace\Debug\dbg_console.o
 .debug_macro   0x00015c7b       0x5e D:\ITESO\Tesis_Control_Catalizador\BaseProject_Project\workspace\Debug\dbg_console.o
 .debug_macro   0x00015cd9       0x91 D:\ITESO\Tesis_Control_Catalizador\BaseProject_Project\workspace\Debug\dbg_console.o
 .debug_macro   0x00015d6a      0x19e D:\ITESO\Tesis_Control_Catalizador\BaseProject_Project\workspace\Debug\dbg_console.o
 .debug_macro   0x00015f08       0x3a D:\ITESO\Tesis_Control_Catalizador\BaseProject_Project\workspace\Debug\dbg_console.o
 .debug_macro   0x00015f42       0x52 D:\ITESO\Tesis_Control_Catalizador\BaseProject_Project\workspace\Debug\dbg_console.o
 .debug_macro   0x00015f94       0x1c D:\ITESO\Tesis_Control_Catalizador\BaseProject_Project\workspace\Debug\dbg_console.o
 .debug_macro   0x00015fb0       0x10 D:\ITESO\Tesis_Control_Catalizador\BaseProject_Project\workspace\Debug\dbg_console.o
 .debug_macro   0x00015fc0       0x10 D:\ITESO\Tesis_Control_Catalizador\BaseProject_Project\workspace\Debug\dbg_console.o
 .debug_macro   0x00015fd0       0x22 D:\ITESO\Tesis_Control_Catalizador\BaseProject_Project\workspace\Debug\dbg_console.o
 .debug_macro   0x00015ff2       0xbe D:\ITESO\Tesis_Control_Catalizador\BaseProject_Project\workspace\Debug\dbg_console.o
 .debug_macro   0x000160b0       0x16 D:\ITESO\Tesis_Control_Catalizador\BaseProject_Project\workspace\Debug\dbg_console.o
 .debug_macro   0x000160c6      0x197 D:\ITESO\Tesis_Control_Catalizador\BaseProject_Project\workspace\Debug\dbg_console.o
 .debug_macro   0x0001625d       0x93 D:\ITESO\Tesis_Control_Catalizador\BaseProject_Project\workspace\Debug\dbg_console.o
 .debug_macro   0x000162f0       0x2e D:\ITESO\Tesis_Control_Catalizador\BaseProject_Project\workspace\Debug\dbg_console.o
 .debug_macro   0x0001631e       0x2e D:\ITESO\Tesis_Control_Catalizador\BaseProject_Project\workspace\Debug\dbg_console.o
 .debug_macro   0x0001634c       0x16 D:\ITESO\Tesis_Control_Catalizador\BaseProject_Project\workspace\Debug\dbg_console.o
 .debug_macro   0x00016362       0x76 D:\ITESO\Tesis_Control_Catalizador\BaseProject_Project\workspace\Debug\dbg_console.o
 .debug_macro   0x000163d8       0x10 D:\ITESO\Tesis_Control_Catalizador\BaseProject_Project\workspace\Debug\dbg_console.o
 .debug_macro   0x000163e8       0x52 D:\ITESO\Tesis_Control_Catalizador\BaseProject_Project\workspace\Debug\dbg_console.o
 .debug_macro   0x0001643a       0x16 D:\ITESO\Tesis_Control_Catalizador\BaseProject_Project\workspace\Debug\dbg_console.o
 .debug_macro   0x00016450       0x10 D:\ITESO\Tesis_Control_Catalizador\BaseProject_Project\workspace\Debug\dbg_console.o
 .debug_macro   0x00016460       0x10 D:\ITESO\Tesis_Control_Catalizador\BaseProject_Project\workspace\Debug\dbg_console.o
 .debug_macro   0x00016470       0x10 D:\ITESO\Tesis_Control_Catalizador\BaseProject_Project\workspace\Debug\dbg_console.o
 .debug_macro   0x00016480       0x35 D:\ITESO\Tesis_Control_Catalizador\BaseProject_Project\workspace\Debug\dbg_console.o
 .debug_macro   0x000164b5      0x122 D:\ITESO\Tesis_Control_Catalizador\BaseProject_Project\workspace\Debug\dbg_console.o
 .debug_macro   0x000165d7      0x452 D:\ITESO\Tesis_Control_Catalizador\BaseProject_Project\workspace\Debug\dbg_console.o
 .debug_macro   0x00016a29      0x701 D:\ITESO\Tesis_Control_Catalizador\BaseProject_Project\workspace\Debug\board_lowlevel.o
 .debug_macro   0x0001712a      0x664 D:\ITESO\Tesis_Control_Catalizador\BaseProject_Project\workspace\Debug\exceptions.o
 .debug_macro   0x0001778e      0x664 D:\ITESO\Tesis_Control_Catalizador\BaseProject_Project\workspace\Debug\pio.o
 .debug_macro   0x00017df2      0x664 D:\ITESO\Tesis_Control_Catalizador\BaseProject_Project\workspace\Debug\mpu.o
 .debug_macro   0x00018456      0x67a D:\ITESO\Tesis_Control_Catalizador\BaseProject_Project\workspace\Debug\pmc.o
 .debug_macro   0x00018ad0       0x10 D:\ITESO\Tesis_Control_Catalizador\BaseProject_Project\workspace\Debug\pmc.o
 .debug_macro   0x00018ae0      0x664 D:\ITESO\Tesis_Control_Catalizador\BaseProject_Project\workspace\Debug\wdt.o
 .debug_macro   0x00019144      0x674 D:\ITESO\Tesis_Control_Catalizador\BaseProject_Project\workspace\Debug\pio_it.o
 .debug_macro   0x000197b8      0x539 D:\ITESO\Tesis_Control_Catalizador\BaseProject_Project\workspace\Debug\fpu.o
 .debug_macro   0x00019cf1      0x556 D:\ITESO\Tesis_Control_Catalizador\BaseProject_Project\workspace\Debug\twihs.o
 .debug_macro   0x0001a247       0x46 D:\ITESO\Tesis_Control_Catalizador\BaseProject_Project\workspace\Debug\twihs.o
 .debug_macro   0x0001a28d      0x71f D:\ITESO\Tesis_Control_Catalizador\BaseProject_Project\workspace\Debug\syscalls.o
 .debug_macro   0x0001a9ac       0x10 D:\ITESO\Tesis_Control_Catalizador\BaseProject_Project\workspace\Debug\syscalls.o
 .debug_macro   0x0001a9bc      0x241 D:\ITESO\Tesis_Control_Catalizador\BaseProject_Project\workspace\Debug\syscalls.o
 .debug_macro   0x0001abfd      0x460 D:\ITESO\Tesis_Control_Catalizador\BaseProject_Project\workspace\Debug\system_sam.o
 .debug_macro   0x0001b05d      0x711 D:\ITESO\Tesis_Control_Catalizador\BaseProject_Project\workspace\Debug\timetick.o
 .debug_macro   0x0001b76e      0x66e D:\ITESO\Tesis_Control_Catalizador\BaseProject_Project\workspace\Debug\app_scheduler.o
 .debug_macro   0x0001bddc       0x58 D:\ITESO\Tesis_Control_Catalizador\BaseProject_Project\workspace\Debug\app_scheduler.o
 .debug_macro   0x0001be34       0x50 D:\ITESO\Tesis_Control_Catalizador\BaseProject_Project\workspace\Debug\app_scheduler.o
 .debug_macro   0x0001be84       0x68 D:\ITESO\Tesis_Control_Catalizador\BaseProject_Project\workspace\Debug\Tasks.o
 .debug_macro   0x0001beec      0x701 D:\ITESO\Tesis_Control_Catalizador\BaseProject_Project\workspace\Debug\led.o
 .debug_macro   0x0001c5ed      0x70e D:\ITESO\Tesis_Control_Catalizador\BaseProject_Project\workspace\Debug\SHT.o
 .debug_macro   0x0001ccfb       0x16 D:\ITESO\Tesis_Control_Catalizador\BaseProject_Project\workspace\Debug\SHT.o
 .debug_macro   0x0001cd11       0x4a D:\ITESO\Tesis_Control_Catalizador\BaseProject_Project\workspace\Debug\SHT.o
 .debug_macro   0x0001cd5b       0x97 D:\ITESO\Tesis_Control_Catalizador\BaseProject_Project\workspace\Debug\SHT.o
 .debug_macro   0x0001cdf2       0xef D:\ITESO\Tesis_Control_Catalizador\BaseProject_Project\workspace\Debug\SHT.o
 .debug_macro   0x0001cee1       0x10 D:\ITESO\Tesis_Control_Catalizador\BaseProject_Project\workspace\Debug\SHT.o
 .debug_macro   0x0001cef1       0x5e D:\ITESO\Tesis_Control_Catalizador\BaseProject_Project\workspace\Debug\SHT.o
 .debug_macro   0x0001cf4f       0x99 D:\ITESO\Tesis_Control_Catalizador\BaseProject_Project\workspace\Debug\SHT.o
 .debug_macro   0x0001cfe8      0x72f D:\ITESO\Tesis_Control_Catalizador\BaseProject_Project\workspace\Debug\main.o
 .debug_macro   0x0001d717       0x5e D:\ITESO\Tesis_Control_Catalizador\BaseProject_Project\workspace\Debug\main.o
 .debug_macro   0x0001d775       0x4c D:\ITESO\Tesis_Control_Catalizador\BaseProject_Project\workspace\Debug\main.o
 .debug_macro   0x0001d7c1      0x14f D:\ITESO\Tesis_Control_Catalizador\BaseProject_Project\workspace\Debug\SensingEnvironment.o
 .debug_macro   0x0001d910      0x448 D:\ITESO\Tesis_Control_Catalizador\BaseProject_Project\workspace\Debug\startup_sam.o

.debug_line     0x00000000    0x14709
 .debug_line    0x00000000     0x1553 D:\ITESO\Tesis_Control_Catalizador\BaseProject_Project\workspace\Debug\dbg_console.o
 .debug_line    0x00001553     0x1411 D:\ITESO\Tesis_Control_Catalizador\BaseProject_Project\workspace\Debug\board_lowlevel.o
 .debug_line    0x00002964     0x120c D:\ITESO\Tesis_Control_Catalizador\BaseProject_Project\workspace\Debug\exceptions.o
 .debug_line    0x00003b70     0x1257 D:\ITESO\Tesis_Control_Catalizador\BaseProject_Project\workspace\Debug\pio.o
 .debug_line    0x00004dc7     0x11de D:\ITESO\Tesis_Control_Catalizador\BaseProject_Project\workspace\Debug\mpu.o
 .debug_line    0x00005fa5     0x1358 D:\ITESO\Tesis_Control_Catalizador\BaseProject_Project\workspace\Debug\pmc.o
 .debug_line    0x000072fd     0x11b1 D:\ITESO\Tesis_Control_Catalizador\BaseProject_Project\workspace\Debug\wdt.o
 .debug_line    0x000084ae     0x1256 D:\ITESO\Tesis_Control_Catalizador\BaseProject_Project\workspace\Debug\pio_it.o
 .debug_line    0x00009704      0xd08 D:\ITESO\Tesis_Control_Catalizador\BaseProject_Project\workspace\Debug\fpu.o
 .debug_line    0x0000a40c      0xe0f D:\ITESO\Tesis_Control_Catalizador\BaseProject_Project\workspace\Debug\twihs.o
 .debug_line    0x0000b21b     0x1404 D:\ITESO\Tesis_Control_Catalizador\BaseProject_Project\workspace\Debug\syscalls.o
 .debug_line    0x0000c61f      0xc87 D:\ITESO\Tesis_Control_Catalizador\BaseProject_Project\workspace\Debug\system_sam.o
 .debug_line    0x0000d2a6     0x13d8 D:\ITESO\Tesis_Control_Catalizador\BaseProject_Project\workspace\Debug\timetick.o
 .debug_line    0x0000e67e     0x127f D:\ITESO\Tesis_Control_Catalizador\BaseProject_Project\workspace\Debug\app_scheduler.o
 .debug_line    0x0000f8fd      0x24e D:\ITESO\Tesis_Control_Catalizador\BaseProject_Project\workspace\Debug\Tasks.o
 .debug_line    0x0000fb4b     0x1363 D:\ITESO\Tesis_Control_Catalizador\BaseProject_Project\workspace\Debug\led.o
 .debug_line    0x00010eae     0x13bb D:\ITESO\Tesis_Control_Catalizador\BaseProject_Project\workspace\Debug\SHT.o
 .debug_line    0x00012269     0x153b D:\ITESO\Tesis_Control_Catalizador\BaseProject_Project\workspace\Debug\main.o
 .debug_line    0x000137a4      0x371 D:\ITESO\Tesis_Control_Catalizador\BaseProject_Project\workspace\Debug\SensingEnvironment.o
 .debug_line    0x00013b15      0xbf4 D:\ITESO\Tesis_Control_Catalizador\BaseProject_Project\workspace\Debug\startup_sam.o

.debug_str      0x00000000    0x7a10e
 .debug_str     0x00000000    0x76e8f D:\ITESO\Tesis_Control_Catalizador\BaseProject_Project\workspace\Debug\dbg_console.o
                              0x7747b (size before relaxing)
 .debug_str     0x00076e8f      0x21a D:\ITESO\Tesis_Control_Catalizador\BaseProject_Project\workspace\Debug\board_lowlevel.o
                              0x76b45 (size before relaxing)
 .debug_str     0x000770a9       0xcc D:\ITESO\Tesis_Control_Catalizador\BaseProject_Project\workspace\Debug\exceptions.o
                              0x73c38 (size before relaxing)
 .debug_str     0x00077175      0x1fa D:\ITESO\Tesis_Control_Catalizador\BaseProject_Project\workspace\Debug\pio.o
                              0x73ec9 (size before relaxing)
 .debug_str     0x0007736f      0x1ae D:\ITESO\Tesis_Control_Catalizador\BaseProject_Project\workspace\Debug\mpu.o
                              0x73b83 (size before relaxing)
 .debug_str     0x0007751d      0x477 D:\ITESO\Tesis_Control_Catalizador\BaseProject_Project\workspace\Debug\pmc.o
                              0x73e7f (size before relaxing)
 .debug_str     0x00077994       0xfc D:\ITESO\Tesis_Control_Catalizador\BaseProject_Project\workspace\Debug\wdt.o
                              0x73aac (size before relaxing)
 .debug_str     0x00077a90      0x4a5 D:\ITESO\Tesis_Control_Catalizador\BaseProject_Project\workspace\Debug\pio_it.o
                              0x74380 (size before relaxing)
 .debug_str     0x00077f35       0xfc D:\ITESO\Tesis_Control_Catalizador\BaseProject_Project\workspace\Debug\fpu.o
                              0x70dfe (size before relaxing)
 .debug_str     0x00078031      0x5a3 D:\ITESO\Tesis_Control_Catalizador\BaseProject_Project\workspace\Debug\twihs.o
                              0x712d2 (size before relaxing)
 .debug_str     0x000785d4      0x5f4 D:\ITESO\Tesis_Control_Catalizador\BaseProject_Project\workspace\Debug\syscalls.o
                              0x76f68 (size before relaxing)
 .debug_str     0x00078bc8      0x25f D:\ITESO\Tesis_Control_Catalizador\BaseProject_Project\workspace\Debug\system_sam.o
                              0x6e242 (size before relaxing)
 .debug_str     0x00078e27      0x23d D:\ITESO\Tesis_Control_Catalizador\BaseProject_Project\workspace\Debug\timetick.o
                              0x771b7 (size before relaxing)
 .debug_str     0x00079064      0x39f D:\ITESO\Tesis_Control_Catalizador\BaseProject_Project\workspace\Debug\app_scheduler.o
                              0x73d5c (size before relaxing)
 .debug_str     0x00079403       0xfe D:\ITESO\Tesis_Control_Catalizador\BaseProject_Project\workspace\Debug\Tasks.o
                               0x31a3 (size before relaxing)
 .debug_str     0x00079501       0xd8 D:\ITESO\Tesis_Control_Catalizador\BaseProject_Project\workspace\Debug\led.o
                              0x76ca1 (size before relaxing)
 .debug_str     0x000795d9      0x288 D:\ITESO\Tesis_Control_Catalizador\BaseProject_Project\workspace\Debug\SHT.o
                              0x76bab (size before relaxing)
 .debug_str     0x00079861       0xfb D:\ITESO\Tesis_Control_Catalizador\BaseProject_Project\workspace\Debug\main.o
                              0x76f00 (size before relaxing)
 .debug_str     0x0007995c      0x198 D:\ITESO\Tesis_Control_Catalizador\BaseProject_Project\workspace\Debug\SensingEnvironment.o
                               0x64a1 (size before relaxing)
 .debug_str     0x00079af4      0x61a D:\ITESO\Tesis_Control_Catalizador\BaseProject_Project\workspace\Debug\startup_sam.o
                              0x6e607 (size before relaxing)

.comment        0x00000000       0x70
 .comment       0x00000000       0x70 D:\ITESO\Tesis_Control_Catalizador\BaseProject_Project\workspace\Debug\dbg_console.o
                                 0x71 (size before relaxing)
 .comment       0x00000000       0x71 D:\ITESO\Tesis_Control_Catalizador\BaseProject_Project\workspace\Debug\board_lowlevel.o
 .comment       0x00000000       0x71 D:\ITESO\Tesis_Control_Catalizador\BaseProject_Project\workspace\Debug\exceptions.o
 .comment       0x00000000       0x71 D:\ITESO\Tesis_Control_Catalizador\BaseProject_Project\workspace\Debug\pio.o
 .comment       0x00000000       0x71 D:\ITESO\Tesis_Control_Catalizador\BaseProject_Project\workspace\Debug\mpu.o
 .comment       0x00000000       0x71 D:\ITESO\Tesis_Control_Catalizador\BaseProject_Project\workspace\Debug\pmc.o
 .comment       0x00000000       0x71 D:\ITESO\Tesis_Control_Catalizador\BaseProject_Project\workspace\Debug\wdt.o
 .comment       0x00000000       0x71 D:\ITESO\Tesis_Control_Catalizador\BaseProject_Project\workspace\Debug\pio_it.o
 .comment       0x00000000       0x71 D:\ITESO\Tesis_Control_Catalizador\BaseProject_Project\workspace\Debug\fpu.o
 .comment       0x00000000       0x71 D:\ITESO\Tesis_Control_Catalizador\BaseProject_Project\workspace\Debug\twihs.o
 .comment       0x00000000       0x71 D:\ITESO\Tesis_Control_Catalizador\BaseProject_Project\workspace\Debug\syscalls.o
 .comment       0x00000000       0x71 D:\ITESO\Tesis_Control_Catalizador\BaseProject_Project\workspace\Debug\system_sam.o
 .comment       0x00000000       0x71 D:\ITESO\Tesis_Control_Catalizador\BaseProject_Project\workspace\Debug\timetick.o
 .comment       0x00000000       0x71 D:\ITESO\Tesis_Control_Catalizador\BaseProject_Project\workspace\Debug\app_scheduler.o
 .comment       0x00000000       0x71 D:\ITESO\Tesis_Control_Catalizador\BaseProject_Project\workspace\Debug\Tasks.o
 .comment       0x00000000       0x71 D:\ITESO\Tesis_Control_Catalizador\BaseProject_Project\workspace\Debug\led.o
 .comment       0x00000000       0x71 D:\ITESO\Tesis_Control_Catalizador\BaseProject_Project\workspace\Debug\SHT.o
 .comment       0x00000000       0x71 D:\ITESO\Tesis_Control_Catalizador\BaseProject_Project\workspace\Debug\main.o
 .comment       0x00000000       0x71 D:\ITESO\Tesis_Control_Catalizador\BaseProject_Project\workspace\Debug\SensingEnvironment.o
 .comment       0x00000000       0x71 D:\ITESO\Tesis_Control_Catalizador\BaseProject_Project\workspace\Debug\startup_sam.o

.ARM.attributes
                0x00000000       0x35
 .ARM.attributes
                0x00000000       0x37 D:\ITESO\Tesis_Control_Catalizador\BaseProject_Project\workspace\Debug\dbg_console.o
 .ARM.attributes
                0x00000037       0x37 D:\ITESO\Tesis_Control_Catalizador\BaseProject_Project\workspace\Debug\board_lowlevel.o
 .ARM.attributes
                0x0000006e       0x37 D:\ITESO\Tesis_Control_Catalizador\BaseProject_Project\workspace\Debug\exceptions.o
 .ARM.attributes
                0x000000a5       0x37 D:\ITESO\Tesis_Control_Catalizador\BaseProject_Project\workspace\Debug\pio.o
 .ARM.attributes
                0x000000dc       0x37 D:\ITESO\Tesis_Control_Catalizador\BaseProject_Project\workspace\Debug\mpu.o
 .ARM.attributes
                0x00000113       0x37 D:\ITESO\Tesis_Control_Catalizador\BaseProject_Project\workspace\Debug\pmc.o
 .ARM.attributes
                0x0000014a       0x37 D:\ITESO\Tesis_Control_Catalizador\BaseProject_Project\workspace\Debug\wdt.o
 .ARM.attributes
                0x00000181       0x37 D:\ITESO\Tesis_Control_Catalizador\BaseProject_Project\workspace\Debug\pio_it.o
 .ARM.attributes
                0x000001b8       0x37 D:\ITESO\Tesis_Control_Catalizador\BaseProject_Project\workspace\Debug\fpu.o
 .ARM.attributes
                0x000001ef       0x37 D:\ITESO\Tesis_Control_Catalizador\BaseProject_Project\workspace\Debug\twihs.o
 .ARM.attributes
                0x00000226       0x37 D:\ITESO\Tesis_Control_Catalizador\BaseProject_Project\workspace\Debug\syscalls.o
 .ARM.attributes
                0x0000025d       0x37 D:\ITESO\Tesis_Control_Catalizador\BaseProject_Project\workspace\Debug\system_sam.o
 .ARM.attributes
                0x00000294       0x37 D:\ITESO\Tesis_Control_Catalizador\BaseProject_Project\workspace\Debug\timetick.o
 .ARM.attributes
                0x000002cb       0x37 D:\ITESO\Tesis_Control_Catalizador\BaseProject_Project\workspace\Debug\app_scheduler.o
 .ARM.attributes
                0x00000302       0x37 D:\ITESO\Tesis_Control_Catalizador\BaseProject_Project\workspace\Debug\Tasks.o
 .ARM.attributes
                0x00000339       0x37 D:\ITESO\Tesis_Control_Catalizador\BaseProject_Project\workspace\Debug\led.o
 .ARM.attributes
                0x00000370       0x37 D:\ITESO\Tesis_Control_Catalizador\BaseProject_Project\workspace\Debug\SHT.o
 .ARM.attributes
                0x000003a7       0x37 D:\ITESO\Tesis_Control_Catalizador\BaseProject_Project\workspace\Debug\main.o
 .ARM.attributes
                0x000003de       0x37 D:\ITESO\Tesis_Control_Catalizador\BaseProject_Project\workspace\Debug\SensingEnvironment.o
 .ARM.attributes